Port monitor named: Port1_e1[9].prt

nx        = 39
ny        = 63
nz        = 88

nu        = 12
nv        = 21
iu        = 39
iv        = 10

idir      = 1
dcut      = 5.000000e-002
icut      = 57
type      = 0
frequency = 9.000000e+009

fcutoff   = 6.554545e+009
alpha     = 0.000000e+000
beta      = 1.292297e+002
accuracy  = 1.411198e-011

type          = TE
wave imp.     = 5.498823e+002
wave imp.sig. = 7.284186e-006
line imp.     = 0.000000e+000

ref. port     = 0

0.000000e+000  0.000000e+000  0.000000e+000  0.000000e+000  0.000000e+000  0.000000e+000  0.000000e+000  0.000000e+000  0.000000e+000  0.000000e+000  0.000000e+000  0.000000e+000  
2.103236e+002  2.103236e+002  2.103236e+002  2.103236e+002  2.103236e+002  2.103237e+002  2.103236e+002  2.103236e+002  2.103236e+002  2.103236e+002  2.103236e+002  0.000000e+000  
4.188810e+002  4.188810e+002  4.188810e+002  4.188810e+002  4.188810e+002  4.188810e+002  4.188810e+002  4.188810e+002  4.188810e+002  4.188810e+002  4.188810e+002  0.000000e+000  
6.234968e+002  6.234968e+002  6.234968e+002  6.234968e+002  6.234968e+002  6.234969e+002  6.234968e+002  6.234968e+002  6.234968e+002  6.234968e+002  6.234968e+002  0.000000e+000  
8.964283e+002  8.964283e+002  8.964283e+002  8.964284e+002  8.964283e+002  8.964284e+002  8.964283e+002  8.964284e+002  8.964283e+002  8.964283e+002  8.964283e+002  0.000000e+000  
1.249565e+003  1.249565e+003  1.249565e+003  1.249565e+003  1.249565e+003  1.249565e+003  1.249565e+003  1.249565e+003  1.249565e+003  1.249565e+003  1.249565e+003  0.000000e+000  
1.567359e+003  1.567359e+003  1.567359e+003  1.567359e+003  1.567359e+003  1.567359e+003  1.567359e+003  1.567359e+003  1.567359e+003  1.567359e+003  1.567359e+003  0.000000e+000  
1.827532e+003  1.827532e+003  1.827532e+003  1.827532e+003  1.827532e+003  1.827532e+003  1.827532e+003  1.827532e+003  1.827532e+003  1.827532e+003  1.827532e+003  0.000000e+000  
2.020518e+003  2.020518e+003  2.020518e+003  2.020518e+003  2.020518e+003  2.020518e+003  2.020518e+003  2.020518e+003  2.020518e+003  2.020518e+003  2.020518e+003  0.000000e+000  
2.139222e+003  2.139222e+003  2.139222e+003  2.139222e+003  2.139222e+003  2.139222e+003  2.139222e+003  2.139222e+003  2.139222e+003  2.139222e+003  2.139222e+003  0.000000e+000  
2.179281e+003  2.179281e+003  2.179281e+003  2.179281e+003  2.179281e+003  2.179281e+003  2.179281e+003  2.179281e+003  2.179281e+003  2.179281e+003  2.179281e+003  0.000000e+000  
2.139222e+003  2.139222e+003  2.139222e+003  2.139222e+003  2.139222e+003  2.139222e+003  2.139222e+003  2.139222e+003  2.139222e+003  2.139222e+003  2.139222e+003  0.000000e+000  
2.020518e+003  2.020518e+003  2.020518e+003  2.020518e+003  2.020518e+003  2.020518e+003  2.020518e+003  2.020518e+003  2.020518e+003  2.020518e+003  2.020518e+003  0.000000e+000  
1.827532e+003  1.827532e+003  1.827532e+003  1.827532e+003  1.827532e+003  1.827532e+003  1.827532e+003  1.827532e+003  1.827532e+003  1.827532e+003  1.827532e+003  0.000000e+000  
1.567359e+003  1.567359e+003  1.567359e+003  1.567359e+003  1.567359e+003  1.567359e+003  1.567359e+003  1.567359e+003  1.567359e+003  1.567359e+003  1.567359e+003  0.000000e+000  
1.249565e+003  1.249565e+003  1.249565e+003  1.249565e+003  1.249565e+003  1.249565e+003  1.249565e+003  1.249565e+003  1.249565e+003  1.249565e+003  1.249565e+003  0.000000e+000  
8.964283e+002  8.964283e+002  8.964283e+002  8.964284e+002  8.964283e+002  8.964284e+002  8.964283e+002  8.964284e+002  8.964283e+002  8.964283e+002  8.964283e+002  0.000000e+000  
6.234968e+002  6.234968e+002  6.234968e+002  6.234968e+002  6.234968e+002  6.234969e+002  6.234968e+002  6.234968e+002  6.234968e+002  6.234968e+002  6.234968e+002  0.000000e+000  
4.188810e+002  4.188810e+002  4.188810e+002  4.188810e+002  4.188810e+002  4.188810e+002  4.188810e+002  4.188810e+002  4.188810e+002  4.188810e+002  4.188810e+002  0.000000e+000  
2.103236e+002  2.103236e+002  2.103236e+002  2.103236e+002  2.103236e+002  2.103237e+002  2.103236e+002  2.103236e+002  2.103236e+002  2.103236e+002  2.103236e+002  0.000000e+000  
0.000000e+000  0.000000e+000  0.000000e+000  0.000000e+000  0.000000e+000  0.000000e+000  0.000000e+000  0.000000e+000  0.000000e+000  0.000000e+000  0.000000e+000  0.000000e+000  

0.000000e+000  5.455504e-006  1.231609e-005  2.387879e-005  2.022050e-006  3.387710e-006  -3.387389e-006  -2.019981e-006  -2.387820e-005  -1.231298e-005  -5.455279e-006  0.000000e+000  
0.000000e+000  3.978670e-006  7.445184e-006  7.840897e-006  1.693932e-006  4.304567e-006  -4.303256e-006  -1.690776e-006  -7.839895e-006  -7.444349e-006  -3.975065e-006  0.000000e+000  
0.000000e+000  2.986648e-006  5.607854e-006  7.067130e-006  1.048958e-006  5.780016e-006  -5.778835e-006  -1.048936e-006  -7.065669e-006  -5.608760e-006  -2.986523e-006  0.000000e+000  
0.000000e+000  2.215088e-006  4.761179e-006  9.060868e-006  1.741150e-005  5.454735e-008  -5.335316e-008  -1.741261e-005  -9.063237e-006  -4.760349e-006  -2.217053e-006  0.000000e+000  
0.000000e+000  3.357606e-007  -5.813100e-007  -5.147645e-006  2.607421e-007  -5.359367e-006  5.357705e-006  -2.637231e-007  5.145095e-006  5.779312e-007  -3.374144e-007  0.000000e+000  
0.000000e+000  2.867604e-006  7.010626e-006  1.476646e-005  -2.641096e-005  -6.348528e-007  6.327394e-007  2.640935e-005  -1.476730e-005  -7.010539e-006  -2.867998e-006  0.000000e+000  
0.000000e+000  2.812835e-007  1.300463e-007  -1.362724e-006  -9.047217e-006  -3.103793e-006  3.104819e-006  9.048247e-006  1.364990e-006  -1.272959e-007  -2.791370e-007  0.000000e+000  
0.000000e+000  -6.073057e-007  -1.445646e-006  -2.735001e-006  -5.088316e-006  -2.410865e-006  2.413201e-006  5.089574e-006  2.736549e-006  1.447656e-006  6.084592e-007  0.000000e+000  
0.000000e+000  -5.596183e-007  -1.188533e-006  -1.933444e-006  -2.955976e-006  -1.464460e-006  1.464108e-006  2.954067e-006  1.932732e-006  1.188202e-006  5.584575e-007  0.000000e+000  
0.000000e+000  -2.077473e-007  -4.301989e-007  -6.754406e-007  -9.868503e-007  -4.901257e-007  4.924503e-007  9.872510e-007  6.754470e-007  4.307354e-007  2.088706e-007  0.000000e+000  
0.000000e+000  2.082475e-007  4.320620e-007  6.766358e-007  9.882982e-007  4.910378e-007  -4.920186e-007  -9.890563e-007  -6.781676e-007  -4.316977e-007  -2.075738e-007  0.000000e+000  
0.000000e+000  5.595030e-007  1.190651e-006  1.936094e-006  2.955342e-006  1.465671e-006  -1.465694e-006  -2.955629e-006  -1.935509e-006  -1.189720e-006  -5.589592e-007  0.000000e+000  
0.000000e+000  6.082669e-007  1.448638e-006  2.737410e-006  5.090384e-006  2.411442e-006  -2.413577e-006  -5.092600e-006  -2.737586e-006  -1.449145e-006  -6.088201e-007  0.000000e+000  
0.000000e+000  -2.783070e-007  -1.253216e-007  1.367025e-006  9.049741e-006  3.104991e-006  -3.105889e-006  -9.051542e-006  -1.367486e-006  1.258323e-007  2.784358e-007  0.000000e+000  
0.000000e+000  -2.867212e-006  -7.008931e-006  -1.476537e-005  2.641166e-005  6.343767e-007  -6.322927e-007  -2.641076e-005  1.476539e-005  7.009660e-006  2.868179e-006  0.000000e+000  
0.000000e+000  -3.360078e-007  5.804887e-007  5.147768e-006  -2.595126e-007  5.359449e-006  -5.357906e-006  2.621289e-007  -5.147683e-006  -5.806128e-007  3.372597e-007  0.000000e+000  
0.000000e+000  -2.216267e-006  -4.755912e-006  -9.057517e-006  -1.740665e-005  -5.164223e-008  5.446138e-008  1.740978e-005  9.057834e-006  4.757397e-006  2.214139e-006  0.000000e+000  
0.000000e+000  -2.982345e-006  -5.606770e-006  -7.062805e-006  -1.046183e-006  -5.775902e-006  5.774868e-006  1.046138e-006  7.064071e-006  5.606207e-006  2.981563e-006  0.000000e+000  
0.000000e+000  -3.978671e-006  -7.443777e-006  -7.838860e-006  -1.688870e-006  -4.303421e-006  4.299657e-006  1.688824e-006  7.837289e-006  7.437577e-006  3.982024e-006  0.000000e+000  
0.000000e+000  -5.455955e-006  -1.231544e-005  -2.387837e-005  -2.016199e-006  -3.389667e-006  3.387539e-006  2.017088e-006  2.387311e-005  1.231498e-005  5.452327e-006  0.000000e+000  
0.000000e+000  0.000000e+000  0.000000e+000  0.000000e+000  0.000000e+000  0.000000e+000  0.000000e+000  0.000000e+000  0.000000e+000  0.000000e+000  0.000000e+000  0.000000e+000  

0.000000e+000  0.000000e+000  0.000000e+000  0.000000e+000  0.000000e+000  0.000000e+000  0.000000e+000  0.000000e+000  0.000000e+000  0.000000e+000  0.000000e+000  0.000000e+000  
0.000000e+000  0.000000e+000  0.000000e+000  0.000000e+000  0.000000e+000  0.000000e+000  0.000000e+000  0.000000e+000  0.000000e+000  0.000000e+000  0.000000e+000  0.000000e+000  
0.000000e+000  0.000000e+000  0.000000e+000  0.000000e+000  0.000000e+000  0.000000e+000  0.000000e+000  0.000000e+000  0.000000e+000  0.000000e+000  0.000000e+000  0.000000e+000  
0.000000e+000  0.000000e+000  0.000000e+000  0.000000e+000  0.000000e+000  0.000000e+000  0.000000e+000  0.000000e+000  0.000000e+000  0.000000e+000  0.000000e+000  0.000000e+000  
0.000000e+000  0.000000e+000  0.000000e+000  0.000000e+000  0.000000e+000  0.000000e+000  0.000000e+000  0.000000e+000  0.000000e+000  0.000000e+000  0.000000e+000  0.000000e+000  
0.000000e+000  0.000000e+000  0.000000e+000  0.000000e+000  0.000000e+000  0.000000e+000  0.000000e+000  0.000000e+000  0.000000e+000  0.000000e+000  0.000000e+000  0.000000e+000  
0.000000e+000  0.000000e+000  0.000000e+000  0.000000e+000  0.000000e+000  0.000000e+000  0.000000e+000  0.000000e+000  0.000000e+000  0.000000e+000  0.000000e+000  0.000000e+000  
0.000000e+000  0.000000e+000  0.000000e+000  0.000000e+000  0.000000e+000  0.000000e+000  0.000000e+000  0.000000e+000  0.000000e+000  0.000000e+000  0.000000e+000  0.000000e+000  
0.000000e+000  0.000000e+000  0.000000e+000  0.000000e+000  0.000000e+000  0.000000e+000  0.000000e+000  0.000000e+000  0.000000e+000  0.000000e+000  0.000000e+000  0.000000e+000  
0.000000e+000  0.000000e+000  0.000000e+000  0.000000e+000  0.000000e+000  0.000000e+000  0.000000e+000  0.000000e+000  0.000000e+000  0.000000e+000  0.000000e+000  0.000000e+000  
0.000000e+000  0.000000e+000  0.000000e+000  0.000000e+000  0.000000e+000  0.000000e+000  0.000000e+000  0.000000e+000  0.000000e+000  0.000000e+000  0.000000e+000  0.000000e+000  
0.000000e+000  0.000000e+000  0.000000e+000  0.000000e+000  0.000000e+000  0.000000e+000  0.000000e+000  0.000000e+000  0.000000e+000  0.000000e+000  0.000000e+000  0.000000e+000  
0.000000e+000  0.000000e+000  0.000000e+000  0.000000e+000  0.000000e+000  0.000000e+000  0.000000e+000  0.000000e+000  0.000000e+000  0.000000e+000  0.000000e+000  0.000000e+000  
0.000000e+000  0.000000e+000  0.000000e+000  0.000000e+000  0.000000e+000  0.000000e+000  0.000000e+000  0.000000e+000  0.000000e+000  0.000000e+000  0.000000e+000  0.000000e+000  
0.000000e+000  0.000000e+000  0.000000e+000  0.000000e+000  0.000000e+000  0.000000e+000  0.000000e+000  0.000000e+000  0.000000e+000  0.000000e+000  0.000000e+000  0.000000e+000  
0.000000e+000  0.000000e+000  0.000000e+000  0.000000e+000  0.000000e+000  0.000000e+000  0.000000e+000  0.000000e+000  0.000000e+000  0.000000e+000  0.000000e+000  0.000000e+000  
0.000000e+000  0.000000e+000  0.000000e+000  0.000000e+000  0.000000e+000  0.000000e+000  0.000000e+000  0.000000e+000  0.000000e+000  0.000000e+000  0.000000e+000  0.000000e+000  
0.000000e+000  0.000000e+000  0.000000e+000  0.000000e+000  0.000000e+000  0.000000e+000  0.000000e+000  0.000000e+000  0.000000e+000  0.000000e+000  0.000000e+000  0.000000e+000  
0.000000e+000  0.000000e+000  0.000000e+000  0.000000e+000  0.000000e+000  0.000000e+000  0.000000e+000  0.000000e+000  0.000000e+000  0.000000e+000  0.000000e+000  0.000000e+000  
0.000000e+000  0.000000e+000  0.000000e+000  0.000000e+000  0.000000e+000  0.000000e+000  0.000000e+000  0.000000e+000  0.000000e+000  0.000000e+000  0.000000e+000  0.000000e+000  
0.000000e+000  0.000000e+000  0.000000e+000  0.000000e+000  0.000000e+000  0.000000e+000  0.000000e+000  0.000000e+000  0.000000e+000  0.000000e+000  0.000000e+000  0.000000e+000  

0.000000e+000  0.000000e+000  0.000000e+000  0.000000e+000  0.000000e+000  0.000000e+000  0.000000e+000  0.000000e+000  0.000000e+000  0.000000e+000  0.000000e+000  0.000000e+000  
0.000000e+000  0.000000e+000  0.000000e+000  0.000000e+000  0.000000e+000  0.000000e+000  0.000000e+000  0.000000e+000  0.000000e+000  0.000000e+000  0.000000e+000  0.000000e+000  
0.000000e+000  0.000000e+000  0.000000e+000  0.000000e+000  0.000000e+000  0.000000e+000  0.000000e+000  0.000000e+000  0.000000e+000  0.000000e+000  0.000000e+000  0.000000e+000  
0.000000e+000  0.000000e+000  0.000000e+000  0.000000e+000  0.000000e+000  0.000000e+000  0.000000e+000  0.000000e+000  0.000000e+000  0.000000e+000  0.000000e+000  0.000000e+000  
0.000000e+000  0.000000e+000  0.000000e+000  0.000000e+000  0.000000e+000  0.000000e+000  0.000000e+000  0.000000e+000  0.000000e+000  0.000000e+000  0.000000e+000  0.000000e+000  
0.000000e+000  0.000000e+000  0.000000e+000  0.000000e+000  0.000000e+000  0.000000e+000  0.000000e+000  0.000000e+000  0.000000e+000  0.000000e+000  0.000000e+000  0.000000e+000  
0.000000e+000  0.000000e+000  0.000000e+000  0.000000e+000  0.000000e+000  0.000000e+000  0.000000e+000  0.000000e+000  0.000000e+000  0.000000e+000  0.000000e+000  0.000000e+000  
0.000000e+000  0.000000e+000  0.000000e+000  0.000000e+000  0.000000e+000  0.000000e+000  0.000000e+000  0.000000e+000  0.000000e+000  0.000000e+000  0.000000e+000  0.000000e+000  
0.000000e+000  0.000000e+000  0.000000e+000  0.000000e+000  0.000000e+000  0.000000e+000  0.000000e+000  0.000000e+000  0.000000e+000  0.000000e+000  0.000000e+000  0.000000e+000  
0.000000e+000  0.000000e+000  0.000000e+000  0.000000e+000  0.000000e+000  0.000000e+000  0.000000e+000  0.000000e+000  0.000000e+000  0.000000e+000  0.000000e+000  0.000000e+000  
0.000000e+000  0.000000e+000  0.000000e+000  0.000000e+000  0.000000e+000  0.000000e+000  0.000000e+000  0.000000e+000  0.000000e+000  0.000000e+000  0.000000e+000  0.000000e+000  
0.000000e+000  0.000000e+000  0.000000e+000  0.000000e+000  0.000000e+000  0.000000e+000  0.000000e+000  0.000000e+000  0.000000e+000  0.000000e+000  0.000000e+000  0.000000e+000  
0.000000e+000  0.000000e+000  0.000000e+000  0.000000e+000  0.000000e+000  0.000000e+000  0.000000e+000  0.000000e+000  0.000000e+000  0.000000e+000  0.000000e+000  0.000000e+000  
0.000000e+000  0.000000e+000  0.000000e+000  0.000000e+000  0.000000e+000  0.000000e+000  0.000000e+000  0.000000e+000  0.000000e+000  0.000000e+000  0.000000e+000  0.000000e+000  
0.000000e+000  0.000000e+000  0.000000e+000  0.000000e+000  0.000000e+000  0.000000e+000  0.000000e+000  0.000000e+000  0.000000e+000  0.000000e+000  0.000000e+000  0.000000e+000  
0.000000e+000  0.000000e+000  0.000000e+000  0.000000e+000  0.000000e+000  0.000000e+000  0.000000e+000  0.000000e+000  0.000000e+000  0.000000e+000  0.000000e+000  0.000000e+000  
0.000000e+000  0.000000e+000  0.000000e+000  0.000000e+000  0.000000e+000  0.000000e+000  0.000000e+000  0.000000e+000  0.000000e+000  0.000000e+000  0.000000e+000  0.000000e+000  
0.000000e+000  0.000000e+000  0.000000e+000  0.000000e+000  0.000000e+000  0.000000e+000  0.000000e+000  0.000000e+000  0.000000e+000  0.000000e+000  0.000000e+000  0.000000e+000  
0.000000e+000  0.000000e+000  0.000000e+000  0.000000e+000  0.000000e+000  0.000000e+000  0.000000e+000  0.000000e+000  0.000000e+000  0.000000e+000  0.000000e+000  0.000000e+000  
0.000000e+000  0.000000e+000  0.000000e+000  0.000000e+000  0.000000e+000  0.000000e+000  0.000000e+000  0.000000e+000  0.000000e+000  0.000000e+000  0.000000e+000  0.000000e+000  
0.000000e+000  0.000000e+000  0.000000e+000  0.000000e+000  0.000000e+000  0.000000e+000  0.000000e+000  0.000000e+000  0.000000e+000  0.000000e+000  0.000000e+000  0.000000e+000  

0.000000e+000  0.000000e+000  0.000000e+000  0.000000e+000  0.000000e+000  0.000000e+000  0.000000e+000  0.000000e+000  0.000000e+000  0.000000e+000  0.000000e+000  0.000000e+000  
0.000000e+000  0.000000e+000  0.000000e+000  0.000000e+000  0.000000e+000  0.000000e+000  0.000000e+000  0.000000e+000  0.000000e+000  0.000000e+000  0.000000e+000  0.000000e+000  
0.000000e+000  0.000000e+000  0.000000e+000  0.000000e+000  0.000000e+000  0.000000e+000  0.000000e+000  0.000000e+000  0.000000e+000  0.000000e+000  0.000000e+000  0.000000e+000  
0.000000e+000  0.000000e+000  0.000000e+000  0.000000e+000  0.000000e+000  0.000000e+000  0.000000e+000  0.000000e+000  0.000000e+000  0.000000e+000  0.000000e+000  0.000000e+000  
0.000000e+000  0.000000e+000  0.000000e+000  0.000000e+000  0.000000e+000  0.000000e+000  0.000000e+000  0.000000e+000  0.000000e+000  0.000000e+000  0.000000e+000  0.000000e+000  
0.000000e+000  0.000000e+000  0.000000e+000  0.000000e+000  0.000000e+000  0.000000e+000  0.000000e+000  0.000000e+000  0.000000e+000  0.000000e+000  0.000000e+000  0.000000e+000  
0.000000e+000  0.000000e+000  0.000000e+000  0.000000e+000  0.000000e+000  0.000000e+000  0.000000e+000  0.000000e+000  0.000000e+000  0.000000e+000  0.000000e+000  0.000000e+000  
0.000000e+000  0.000000e+000  0.000000e+000  0.000000e+000  0.000000e+000  0.000000e+000  0.000000e+000  0.000000e+000  0.000000e+000  0.000000e+000  0.000000e+000  0.000000e+000  
0.000000e+000  0.000000e+000  0.000000e+000  0.000000e+000  0.000000e+000  0.000000e+000  0.000000e+000  0.000000e+000  0.000000e+000  0.000000e+000  0.000000e+000  0.000000e+000  
0.000000e+000  0.000000e+000  0.000000e+000  0.000000e+000  0.000000e+000  0.000000e+000  0.000000e+000  0.000000e+000  0.000000e+000  0.000000e+000  0.000000e+000  0.000000e+000  
0.000000e+000  0.000000e+000  0.000000e+000  0.000000e+000  0.000000e+000  0.000000e+000  0.000000e+000  0.000000e+000  0.000000e+000  0.000000e+000  0.000000e+000  0.000000e+000  
0.000000e+000  0.000000e+000  0.000000e+000  0.000000e+000  0.000000e+000  0.000000e+000  0.000000e+000  0.000000e+000  0.000000e+000  0.000000e+000  0.000000e+000  0.000000e+000  
0.000000e+000  0.000000e+000  0.000000e+000  0.000000e+000  0.000000e+000  0.000000e+000  0.000000e+000  0.000000e+000  0.000000e+000  0.000000e+000  0.000000e+000  0.000000e+000  
0.000000e+000  0.000000e+000  0.000000e+000  0.000000e+000  0.000000e+000  0.000000e+000  0.000000e+000  0.000000e+000  0.000000e+000  0.000000e+000  0.000000e+000  0.000000e+000  
0.000000e+000  0.000000e+000  0.000000e+000  0.000000e+000  0.000000e+000  0.000000e+000  0.000000e+000  0.000000e+000  0.000000e+000  0.000000e+000  0.000000e+000  0.000000e+000  
0.000000e+000  0.000000e+000  0.000000e+000  0.000000e+000  0.000000e+000  0.000000e+000  0.000000e+000  0.000000e+000  0.000000e+000  0.000000e+000  0.000000e+000  0.000000e+000  
0.000000e+000  0.000000e+000  0.000000e+000  0.000000e+000  0.000000e+000  0.000000e+000  0.000000e+000  0.000000e+000  0.000000e+000  0.000000e+000  0.000000e+000  0.000000e+000  
0.000000e+000  0.000000e+000  0.000000e+000  0.000000e+000  0.000000e+000  0.000000e+000  0.000000e+000  0.000000e+000  0.000000e+000  0.000000e+000  0.000000e+000  0.000000e+000  
0.000000e+000  0.000000e+000  0.000000e+000  0.000000e+000  0.000000e+000  0.000000e+000  0.000000e+000  0.000000e+000  0.000000e+000  0.000000e+000  0.000000e+000  0.000000e+000  
0.000000e+000  0.000000e+000  0.000000e+000  0.000000e+000  0.000000e+000  0.000000e+000  0.000000e+000  0.000000e+000  0.000000e+000  0.000000e+000  0.000000e+000  0.000000e+000  
0.000000e+000  0.000000e+000  0.000000e+000  0.000000e+000  0.000000e+000  0.000000e+000  0.000000e+000  0.000000e+000  0.000000e+000  0.000000e+000  0.000000e+000  0.000000e+000  

0.000000e+000  0.000000e+000  0.000000e+000  0.000000e+000  0.000000e+000  0.000000e+000  0.000000e+000  0.000000e+000  0.000000e+000  0.000000e+000  0.000000e+000  0.000000e+000  
0.000000e+000  -1.003213e-006  -1.968884e-006  -3.016360e-006  -3.208895e-006  -1.661821e-006  1.659708e-006  3.185166e-006  3.002414e-006  2.019427e-006  9.237772e-007  0.000000e+000  
0.000000e+000  -1.881764e-006  -3.888277e-006  -5.468350e-006  -6.921563e-006  -3.274538e-006  3.279887e-006  6.945990e-006  5.504895e-006  3.788696e-006  2.002724e-006  0.000000e+000  
0.000000e+000  -3.035635e-006  -5.833288e-006  -8.868068e-006  -1.031208e-005  -5.061709e-006  5.060117e-006  1.032754e-005  8.840344e-006  5.925237e-006  2.962142e-006  0.000000e+000  
0.000000e+000  -4.293430e-006  -8.649282e-006  -1.309779e-005  -1.627884e-005  -7.959157e-006  7.981615e-006  1.629182e-005  1.308685e-005  8.630384e-006  4.340940e-006  0.000000e+000  
0.000000e+000  -6.119412e-006  -1.176176e-005  -1.618209e-005  -2.161430e-005  -9.601494e-006  9.604097e-006  2.160135e-005  1.615729e-005  1.174817e-005  6.118966e-006  0.000000e+000  
0.000000e+000  -9.590405e-006  -1.933527e-005  -2.969573e-005  -2.087767e-005  -1.530148e-005  1.528776e-005  2.087738e-005  2.964974e-005  1.932630e-005  9.558213e-006  0.000000e+000  
0.000000e+000  -1.193778e-005  -2.398416e-005  -3.623929e-005  -2.394777e-005  -1.834285e-005  1.835944e-005  2.393627e-005  3.623562e-005  2.398410e-005  1.192630e-005  0.000000e+000  
0.000000e+000  -1.346327e-005  -2.695783e-005  -4.054075e-005  -2.658266e-005  -2.041753e-005  2.044755e-005  2.661515e-005  4.053324e-005  2.696903e-005  1.345104e-005  0.000000e+000  
0.000000e+000  -1.432294e-005  -2.867664e-005  -4.308807e-005  -2.828140e-005  -2.167017e-005  2.166045e-005  2.825792e-005  4.305420e-005  2.868626e-005  1.431272e-005  0.000000e+000  
0.000000e+000  -1.458913e-005  -2.924732e-005  -4.393245e-005  -2.881705e-005  -2.208975e-005  2.210816e-005  2.880251e-005  4.391443e-005  2.925459e-005  1.460407e-005  0.000000e+000  
0.000000e+000  -1.430552e-005  -2.867737e-005  -4.308704e-005  -2.826867e-005  -2.167999e-005  2.168369e-005  2.825079e-005  4.304860e-005  2.867732e-005  1.434299e-005  0.000000e+000  
0.000000e+000  -1.348612e-005  -2.695307e-005  -4.047885e-005  -2.662295e-005  -2.042095e-005  2.044966e-005  2.660080e-005  4.053520e-005  2.696943e-005  1.344473e-005  0.000000e+000  
0.000000e+000  -1.192652e-005  -2.397733e-005  -3.623314e-005  -2.393667e-005  -1.834876e-005  1.834676e-005  2.393509e-005  3.625477e-005  2.397909e-005  1.195649e-005  0.000000e+000  
0.000000e+000  -9.567616e-006  -1.932331e-005  -2.965732e-005  -2.084698e-005  -1.530225e-005  1.528112e-005  2.084713e-005  2.965215e-005  1.933587e-005  9.549826e-006  0.000000e+000  
0.000000e+000  -6.108351e-006  -1.178430e-005  -1.617527e-005  -2.161143e-005  -9.603136e-006  9.608471e-006  2.160974e-005  1.615453e-005  1.175069e-005  6.137125e-006  0.000000e+000  
0.000000e+000  -4.328981e-006  -8.659303e-006  -1.315167e-005  -1.628641e-005  -7.998056e-006  7.973932e-006  1.628358e-005  1.312695e-005  8.671682e-006  4.353800e-006  0.000000e+000  
0.000000e+000  -2.996138e-006  -5.908335e-006  -8.838824e-006  -1.030375e-005  -5.080814e-006  5.100333e-006  1.032280e-005  8.851928e-006  5.893838e-006  2.965644e-006  0.000000e+000  
0.000000e+000  -1.885715e-006  -3.796578e-006  -5.503887e-006  -6.931380e-006  -3.250966e-006  3.264213e-006  6.948196e-006  5.519566e-006  3.878361e-006  1.879729e-006  0.000000e+000  
0.000000e+000  -9.601698e-007  -1.998057e-006  -2.977032e-006  -3.215170e-006  -1.629899e-006  1.598583e-006  3.203144e-006  3.080712e-006  1.936602e-006  1.017626e-006  0.000000e+000  
0.000000e+000  0.000000e+000  0.000000e+000  0.000000e+000  0.000000e+000  0.000000e+000  0.000000e+000  0.000000e+000  0.000000e+000  0.000000e+000  0.000000e+000  0.000000e+000  

