Port monitor named: Port2_h1[9].prt

nx        = 39
ny        = 63
nz        = 88

nu        = 21
nv        = 12
iu        = 10
iv        = 11

idir      = 2
dcut      = 9.000000e-002
icut      = 82
type      = 1
frequency = 9.000000e+009

fcutoff   = 6.554762e+009
alpha     = 0.000000e+000
beta      = 1.292249e+002
accuracy  = 2.404039e-011

type          = TE
wave imp.     = 5.499028e+002
wave imp.sig. = 7.492345e-006
line imp.     = 0.000000e+000

ref. port     = 0

-0.000000e+000  -3.824844e-001  -7.617571e-001  -1.133863e+000  -1.630207e+000  -2.272413e+000  -2.850352e+000  -3.323504e+000  -3.674472e+000  -3.890351e+000  -3.963203e+000  -3.890351e+000  -3.674472e+000  -3.323504e+000  -2.850352e+000  -2.272413e+000  -1.630207e+000  -1.133863e+000  -7.617571e-001  -3.824844e-001  -0.000000e+000  
-0.000000e+000  -3.824837e-001  -7.617557e-001  -1.133861e+000  -1.630204e+000  -2.272411e+000  -2.850350e+000  -3.323502e+000  -3.674470e+000  -3.890349e+000  -3.963202e+000  -3.890349e+000  -3.674470e+000  -3.323502e+000  -2.850350e+000  -2.272411e+000  -1.630204e+000  -1.133861e+000  -7.617557e-001  -3.824836e-001  -0.000000e+000  
-0.000000e+000  -3.824822e-001  -7.617529e-001  -1.133857e+000  -1.630200e+000  -2.272406e+000  -2.850345e+000  -3.323498e+000  -3.674466e+000  -3.890346e+000  -3.963199e+000  -3.890346e+000  -3.674466e+000  -3.323498e+000  -2.850345e+000  -2.272406e+000  -1.630200e+000  -1.133857e+000  -7.617529e-001  -3.824822e-001  -0.000000e+000  
-0.000000e+000  -3.824794e-001  -7.617477e-001  -1.133850e+000  -1.630191e+000  -2.272397e+000  -2.850337e+000  -3.323490e+000  -3.674460e+000  -3.890341e+000  -3.963194e+000  -3.890341e+000  -3.674460e+000  -3.323490e+000  -2.850337e+000  -2.272397e+000  -1.630191e+000  -1.133850e+000  -7.617477e-001  -3.824794e-001  -0.000000e+000  
-0.000000e+000  -3.824730e-001  -7.617357e-001  -1.133834e+000  -1.630171e+000  -2.272377e+000  -2.850320e+000  -3.323477e+000  -3.674449e+000  -3.890331e+000  -3.963185e+000  -3.890331e+000  -3.674449e+000  -3.323477e+000  -2.850320e+000  -2.272377e+000  -1.630171e+000  -1.133834e+000  -7.617357e-001  -3.824730e-001  -0.000000e+000  
-0.000000e+000  -3.824580e-001  -7.617087e-001  -1.133799e+000  -1.630133e+000  -2.272342e+000  -2.850291e+000  -3.323454e+000  -3.674431e+000  -3.890316e+000  -3.963171e+000  -3.890316e+000  -3.674431e+000  -3.323454e+000  -2.850291e+000  -2.272342e+000  -1.630133e+000  -1.133799e+000  -7.617087e-001  -3.824580e-001  -0.000000e+000  
-0.000000e+000  -3.824251e-001  -7.616535e-001  -1.133734e+000  -1.630069e+000  -2.272291e+000  -2.850254e+000  -3.323428e+000  -3.674412e+000  -3.890300e+000  -3.963156e+000  -3.890300e+000  -3.674412e+000  -3.323428e+000  -2.850254e+000  -2.272291e+000  -1.630069e+000  -1.133734e+000  -7.616535e-001  -3.824251e-001  -0.000000e+000  
-0.000000e+000  -3.823506e-001  -7.615477e-001  -1.133628e+000  -1.629985e+000  -2.272238e+000  -2.850221e+000  -3.323406e+000  -3.674397e+000  -3.890288e+000  -3.963145e+000  -3.890288e+000  -3.674397e+000  -3.323406e+000  -2.850221e+000  -2.272238e+000  -1.629985e+000  -1.133628e+000  -7.615477e-001  -3.823506e-001  -0.000000e+000  
-0.000000e+000  -3.822048e-001  -7.613922e-001  -1.133506e+000  -1.629909e+000  -2.272199e+000  -2.850200e+000  -3.323393e+000  -3.674388e+000  -3.890282e+000  -3.963139e+000  -3.890282e+000  -3.674388e+000  -3.323393e+000  -2.850200e+000  -2.272199e+000  -1.629909e+000  -1.133506e+000  -7.613922e-001  -3.822048e-001  -0.000000e+000  
-0.000000e+000  -3.818913e-001  -7.611702e-001  -1.133376e+000  -1.629846e+000  -2.272171e+000  -2.850186e+000  -3.323385e+000  -3.674383e+000  -3.890278e+000  -3.963136e+000  -3.890278e+000  -3.674383e+000  -3.323385e+000  -2.850186e+000  -2.272171e+000  -1.629846e+000  -1.133376e+000  -7.611702e-001  -3.818913e-001  -0.000000e+000  
-0.000000e+000  -3.809907e-001  -7.608599e-001  -1.133255e+000  -1.629802e+000  -2.272155e+000  -2.850178e+000  -3.323381e+000  -3.674380e+000  -3.890276e+000  -3.963134e+000  -3.890276e+000  -3.674380e+000  -3.323381e+000  -2.850178e+000  -2.272155e+000  -1.629802e+000  -1.133255e+000  -7.608599e-001  -3.809907e-001  -0.000000e+000  
-0.000000e+000  -0.000000e+000  -0.000000e+000  -0.000000e+000  -0.000000e+000  -0.000000e+000  -0.000000e+000  -0.000000e+000  -0.000000e+000  -0.000000e+000  -0.000000e+000  -0.000000e+000  -0.000000e+000  -0.000000e+000  -0.000000e+000  -0.000000e+000  -0.000000e+000  -0.000000e+000  -0.000000e+000  -0.000000e+000  -0.000000e+000  

-0.000000e+000  -0.000000e+000  -0.000000e+000  -0.000000e+000  -0.000000e+000  -0.000000e+000  -0.000000e+000  -0.000000e+000  -0.000000e+000  -0.000000e+000  -0.000000e+000  -0.000000e+000  -0.000000e+000  -0.000000e+000  -0.000000e+000  -0.000000e+000  -0.000000e+000  -0.000000e+000  -0.000000e+000  -0.000000e+000  -0.000000e+000  
-2.975023e-005  -2.904646e-005  -2.770218e-005  -2.548417e-005  -2.163014e-005  -1.669033e-005  -1.202329e-005  -7.974621e-006  -4.515213e-006  -1.458413e-006  1.458267e-006  4.516105e-006  7.973585e-006  1.202351e-005  1.669063e-005  2.163024e-005  2.548518e-005  2.769504e-005  2.905437e-005  2.974742e-005  -0.000000e+000  
-5.992087e-005  -5.845232e-005  -5.566243e-005  -5.106396e-005  -4.316516e-005  -3.313670e-005  -2.378118e-005  -1.572500e-005  -8.887885e-006  -2.868321e-006  2.868624e-006  8.887673e-006  1.572462e-005  2.378116e-005  3.313741e-005  4.316474e-005  5.106356e-005  5.566404e-005  5.844992e-005  5.992226e-005  -0.000000e+000  
-9.098184e-005  -8.863158e-005  -8.414688e-005  -7.683415e-005  -6.448275e-005  -4.907242e-005  -3.498853e-005  -2.302325e-005  -1.297159e-005  -4.178997e-006  4.178987e-006  1.297168e-005  2.302275e-005  3.498892e-005  4.907235e-005  6.448251e-005  7.683415e-005  8.414948e-005  8.862761e-005  9.098392e-005  -0.000000e+000  
-1.357376e-004  -1.317431e-004  -1.243114e-004  -1.124256e-004  -9.279445e-005  -6.954744e-005  -4.888406e-005  -3.184977e-005  -1.783372e-005  -5.728839e-006  5.728774e-006  1.783419e-005  3.184897e-005  4.888407e-005  6.954781e-005  9.279348e-005  1.124279e-004  1.243089e-004  1.317440e-004  1.357377e-004  -0.000000e+000  
-2.064149e-004  -1.986165e-004  -1.845388e-004  -1.629941e-004  -1.296589e-004  -9.362588e-005  -6.396576e-005  -4.084531e-005  -2.258327e-005  -7.210975e-006  7.210875e-006  2.258372e-005  4.084474e-005  6.396590e-005  9.362539e-005  1.296590e-004  1.629954e-004  1.845377e-004  1.986159e-004  2.064156e-004  -0.000000e+000  
-3.012668e-004  -2.840957e-004  -2.553224e-004  -2.148846e-004  -1.599145e-004  -1.086364e-004  -7.100711e-005  -4.402819e-005  -2.391746e-005  -7.574338e-006  7.574265e-006  2.391763e-005  4.402790e-005  7.100685e-005  1.086364e-004  1.599148e-004  2.148850e-004  2.553237e-004  2.840961e-004  3.012650e-004  -0.000000e+000  
-4.451386e-004  -3.991932e-004  -3.339072e-004  -2.562570e-004  -1.705868e-004  -1.061596e-004  -6.557151e-005  -3.927241e-005  -2.091951e-005  -6.566382e-006  6.566316e-006  2.091906e-005  3.927246e-005  6.557176e-005  1.061597e-004  1.705865e-004  2.562573e-004  3.339080e-004  3.991933e-004  4.451379e-004  -0.000000e+000  
-6.400502e-004  -5.158254e-004  -3.832336e-004  -2.594683e-004  -1.532600e-004  -8.845512e-005  -5.233817e-005  -3.061880e-005  -1.610732e-005  -5.028373e-006  5.028974e-006  1.610764e-005  3.061739e-005  5.233836e-005  8.845562e-005  1.532597e-004  2.594692e-004  3.832342e-004  5.158241e-004  6.400499e-004  -0.000000e+000  
-9.209865e-004  -6.054599e-004  -3.819218e-004  -2.254546e-004  -1.201339e-004  -6.558121e-005  -3.775551e-005  -2.177736e-005  -1.137569e-005  -3.540892e-006  3.541166e-006  1.137517e-005  2.177752e-005  3.775588e-005  6.558065e-005  1.201346e-004  2.254538e-004  3.819215e-004  6.054595e-004  9.209875e-004  -0.000000e+000  
-1.505009e-003  -5.986220e-004  -2.862076e-004  -1.410344e-004  -6.753553e-005  -3.516126e-005  -1.983117e-005  -1.132739e-005  -5.889460e-006  -1.830175e-006  1.829658e-006  5.889224e-006  1.132894e-005  1.983072e-005  3.516126e-005  6.753472e-005  1.410358e-004  2.862034e-004  5.986263e-004  1.505008e-003  -0.000000e+000  
-0.000000e+000  -0.000000e+000  -0.000000e+000  -0.000000e+000  -0.000000e+000  -0.000000e+000  -0.000000e+000  -0.000000e+000  -0.000000e+000  -0.000000e+000  -0.000000e+000  -0.000000e+000  -0.000000e+000  -0.000000e+000  -0.000000e+000  -0.000000e+000  -0.000000e+000  -0.000000e+000  -0.000000e+000  -0.000000e+000  -0.000000e+000  

0.000000e+000  0.000000e+000  0.000000e+000  0.000000e+000  0.000000e+000  0.000000e+000  0.000000e+000  0.000000e+000  0.000000e+000  0.000000e+000  0.000000e+000  0.000000e+000  0.000000e+000  0.000000e+000  0.000000e+000  0.000000e+000  0.000000e+000  0.000000e+000  0.000000e+000  0.000000e+000  0.000000e+000  
0.000000e+000  0.000000e+000  0.000000e+000  0.000000e+000  0.000000e+000  0.000000e+000  0.000000e+000  0.000000e+000  0.000000e+000  0.000000e+000  0.000000e+000  0.000000e+000  0.000000e+000  0.000000e+000  0.000000e+000  0.000000e+000  0.000000e+000  0.000000e+000  0.000000e+000  0.000000e+000  0.000000e+000  
0.000000e+000  0.000000e+000  0.000000e+000  0.000000e+000  0.000000e+000  0.000000e+000  0.000000e+000  0.000000e+000  0.000000e+000  0.000000e+000  0.000000e+000  0.000000e+000  0.000000e+000  0.000000e+000  0.000000e+000  0.000000e+000  0.000000e+000  0.000000e+000  0.000000e+000  0.000000e+000  0.000000e+000  
0.000000e+000  0.000000e+000  0.000000e+000  0.000000e+000  0.000000e+000  0.000000e+000  0.000000e+000  0.000000e+000  0.000000e+000  0.000000e+000  0.000000e+000  0.000000e+000  0.000000e+000  0.000000e+000  0.000000e+000  0.000000e+000  0.000000e+000  0.000000e+000  0.000000e+000  0.000000e+000  0.000000e+000  
0.000000e+000  0.000000e+000  0.000000e+000  0.000000e+000  0.000000e+000  0.000000e+000  0.000000e+000  0.000000e+000  0.000000e+000  0.000000e+000  0.000000e+000  0.000000e+000  0.000000e+000  0.000000e+000  0.000000e+000  0.000000e+000  0.000000e+000  0.000000e+000  0.000000e+000  0.000000e+000  0.000000e+000  
0.000000e+000  0.000000e+000  0.000000e+000  0.000000e+000  0.000000e+000  0.000000e+000  0.000000e+000  0.000000e+000  0.000000e+000  0.000000e+000  0.000000e+000  0.000000e+000  0.000000e+000  0.000000e+000  0.000000e+000  0.000000e+000  0.000000e+000  0.000000e+000  0.000000e+000  0.000000e+000  0.000000e+000  
0.000000e+000  0.000000e+000  0.000000e+000  0.000000e+000  0.000000e+000  0.000000e+000  0.000000e+000  0.000000e+000  0.000000e+000  0.000000e+000  0.000000e+000  0.000000e+000  0.000000e+000  0.000000e+000  0.000000e+000  0.000000e+000  0.000000e+000  0.000000e+000  0.000000e+000  0.000000e+000  0.000000e+000  
0.000000e+000  0.000000e+000  0.000000e+000  0.000000e+000  0.000000e+000  0.000000e+000  0.000000e+000  0.000000e+000  0.000000e+000  0.000000e+000  0.000000e+000  0.000000e+000  0.000000e+000  0.000000e+000  0.000000e+000  0.000000e+000  0.000000e+000  0.000000e+000  0.000000e+000  0.000000e+000  0.000000e+000  
0.000000e+000  0.000000e+000  0.000000e+000  0.000000e+000  0.000000e+000  0.000000e+000  0.000000e+000  0.000000e+000  0.000000e+000  0.000000e+000  0.000000e+000  0.000000e+000  0.000000e+000  0.000000e+000  0.000000e+000  0.000000e+000  0.000000e+000  0.000000e+000  0.000000e+000  0.000000e+000  0.000000e+000  
0.000000e+000  0.000000e+000  0.000000e+000  0.000000e+000  0.000000e+000  0.000000e+000  0.000000e+000  0.000000e+000  0.000000e+000  0.000000e+000  0.000000e+000  0.000000e+000  0.000000e+000  0.000000e+000  0.000000e+000  0.000000e+000  0.000000e+000  0.000000e+000  0.000000e+000  0.000000e+000  0.000000e+000  
0.000000e+000  0.000000e+000  0.000000e+000  0.000000e+000  0.000000e+000  0.000000e+000  0.000000e+000  0.000000e+000  0.000000e+000  0.000000e+000  0.000000e+000  0.000000e+000  0.000000e+000  0.000000e+000  0.000000e+000  0.000000e+000  0.000000e+000  0.000000e+000  0.000000e+000  0.000000e+000  0.000000e+000  
0.000000e+000  0.000000e+000  0.000000e+000  0.000000e+000  0.000000e+000  0.000000e+000  0.000000e+000  0.000000e+000  0.000000e+000  0.000000e+000  0.000000e+000  0.000000e+000  0.000000e+000  0.000000e+000  0.000000e+000  0.000000e+000  0.000000e+000  0.000000e+000  0.000000e+000  0.000000e+000  0.000000e+000  

0.000000e+000  0.000000e+000  0.000000e+000  0.000000e+000  0.000000e+000  0.000000e+000  0.000000e+000  0.000000e+000  0.000000e+000  0.000000e+000  0.000000e+000  0.000000e+000  0.000000e+000  0.000000e+000  0.000000e+000  0.000000e+000  0.000000e+000  0.000000e+000  0.000000e+000  0.000000e+000  0.000000e+000  
0.000000e+000  0.000000e+000  0.000000e+000  0.000000e+000  0.000000e+000  0.000000e+000  0.000000e+000  0.000000e+000  0.000000e+000  0.000000e+000  0.000000e+000  0.000000e+000  0.000000e+000  0.000000e+000  0.000000e+000  0.000000e+000  0.000000e+000  0.000000e+000  0.000000e+000  0.000000e+000  0.000000e+000  
0.000000e+000  0.000000e+000  0.000000e+000  0.000000e+000  0.000000e+000  0.000000e+000  0.000000e+000  0.000000e+000  0.000000e+000  0.000000e+000  0.000000e+000  0.000000e+000  0.000000e+000  0.000000e+000  0.000000e+000  0.000000e+000  0.000000e+000  0.000000e+000  0.000000e+000  0.000000e+000  0.000000e+000  
0.000000e+000  0.000000e+000  0.000000e+000  0.000000e+000  0.000000e+000  0.000000e+000  0.000000e+000  0.000000e+000  0.000000e+000  0.000000e+000  0.000000e+000  0.000000e+000  0.000000e+000  0.000000e+000  0.000000e+000  0.000000e+000  0.000000e+000  0.000000e+000  0.000000e+000  0.000000e+000  0.000000e+000  
0.000000e+000  0.000000e+000  0.000000e+000  0.000000e+000  0.000000e+000  0.000000e+000  0.000000e+000  0.000000e+000  0.000000e+000  0.000000e+000  0.000000e+000  0.000000e+000  0.000000e+000  0.000000e+000  0.000000e+000  0.000000e+000  0.000000e+000  0.000000e+000  0.000000e+000  0.000000e+000  0.000000e+000  
0.000000e+000  0.000000e+000  0.000000e+000  0.000000e+000  0.000000e+000  0.000000e+000  0.000000e+000  0.000000e+000  0.000000e+000  0.000000e+000  0.000000e+000  0.000000e+000  0.000000e+000  0.000000e+000  0.000000e+000  0.000000e+000  0.000000e+000  0.000000e+000  0.000000e+000  0.000000e+000  0.000000e+000  
0.000000e+000  0.000000e+000  0.000000e+000  0.000000e+000  0.000000e+000  0.000000e+000  0.000000e+000  0.000000e+000  0.000000e+000  0.000000e+000  0.000000e+000  0.000000e+000  0.000000e+000  0.000000e+000  0.000000e+000  0.000000e+000  0.000000e+000  0.000000e+000  0.000000e+000  0.000000e+000  0.000000e+000  
0.000000e+000  0.000000e+000  0.000000e+000  0.000000e+000  0.000000e+000  0.000000e+000  0.000000e+000  0.000000e+000  0.000000e+000  0.000000e+000  0.000000e+000  0.000000e+000  0.000000e+000  0.000000e+000  0.000000e+000  0.000000e+000  0.000000e+000  0.000000e+000  0.000000e+000  0.000000e+000  0.000000e+000  
0.000000e+000  0.000000e+000  0.000000e+000  0.000000e+000  0.000000e+000  0.000000e+000  0.000000e+000  0.000000e+000  0.000000e+000  0.000000e+000  0.000000e+000  0.000000e+000  0.000000e+000  0.000000e+000  0.000000e+000  0.000000e+000  0.000000e+000  0.000000e+000  0.000000e+000  0.000000e+000  0.000000e+000  
0.000000e+000  0.000000e+000  0.000000e+000  0.000000e+000  0.000000e+000  0.000000e+000  0.000000e+000  0.000000e+000  0.000000e+000  0.000000e+000  0.000000e+000  0.000000e+000  0.000000e+000  0.000000e+000  0.000000e+000  0.000000e+000  0.000000e+000  0.000000e+000  0.000000e+000  0.000000e+000  0.000000e+000  
0.000000e+000  0.000000e+000  0.000000e+000  0.000000e+000  0.000000e+000  0.000000e+000  0.000000e+000  0.000000e+000  0.000000e+000  0.000000e+000  0.000000e+000  0.000000e+000  0.000000e+000  0.000000e+000  0.000000e+000  0.000000e+000  0.000000e+000  0.000000e+000  0.000000e+000  0.000000e+000  0.000000e+000  
0.000000e+000  0.000000e+000  0.000000e+000  0.000000e+000  0.000000e+000  0.000000e+000  0.000000e+000  0.000000e+000  0.000000e+000  0.000000e+000  0.000000e+000  0.000000e+000  0.000000e+000  0.000000e+000  0.000000e+000  0.000000e+000  0.000000e+000  0.000000e+000  0.000000e+000  0.000000e+000  0.000000e+000  

0.000000e+000  0.000000e+000  0.000000e+000  0.000000e+000  0.000000e+000  0.000000e+000  0.000000e+000  0.000000e+000  0.000000e+000  0.000000e+000  0.000000e+000  0.000000e+000  0.000000e+000  0.000000e+000  0.000000e+000  0.000000e+000  0.000000e+000  0.000000e+000  0.000000e+000  0.000000e+000  0.000000e+000  
0.000000e+000  0.000000e+000  0.000000e+000  0.000000e+000  0.000000e+000  0.000000e+000  0.000000e+000  0.000000e+000  0.000000e+000  0.000000e+000  0.000000e+000  0.000000e+000  0.000000e+000  0.000000e+000  0.000000e+000  0.000000e+000  0.000000e+000  0.000000e+000  0.000000e+000  0.000000e+000  0.000000e+000  
0.000000e+000  0.000000e+000  0.000000e+000  0.000000e+000  0.000000e+000  0.000000e+000  0.000000e+000  0.000000e+000  0.000000e+000  0.000000e+000  0.000000e+000  0.000000e+000  0.000000e+000  0.000000e+000  0.000000e+000  0.000000e+000  0.000000e+000  0.000000e+000  0.000000e+000  0.000000e+000  0.000000e+000  
0.000000e+000  0.000000e+000  0.000000e+000  0.000000e+000  0.000000e+000  0.000000e+000  0.000000e+000  0.000000e+000  0.000000e+000  0.000000e+000  0.000000e+000  0.000000e+000  0.000000e+000  0.000000e+000  0.000000e+000  0.000000e+000  0.000000e+000  0.000000e+000  0.000000e+000  0.000000e+000  0.000000e+000  
0.000000e+000  0.000000e+000  0.000000e+000  0.000000e+000  0.000000e+000  0.000000e+000  0.000000e+000  0.000000e+000  0.000000e+000  0.000000e+000  0.000000e+000  0.000000e+000  0.000000e+000  0.000000e+000  0.000000e+000  0.000000e+000  0.000000e+000  0.000000e+000  0.000000e+000  0.000000e+000  0.000000e+000  
0.000000e+000  0.000000e+000  0.000000e+000  0.000000e+000  0.000000e+000  0.000000e+000  0.000000e+000  0.000000e+000  0.000000e+000  0.000000e+000  0.000000e+000  0.000000e+000  0.000000e+000  0.000000e+000  0.000000e+000  0.000000e+000  0.000000e+000  0.000000e+000  0.000000e+000  0.000000e+000  0.000000e+000  
0.000000e+000  0.000000e+000  0.000000e+000  0.000000e+000  0.000000e+000  0.000000e+000  0.000000e+000  0.000000e+000  0.000000e+000  0.000000e+000  0.000000e+000  0.000000e+000  0.000000e+000  0.000000e+000  0.000000e+000  0.000000e+000  0.000000e+000  0.000000e+000  0.000000e+000  0.000000e+000  0.000000e+000  
0.000000e+000  0.000000e+000  0.000000e+000  0.000000e+000  0.000000e+000  0.000000e+000  0.000000e+000  0.000000e+000  0.000000e+000  0.000000e+000  0.000000e+000  0.000000e+000  0.000000e+000  0.000000e+000  0.000000e+000  0.000000e+000  0.000000e+000  0.000000e+000  0.000000e+000  0.000000e+000  0.000000e+000  
0.000000e+000  0.000000e+000  0.000000e+000  0.000000e+000  0.000000e+000  0.000000e+000  0.000000e+000  0.000000e+000  0.000000e+000  0.000000e+000  0.000000e+000  0.000000e+000  0.000000e+000  0.000000e+000  0.000000e+000  0.000000e+000  0.000000e+000  0.000000e+000  0.000000e+000  0.000000e+000  0.000000e+000  
0.000000e+000  0.000000e+000  0.000000e+000  0.000000e+000  0.000000e+000  0.000000e+000  0.000000e+000  0.000000e+000  0.000000e+000  0.000000e+000  0.000000e+000  0.000000e+000  0.000000e+000  0.000000e+000  0.000000e+000  0.000000e+000  0.000000e+000  0.000000e+000  0.000000e+000  0.000000e+000  0.000000e+000  
0.000000e+000  0.000000e+000  0.000000e+000  0.000000e+000  0.000000e+000  0.000000e+000  0.000000e+000  0.000000e+000  0.000000e+000  0.000000e+000  0.000000e+000  0.000000e+000  0.000000e+000  0.000000e+000  0.000000e+000  0.000000e+000  0.000000e+000  0.000000e+000  0.000000e+000  0.000000e+000  0.000000e+000  
0.000000e+000  0.000000e+000  0.000000e+000  0.000000e+000  0.000000e+000  0.000000e+000  0.000000e+000  0.000000e+000  0.000000e+000  0.000000e+000  0.000000e+000  0.000000e+000  0.000000e+000  0.000000e+000  0.000000e+000  0.000000e+000  0.000000e+000  0.000000e+000  0.000000e+000  0.000000e+000  0.000000e+000  

-4.195820e+000  -4.156399e+000  -4.077848e+000  -3.938652e+000  -3.660997e+000  -3.204179e+000  -2.623207e+000  -1.945796e+000  -1.196848e+000  -4.038991e-001  4.038991e-001  1.196848e+000  1.945796e+000  2.623207e+000  3.204179e+000  3.660997e+000  3.938652e+000  4.077848e+000  4.156399e+000  4.195820e+000  -0.000000e+000  
-4.195817e+000  -4.156396e+000  -4.077845e+000  -3.938649e+000  -3.660995e+000  -3.204177e+000  -2.623206e+000  -1.945795e+000  -1.196848e+000  -4.038989e-001  4.038989e-001  1.196848e+000  1.945795e+000  2.623206e+000  3.204177e+000  3.660995e+000  3.938649e+000  4.077845e+000  4.156396e+000  4.195817e+000  -0.000000e+000  
-4.195811e+000  -4.156390e+000  -4.077839e+000  -3.938644e+000  -3.660990e+000  -3.204174e+000  -2.623204e+000  -1.945793e+000  -1.196847e+000  -4.038986e-001  4.038986e-001  1.196847e+000  1.945793e+000  2.623204e+000  3.204174e+000  3.660990e+000  3.938644e+000  4.077839e+000  4.156390e+000  4.195811e+000  -0.000000e+000  
-4.195800e+000  -4.156379e+000  -4.077829e+000  -3.938635e+000  -3.660982e+000  -3.204168e+000  -2.623199e+000  -1.945790e+000  -1.196845e+000  -4.038981e-001  4.038981e-001  1.196845e+000  1.945790e+000  2.623199e+000  3.204168e+000  3.660982e+000  3.938635e+000  4.077829e+000  4.156379e+000  4.195800e+000  -0.000000e+000  
-4.195777e+000  -4.156357e+000  -4.077809e+000  -3.938616e+000  -3.660967e+000  -3.204156e+000  -2.623191e+000  -1.945785e+000  -1.196842e+000  -4.038972e-001  4.038972e-001  1.196842e+000  1.945785e+000  2.623191e+000  3.204156e+000  3.660967e+000  3.938616e+000  4.077809e+000  4.156357e+000  4.195777e+000  -0.000000e+000  
-4.195736e+000  -4.156318e+000  -4.077772e+000  -3.938584e+000  -3.660941e+000  -3.204138e+000  -2.623179e+000  -1.945777e+000  -1.196838e+000  -4.038958e-001  4.038958e-001  1.196838e+000  1.945777e+000  2.623179e+000  3.204138e+000  3.660941e+000  3.938584e+000  4.077772e+000  4.156318e+000  4.195736e+000  -0.000000e+000  
-4.195677e+000  -4.156262e+000  -4.077722e+000  -3.938541e+000  -3.660910e+000  -3.204116e+000  -2.623165e+000  -1.945768e+000  -1.196833e+000  -4.038943e-001  4.038943e-001  1.196833e+000  1.945768e+000  2.623165e+000  3.204116e+000  3.660910e+000  3.938541e+000  4.077722e+000  4.156262e+000  4.195677e+000  -0.000000e+000  
-4.195602e+000  -4.156195e+000  -4.077666e+000  -3.938498e+000  -3.660881e+000  -3.204099e+000  -2.623154e+000  -1.945762e+000  -1.196829e+000  -4.038932e-001  4.038932e-001  1.196829e+000  1.945762e+000  2.623154e+000  3.204099e+000  3.660881e+000  3.938498e+000  4.077666e+000  4.156195e+000  4.195602e+000  -0.000000e+000  
-4.195525e+000  -4.156133e+000  -4.077619e+000  -3.938467e+000  -3.660862e+000  -3.204088e+000  -2.623147e+000  -1.945758e+000  -1.196828e+000  -4.038925e-001  4.038925e-001  1.196828e+000  1.945758e+000  2.623147e+000  3.204088e+000  3.660862e+000  3.938467e+000  4.077619e+000  4.156133e+000  4.195525e+000  -0.000000e+000  
-4.195431e+000  -4.156071e+000  -4.077580e+000  -3.938444e+000  -3.660850e+000  -3.204081e+000  -2.623143e+000  -1.945756e+000  -1.196826e+000  -4.038922e-001  4.038922e-001  1.196826e+000  1.945756e+000  2.623143e+000  3.204081e+000  3.660850e+000  3.938444e+000  4.077580e+000  4.156071e+000  4.195431e+000  -0.000000e+000  
-4.195277e+000  -4.156009e+000  -4.077551e+000  -3.938430e+000  -3.660843e+000  -3.204078e+000  -2.623141e+000  -1.945755e+000  -1.196826e+000  -4.038920e-001  4.038920e-001  1.196826e+000  1.945755e+000  2.623141e+000  3.204078e+000  3.660843e+000  3.938430e+000  4.077551e+000  4.156009e+000  4.195277e+000  -0.000000e+000  
-0.000000e+000  -0.000000e+000  -0.000000e+000  -0.000000e+000  -0.000000e+000  -0.000000e+000  -0.000000e+000  -0.000000e+000  -0.000000e+000  -0.000000e+000  -0.000000e+000  -0.000000e+000  -0.000000e+000  -0.000000e+000  -0.000000e+000  -0.000000e+000  -0.000000e+000  -0.000000e+000  -0.000000e+000  -0.000000e+000  -0.000000e+000  

