Port monitor named: Port2_e1[9].prt

nx        = 39
ny        = 63
nz        = 88

nu        = 21
nv        = 12
iu        = 10
iv        = 11

idir      = 2
dcut      = 9.000000e-002
icut      = 82
type      = 0
frequency = 9.000000e+009

fcutoff   = 6.554762e+009
alpha     = 0.000000e+000
beta      = 1.292249e+002
accuracy  = 2.404039e-011

type          = TE
wave imp.     = 5.499028e+002
wave imp.sig. = 7.492345e-006
line imp.     = 0.000000e+000

ref. port     = 0

-0.000000e+000  -0.000000e+000  -0.000000e+000  -0.000000e+000  -0.000000e+000  -0.000000e+000  -0.000000e+000  -0.000000e+000  -0.000000e+000  -0.000000e+000  -0.000000e+000  -0.000000e+000  -0.000000e+000  -0.000000e+000  -0.000000e+000  -0.000000e+000  -0.000000e+000  -0.000000e+000  -0.000000e+000  -0.000000e+000  -0.000000e+000  
-1.635261e-002  -1.596500e-002  -1.522651e-002  -1.400716e-002  -1.188516e-002  -9.177658e-003  -6.610972e-003  -4.383485e-003  -2.481959e-003  -8.016017e-004  8.015952e-004  2.481960e-003  4.383482e-003  6.610973e-003  9.177659e-003  1.188516e-002  1.400716e-002  1.522650e-002  1.596500e-002  1.635261e-002  -0.000000e+000  
-3.293629e-002  -3.212767e-002  -3.059350e-002  -2.807037e-002  -2.371341e-002  -1.822509e-002  -1.307498e-002  -8.644007e-003  -4.885062e-003  -1.576285e-003  1.576279e-003  4.885059e-003  8.644006e-003  1.307498e-002  1.822509e-002  2.371342e-002  2.807038e-002  3.059350e-002  3.212767e-002  3.293630e-002  -0.000000e+000  
-5.001297e-002  -4.870734e-002  -4.625367e-002  -4.224335e-002  -3.541260e-002  -2.699874e-002  -1.923611e-002  -1.265468e-002  -7.129196e-003  -2.296912e-003  2.296905e-003  7.129193e-003  1.265468e-002  1.923612e-002  2.699875e-002  3.541260e-002  4.224336e-002  4.625368e-002  4.870735e-002  5.001298e-002  -0.000000e+000  
-7.461999e-002  -7.242486e-002  -6.832990e-002  -6.179438e-002  -5.102123e-002  -3.822323e-002  -2.686934e-002  -1.750548e-002  -9.801303e-003  -3.148444e-003  3.148435e-003  9.801298e-003  1.750547e-002  2.686934e-002  3.822323e-002  5.102123e-002  6.179439e-002  6.832990e-002  7.242486e-002  7.462000e-002  -0.000000e+000  
-1.134942e-001  -1.092104e-001  -1.014710e-001  -8.961533e-002  -7.128642e-002  -5.147092e-002  -3.516581e-002  -2.245444e-002  -1.241486e-002  -3.964051e-003  3.964044e-003  1.241486e-002  2.245443e-002  3.516581e-002  5.147092e-002  7.128642e-002  8.961534e-002  1.014710e-001  1.092104e-001  1.134942e-001  -0.000000e+000  
-1.656806e-001  -1.562343e-001  -1.404100e-001  -1.181819e-001  -8.795104e-002  -5.975370e-002  -3.905595e-002  -2.421757e-002  -1.315621e-002  -4.166473e-003  4.166472e-003  1.315621e-002  2.421756e-002  3.905595e-002  5.975370e-002  8.795104e-002  1.181819e-001  1.404100e-001  1.562343e-001  1.656806e-001  -0.000000e+000  
-2.448052e-001  -2.195386e-001  -1.836455e-001  -1.409459e-001  -9.381258e-002  -5.839869e-002  -3.607027e-002  -2.160481e-002  -1.150906e-002  -3.612844e-003  3.612845e-003  1.150906e-002  2.160481e-002  3.607027e-002  5.839869e-002  9.381259e-002  1.409459e-001  1.836455e-001  2.195386e-001  2.448052e-001  -0.000000e+000  
-3.519843e-001  -2.836826e-001  -2.107625e-001  -1.426903e-001  -8.432470e-002  -4.862805e-002  -2.878517e-002  -1.684256e-002  -8.861776e-003  -2.766929e-003  2.766933e-003  8.861777e-003  1.684256e-002  2.878517e-002  4.862805e-002  8.432470e-002  1.426903e-001  2.107626e-001  2.836826e-001  3.519843e-001  -0.000000e+000  
-5.064667e-001  -3.329626e-001  -2.100316e-001  -1.239893e-001  -6.608473e-002  -3.606055e-002  -2.076393e-002  -1.197902e-002  -6.257864e-003  -1.947977e-003  1.947976e-003  6.257864e-003  1.197902e-002  2.076393e-002  3.606055e-002  6.608474e-002  1.239893e-001  2.100316e-001  3.329626e-001  5.064667e-001  -0.000000e+000  
-8.276164e-001  -3.291916e-001  -1.573935e-001  -7.756123e-002  -3.714736e-002  -1.933546e-002  -1.090633e-002  -6.230964e-003  -3.239648e-003  -1.006460e-003  1.006457e-003  3.239646e-003  6.230964e-003  1.090633e-002  1.933546e-002  3.714736e-002  7.756123e-002  1.573935e-001  3.291916e-001  8.276164e-001  -0.000000e+000  
-0.000000e+000  -0.000000e+000  -0.000000e+000  -0.000000e+000  -0.000000e+000  -0.000000e+000  -0.000000e+000  -0.000000e+000  -0.000000e+000  -0.000000e+000  -0.000000e+000  -0.000000e+000  -0.000000e+000  -0.000000e+000  -0.000000e+000  -0.000000e+000  -0.000000e+000  -0.000000e+000  -0.000000e+000  -0.000000e+000  -0.000000e+000  

-0.000000e+000  2.103292e+002  4.188924e+002  6.235144e+002  8.964552e+002  1.249607e+003  1.567417e+003  1.827604e+003  2.020602e+003  2.139315e+003  2.179377e+003  2.139315e+003  2.020602e+003  1.827604e+003  1.567417e+003  1.249607e+003  8.964552e+002  6.235144e+002  4.188924e+002  2.103292e+002  -0.000000e+000  
-0.000000e+000  2.103288e+002  4.188917e+002  6.235134e+002  8.964539e+002  1.249605e+003  1.567415e+003  1.827603e+003  2.020601e+003  2.139314e+003  2.179376e+003  2.139314e+003  2.020601e+003  1.827603e+003  1.567415e+003  1.249605e+003  8.964539e+002  6.235134e+002  4.188917e+002  2.103288e+002  -0.000000e+000  
-0.000000e+000  2.103280e+002  4.188901e+002  6.235113e+002  8.964513e+002  1.249602e+003  1.567413e+003  1.827601e+003  2.020599e+003  2.139312e+003  2.179374e+003  2.139312e+003  2.020599e+003  1.827601e+003  1.567413e+003  1.249602e+003  8.964513e+002  6.235113e+002  4.188901e+002  2.103280e+002  -0.000000e+000  
-0.000000e+000  2.103265e+002  4.188872e+002  6.235073e+002  8.964465e+002  1.249597e+003  1.567408e+003  1.827597e+003  2.020596e+003  2.139309e+003  2.179372e+003  2.139309e+003  2.020596e+003  1.827597e+003  1.567408e+003  1.249597e+003  8.964465e+002  6.235073e+002  4.188872e+002  2.103265e+002  -0.000000e+000  
-0.000000e+000  2.103230e+002  4.188806e+002  6.234984e+002  8.964359e+002  1.249587e+003  1.567399e+003  1.827589e+003  2.020590e+003  2.139304e+003  2.179366e+003  2.139304e+003  2.020590e+003  1.827589e+003  1.567399e+003  1.249587e+003  8.964359e+002  6.234984e+002  4.188806e+002  2.103230e+002  -0.000000e+000  
-0.000000e+000  2.103147e+002  4.188658e+002  6.234793e+002  8.964147e+002  1.249567e+003  1.567383e+003  1.827577e+003  2.020580e+003  2.139296e+003  2.179359e+003  2.139296e+003  2.020580e+003  1.827577e+003  1.567383e+003  1.249567e+003  8.964147e+002  6.234793e+002  4.188658e+002  2.103147e+002  -0.000000e+000  
-0.000000e+000  2.102966e+002  4.188354e+002  6.234435e+002  8.963795e+002  1.249539e+003  1.567363e+003  1.827562e+003  2.020569e+003  2.139287e+003  2.179351e+003  2.139287e+003  2.020569e+003  1.827562e+003  1.567363e+003  1.249539e+003  8.963795e+002  6.234435e+002  4.188354e+002  2.102966e+002  -0.000000e+000  
-0.000000e+000  2.102557e+002  4.187773e+002  6.233854e+002  8.963333e+002  1.249510e+003  1.567345e+003  1.827551e+003  2.020561e+003  2.139281e+003  2.179345e+003  2.139281e+003  2.020561e+003  1.827551e+003  1.567345e+003  1.249510e+003  8.963333e+002  6.233854e+002  4.187773e+002  2.102557e+002  -0.000000e+000  
-0.000000e+000  2.101755e+002  4.186917e+002  6.233183e+002  8.962918e+002  1.249489e+003  1.567333e+003  1.827543e+003  2.020556e+003  2.139277e+003  2.179341e+003  2.139277e+003  2.020556e+003  1.827543e+003  1.567333e+003  1.249489e+003  8.962918e+002  6.233183e+002  4.186917e+002  2.101755e+002  -0.000000e+000  
-0.000000e+000  2.100031e+002  4.185697e+002  6.232466e+002  8.962570e+002  1.249473e+003  1.567325e+003  1.827539e+003  2.020553e+003  2.139275e+003  2.179339e+003  2.139275e+003  2.020553e+003  1.827539e+003  1.567325e+003  1.249473e+003  8.962570e+002  6.232466e+002  4.185697e+002  2.100031e+002  -0.000000e+000  
-0.000000e+000  2.095079e+002  4.183990e+002  6.231800e+002  8.962327e+002  1.249464e+003  1.567321e+003  1.827537e+003  2.020552e+003  2.139274e+003  2.179338e+003  2.139274e+003  2.020552e+003  1.827537e+003  1.567321e+003  1.249464e+003  8.962327e+002  6.231800e+002  4.183990e+002  2.095079e+002  -0.000000e+000  
-0.000000e+000  -0.000000e+000  -0.000000e+000  -0.000000e+000  -0.000000e+000  -0.000000e+000  -0.000000e+000  -0.000000e+000  -0.000000e+000  -0.000000e+000  -0.000000e+000  -0.000000e+000  -0.000000e+000  -0.000000e+000  -0.000000e+000  -0.000000e+000  -0.000000e+000  -0.000000e+000  -0.000000e+000  -0.000000e+000  -0.000000e+000  

0.000000e+000  0.000000e+000  0.000000e+000  0.000000e+000  0.000000e+000  0.000000e+000  0.000000e+000  0.000000e+000  0.000000e+000  0.000000e+000  0.000000e+000  0.000000e+000  0.000000e+000  0.000000e+000  0.000000e+000  0.000000e+000  0.000000e+000  0.000000e+000  0.000000e+000  0.000000e+000  0.000000e+000  
0.000000e+000  0.000000e+000  0.000000e+000  0.000000e+000  0.000000e+000  0.000000e+000  0.000000e+000  0.000000e+000  0.000000e+000  0.000000e+000  0.000000e+000  0.000000e+000  0.000000e+000  0.000000e+000  0.000000e+000  0.000000e+000  0.000000e+000  0.000000e+000  0.000000e+000  0.000000e+000  0.000000e+000  
0.000000e+000  0.000000e+000  0.000000e+000  0.000000e+000  0.000000e+000  0.000000e+000  0.000000e+000  0.000000e+000  0.000000e+000  0.000000e+000  0.000000e+000  0.000000e+000  0.000000e+000  0.000000e+000  0.000000e+000  0.000000e+000  0.000000e+000  0.000000e+000  0.000000e+000  0.000000e+000  0.000000e+000  
0.000000e+000  0.000000e+000  0.000000e+000  0.000000e+000  0.000000e+000  0.000000e+000  0.000000e+000  0.000000e+000  0.000000e+000  0.000000e+000  0.000000e+000  0.000000e+000  0.000000e+000  0.000000e+000  0.000000e+000  0.000000e+000  0.000000e+000  0.000000e+000  0.000000e+000  0.000000e+000  0.000000e+000  
0.000000e+000  0.000000e+000  0.000000e+000  0.000000e+000  0.000000e+000  0.000000e+000  0.000000e+000  0.000000e+000  0.000000e+000  0.000000e+000  0.000000e+000  0.000000e+000  0.000000e+000  0.000000e+000  0.000000e+000  0.000000e+000  0.000000e+000  0.000000e+000  0.000000e+000  0.000000e+000  0.000000e+000  
0.000000e+000  0.000000e+000  0.000000e+000  0.000000e+000  0.000000e+000  0.000000e+000  0.000000e+000  0.000000e+000  0.000000e+000  0.000000e+000  0.000000e+000  0.000000e+000  0.000000e+000  0.000000e+000  0.000000e+000  0.000000e+000  0.000000e+000  0.000000e+000  0.000000e+000  0.000000e+000  0.000000e+000  
0.000000e+000  0.000000e+000  0.000000e+000  0.000000e+000  0.000000e+000  0.000000e+000  0.000000e+000  0.000000e+000  0.000000e+000  0.000000e+000  0.000000e+000  0.000000e+000  0.000000e+000  0.000000e+000  0.000000e+000  0.000000e+000  0.000000e+000  0.000000e+000  0.000000e+000  0.000000e+000  0.000000e+000  
0.000000e+000  0.000000e+000  0.000000e+000  0.000000e+000  0.000000e+000  0.000000e+000  0.000000e+000  0.000000e+000  0.000000e+000  0.000000e+000  0.000000e+000  0.000000e+000  0.000000e+000  0.000000e+000  0.000000e+000  0.000000e+000  0.000000e+000  0.000000e+000  0.000000e+000  0.000000e+000  0.000000e+000  
0.000000e+000  0.000000e+000  0.000000e+000  0.000000e+000  0.000000e+000  0.000000e+000  0.000000e+000  0.000000e+000  0.000000e+000  0.000000e+000  0.000000e+000  0.000000e+000  0.000000e+000  0.000000e+000  0.000000e+000  0.000000e+000  0.000000e+000  0.000000e+000  0.000000e+000  0.000000e+000  0.000000e+000  
0.000000e+000  0.000000e+000  0.000000e+000  0.000000e+000  0.000000e+000  0.000000e+000  0.000000e+000  0.000000e+000  0.000000e+000  0.000000e+000  0.000000e+000  0.000000e+000  0.000000e+000  0.000000e+000  0.000000e+000  0.000000e+000  0.000000e+000  0.000000e+000  0.000000e+000  0.000000e+000  0.000000e+000  
0.000000e+000  0.000000e+000  0.000000e+000  0.000000e+000  0.000000e+000  0.000000e+000  0.000000e+000  0.000000e+000  0.000000e+000  0.000000e+000  0.000000e+000  0.000000e+000  0.000000e+000  0.000000e+000  0.000000e+000  0.000000e+000  0.000000e+000  0.000000e+000  0.000000e+000  0.000000e+000  0.000000e+000  
0.000000e+000  0.000000e+000  0.000000e+000  0.000000e+000  0.000000e+000  0.000000e+000  0.000000e+000  0.000000e+000  0.000000e+000  0.000000e+000  0.000000e+000  0.000000e+000  0.000000e+000  0.000000e+000  0.000000e+000  0.000000e+000  0.000000e+000  0.000000e+000  0.000000e+000  0.000000e+000  0.000000e+000  

0.000000e+000  0.000000e+000  0.000000e+000  0.000000e+000  0.000000e+000  0.000000e+000  0.000000e+000  0.000000e+000  0.000000e+000  0.000000e+000  0.000000e+000  0.000000e+000  0.000000e+000  0.000000e+000  0.000000e+000  0.000000e+000  0.000000e+000  0.000000e+000  0.000000e+000  0.000000e+000  0.000000e+000  
0.000000e+000  0.000000e+000  0.000000e+000  0.000000e+000  0.000000e+000  0.000000e+000  0.000000e+000  0.000000e+000  0.000000e+000  0.000000e+000  0.000000e+000  0.000000e+000  0.000000e+000  0.000000e+000  0.000000e+000  0.000000e+000  0.000000e+000  0.000000e+000  0.000000e+000  0.000000e+000  0.000000e+000  
0.000000e+000  0.000000e+000  0.000000e+000  0.000000e+000  0.000000e+000  0.000000e+000  0.000000e+000  0.000000e+000  0.000000e+000  0.000000e+000  0.000000e+000  0.000000e+000  0.000000e+000  0.000000e+000  0.000000e+000  0.000000e+000  0.000000e+000  0.000000e+000  0.000000e+000  0.000000e+000  0.000000e+000  
0.000000e+000  0.000000e+000  0.000000e+000  0.000000e+000  0.000000e+000  0.000000e+000  0.000000e+000  0.000000e+000  0.000000e+000  0.000000e+000  0.000000e+000  0.000000e+000  0.000000e+000  0.000000e+000  0.000000e+000  0.000000e+000  0.000000e+000  0.000000e+000  0.000000e+000  0.000000e+000  0.000000e+000  
0.000000e+000  0.000000e+000  0.000000e+000  0.000000e+000  0.000000e+000  0.000000e+000  0.000000e+000  0.000000e+000  0.000000e+000  0.000000e+000  0.000000e+000  0.000000e+000  0.000000e+000  0.000000e+000  0.000000e+000  0.000000e+000  0.000000e+000  0.000000e+000  0.000000e+000  0.000000e+000  0.000000e+000  
0.000000e+000  0.000000e+000  0.000000e+000  0.000000e+000  0.000000e+000  0.000000e+000  0.000000e+000  0.000000e+000  0.000000e+000  0.000000e+000  0.000000e+000  0.000000e+000  0.000000e+000  0.000000e+000  0.000000e+000  0.000000e+000  0.000000e+000  0.000000e+000  0.000000e+000  0.000000e+000  0.000000e+000  
0.000000e+000  0.000000e+000  0.000000e+000  0.000000e+000  0.000000e+000  0.000000e+000  0.000000e+000  0.000000e+000  0.000000e+000  0.000000e+000  0.000000e+000  0.000000e+000  0.000000e+000  0.000000e+000  0.000000e+000  0.000000e+000  0.000000e+000  0.000000e+000  0.000000e+000  0.000000e+000  0.000000e+000  
0.000000e+000  0.000000e+000  0.000000e+000  0.000000e+000  0.000000e+000  0.000000e+000  0.000000e+000  0.000000e+000  0.000000e+000  0.000000e+000  0.000000e+000  0.000000e+000  0.000000e+000  0.000000e+000  0.000000e+000  0.000000e+000  0.000000e+000  0.000000e+000  0.000000e+000  0.000000e+000  0.000000e+000  
0.000000e+000  0.000000e+000  0.000000e+000  0.000000e+000  0.000000e+000  0.000000e+000  0.000000e+000  0.000000e+000  0.000000e+000  0.000000e+000  0.000000e+000  0.000000e+000  0.000000e+000  0.000000e+000  0.000000e+000  0.000000e+000  0.000000e+000  0.000000e+000  0.000000e+000  0.000000e+000  0.000000e+000  
0.000000e+000  0.000000e+000  0.000000e+000  0.000000e+000  0.000000e+000  0.000000e+000  0.000000e+000  0.000000e+000  0.000000e+000  0.000000e+000  0.000000e+000  0.000000e+000  0.000000e+000  0.000000e+000  0.000000e+000  0.000000e+000  0.000000e+000  0.000000e+000  0.000000e+000  0.000000e+000  0.000000e+000  
0.000000e+000  0.000000e+000  0.000000e+000  0.000000e+000  0.000000e+000  0.000000e+000  0.000000e+000  0.000000e+000  0.000000e+000  0.000000e+000  0.000000e+000  0.000000e+000  0.000000e+000  0.000000e+000  0.000000e+000  0.000000e+000  0.000000e+000  0.000000e+000  0.000000e+000  0.000000e+000  0.000000e+000  
0.000000e+000  0.000000e+000  0.000000e+000  0.000000e+000  0.000000e+000  0.000000e+000  0.000000e+000  0.000000e+000  0.000000e+000  0.000000e+000  0.000000e+000  0.000000e+000  0.000000e+000  0.000000e+000  0.000000e+000  0.000000e+000  0.000000e+000  0.000000e+000  0.000000e+000  0.000000e+000  0.000000e+000  

0.000000e+000  0.000000e+000  0.000000e+000  0.000000e+000  0.000000e+000  0.000000e+000  0.000000e+000  0.000000e+000  0.000000e+000  0.000000e+000  0.000000e+000  0.000000e+000  0.000000e+000  0.000000e+000  0.000000e+000  0.000000e+000  0.000000e+000  0.000000e+000  0.000000e+000  0.000000e+000  0.000000e+000  
0.000000e+000  0.000000e+000  0.000000e+000  0.000000e+000  0.000000e+000  0.000000e+000  0.000000e+000  0.000000e+000  0.000000e+000  0.000000e+000  0.000000e+000  0.000000e+000  0.000000e+000  0.000000e+000  0.000000e+000  0.000000e+000  0.000000e+000  0.000000e+000  0.000000e+000  0.000000e+000  0.000000e+000  
0.000000e+000  0.000000e+000  0.000000e+000  0.000000e+000  0.000000e+000  0.000000e+000  0.000000e+000  0.000000e+000  0.000000e+000  0.000000e+000  0.000000e+000  0.000000e+000  0.000000e+000  0.000000e+000  0.000000e+000  0.000000e+000  0.000000e+000  0.000000e+000  0.000000e+000  0.000000e+000  0.000000e+000  
0.000000e+000  0.000000e+000  0.000000e+000  0.000000e+000  0.000000e+000  0.000000e+000  0.000000e+000  0.000000e+000  0.000000e+000  0.000000e+000  0.000000e+000  0.000000e+000  0.000000e+000  0.000000e+000  0.000000e+000  0.000000e+000  0.000000e+000  0.000000e+000  0.000000e+000  0.000000e+000  0.000000e+000  
0.000000e+000  0.000000e+000  0.000000e+000  0.000000e+000  0.000000e+000  0.000000e+000  0.000000e+000  0.000000e+000  0.000000e+000  0.000000e+000  0.000000e+000  0.000000e+000  0.000000e+000  0.000000e+000  0.000000e+000  0.000000e+000  0.000000e+000  0.000000e+000  0.000000e+000  0.000000e+000  0.000000e+000  
0.000000e+000  0.000000e+000  0.000000e+000  0.000000e+000  0.000000e+000  0.000000e+000  0.000000e+000  0.000000e+000  0.000000e+000  0.000000e+000  0.000000e+000  0.000000e+000  0.000000e+000  0.000000e+000  0.000000e+000  0.000000e+000  0.000000e+000  0.000000e+000  0.000000e+000  0.000000e+000  0.000000e+000  
0.000000e+000  0.000000e+000  0.000000e+000  0.000000e+000  0.000000e+000  0.000000e+000  0.000000e+000  0.000000e+000  0.000000e+000  0.000000e+000  0.000000e+000  0.000000e+000  0.000000e+000  0.000000e+000  0.000000e+000  0.000000e+000  0.000000e+000  0.000000e+000  0.000000e+000  0.000000e+000  0.000000e+000  
0.000000e+000  0.000000e+000  0.000000e+000  0.000000e+000  0.000000e+000  0.000000e+000  0.000000e+000  0.000000e+000  0.000000e+000  0.000000e+000  0.000000e+000  0.000000e+000  0.000000e+000  0.000000e+000  0.000000e+000  0.000000e+000  0.000000e+000  0.000000e+000  0.000000e+000  0.000000e+000  0.000000e+000  
0.000000e+000  0.000000e+000  0.000000e+000  0.000000e+000  0.000000e+000  0.000000e+000  0.000000e+000  0.000000e+000  0.000000e+000  0.000000e+000  0.000000e+000  0.000000e+000  0.000000e+000  0.000000e+000  0.000000e+000  0.000000e+000  0.000000e+000  0.000000e+000  0.000000e+000  0.000000e+000  0.000000e+000  
0.000000e+000  0.000000e+000  0.000000e+000  0.000000e+000  0.000000e+000  0.000000e+000  0.000000e+000  0.000000e+000  0.000000e+000  0.000000e+000  0.000000e+000  0.000000e+000  0.000000e+000  0.000000e+000  0.000000e+000  0.000000e+000  0.000000e+000  0.000000e+000  0.000000e+000  0.000000e+000  0.000000e+000  
0.000000e+000  0.000000e+000  0.000000e+000  0.000000e+000  0.000000e+000  0.000000e+000  0.000000e+000  0.000000e+000  0.000000e+000  0.000000e+000  0.000000e+000  0.000000e+000  0.000000e+000  0.000000e+000  0.000000e+000  0.000000e+000  0.000000e+000  0.000000e+000  0.000000e+000  0.000000e+000  0.000000e+000  
0.000000e+000  0.000000e+000  0.000000e+000  0.000000e+000  0.000000e+000  0.000000e+000  0.000000e+000  0.000000e+000  0.000000e+000  0.000000e+000  0.000000e+000  0.000000e+000  0.000000e+000  0.000000e+000  0.000000e+000  0.000000e+000  0.000000e+000  0.000000e+000  0.000000e+000  0.000000e+000  0.000000e+000  

-0.000000e+000  -0.000000e+000  -0.000000e+000  -0.000000e+000  -0.000000e+000  -0.000000e+000  -0.000000e+000  -0.000000e+000  -0.000000e+000  -0.000000e+000  -0.000000e+000  -0.000000e+000  -0.000000e+000  -0.000000e+000  -0.000000e+000  -0.000000e+000  -0.000000e+000  -0.000000e+000  -0.000000e+000  -0.000000e+000  -0.000000e+000  
-0.000000e+000  -6.501264e-007  -1.356188e-006  -1.995018e-006  -2.834435e-006  -4.468352e-006  -4.540676e-006  -4.661282e-006  -4.982773e-006  -5.157608e-006  -5.226817e-006  -5.170874e-006  -4.907556e-006  -4.688373e-006  -4.546368e-006  -4.444487e-006  -2.801147e-006  -1.892750e-006  -1.611556e-006  -5.093288e-007  -0.000000e+000  
-0.000000e+000  -1.309975e-006  -2.717598e-006  -4.126205e-006  -5.367484e-006  -9.442400e-006  -8.878984e-006  -9.305498e-006  -9.885466e-006  -1.032054e-005  -1.050325e-005  -1.028936e-005  -9.874891e-006  -9.332116e-006  -8.907968e-006  -9.401590e-006  -5.367617e-006  -4.154785e-006  -2.665953e-006  -1.378790e-006  -0.000000e+000  
-0.000000e+000  -1.659908e-006  -4.527502e-006  -6.255670e-006  -7.259633e-006  -1.544329e-005  -1.297555e-005  -1.372941e-005  -1.478764e-005  -1.549427e-005  -1.569828e-005  -1.549415e-005  -1.477793e-005  -1.376855e-005  -1.297697e-005  -1.545160e-005  -7.291346e-006  -6.288674e-006  -4.430479e-006  -1.762873e-006  -0.000000e+000  
-0.000000e+000  -2.050511e-006  -3.970446e-006  -6.642640e-006  -1.026588e-005  -1.144133e-005  -1.524870e-005  -1.743949e-005  -1.902674e-005  -2.002060e-005  -2.035620e-005  -2.002538e-005  -1.898351e-005  -1.747498e-005  -1.528307e-005  -1.143915e-005  -1.035738e-005  -6.570374e-006  -4.024006e-006  -2.056133e-006  -0.000000e+000  
-0.000000e+000  -1.270917e-006  -2.133320e-006  -2.813585e-006  -4.780867e-006  -7.125128e-006  -9.689330e-006  -1.133810e-005  -1.251367e-005  -1.318838e-005  -1.342022e-005  -1.319718e-005  -1.247626e-005  -1.135612e-005  -9.692172e-006  -7.175740e-006  -4.818240e-006  -2.763050e-006  -2.138566e-006  -1.309483e-006  -0.000000e+000  
-0.000000e+000  1.197768e-006  2.045273e-006  2.727507e-006  4.768580e-006  7.150551e-006  9.720726e-006  1.133321e-005  1.247701e-005  1.318651e-005  1.342508e-005  1.317938e-005  1.248716e-005  1.131550e-005  9.677772e-006  7.115229e-006  4.754272e-006  2.738219e-006  2.118233e-006  1.287502e-006  -0.000000e+000  
-0.000000e+000  2.024612e-006  3.953117e-006  6.599495e-006  1.030852e-005  1.144097e-005  1.526927e-005  1.748946e-005  1.907714e-005  2.004373e-005  2.039937e-005  2.003689e-005  1.902581e-005  1.744325e-005  1.524788e-005  1.142935e-005  1.027074e-005  6.582938e-006  3.980149e-006  2.056961e-006  -0.000000e+000  
-0.000000e+000  1.717329e-006  4.342542e-006  6.286934e-006  7.289299e-006  1.545937e-005  1.299136e-005  1.375920e-005  1.469729e-005  1.547526e-005  1.580217e-005  1.553416e-005  1.478723e-005  1.370992e-005  1.296103e-005  1.547767e-005  7.278057e-006  6.334977e-006  4.422163e-006  1.732914e-006  -0.000000e+000  
-0.000000e+000  1.235669e-006  2.919275e-006  3.989635e-006  5.394266e-006  9.391298e-006  8.896038e-006  9.269845e-006  9.917413e-006  1.033981e-005  1.048953e-005  1.036708e-005  9.893399e-006  9.262386e-006  8.925935e-006  9.365745e-006  5.438187e-006  3.978553e-006  2.890287e-006  1.182680e-006  -0.000000e+000  
-0.000000e+000  6.854997e-007  1.377281e-006  2.030280e-006  2.784606e-006  4.429785e-006  4.462752e-006  4.663778e-006  5.024868e-006  5.208366e-006  5.215796e-006  5.157623e-006  4.951056e-006  4.743702e-006  4.498013e-006  4.465776e-006  2.742139e-006  2.082946e-006  1.219486e-006  7.404619e-007  -0.000000e+000  
-0.000000e+000  -0.000000e+000  -0.000000e+000  -0.000000e+000  -0.000000e+000  -0.000000e+000  -0.000000e+000  -0.000000e+000  -0.000000e+000  -0.000000e+000  -0.000000e+000  -0.000000e+000  -0.000000e+000  -0.000000e+000  -0.000000e+000  -0.000000e+000  -0.000000e+000  -0.000000e+000  -0.000000e+000  -0.000000e+000  -0.000000e+000  

