Port monitor named: Port3_h1[9].prt

nx        = 39
ny        = 63
nz        = 88

nu        = 21
nv        = 12
iu        = 10
iv        = 11

idir      = 2
dcut      = 0.000000e+000
icut      = 7
type      = 1
frequency = 9.000000e+009

fcutoff   = 6.554762e+009
alpha     = 0.000000e+000
beta      = 1.292249e+002
accuracy  = 1.130077e-011

type          = TE
wave imp.     = 5.499028e+002
wave imp.sig. = 7.490017e-006
line imp.     = 0.000000e+000

ref. port     = 0

0.000000e+000  -3.824844e-001  -7.617571e-001  -1.133863e+000  -1.630207e+000  -2.272413e+000  -2.850352e+000  -3.323504e+000  -3.674472e+000  -3.890351e+000  -3.963203e+000  -3.890351e+000  -3.674472e+000  -3.323504e+000  -2.850352e+000  -2.272413e+000  -1.630207e+000  -1.133863e+000  -7.617571e-001  -3.824844e-001  0.000000e+000  
0.000000e+000  -3.824837e-001  -7.617557e-001  -1.133861e+000  -1.630204e+000  -2.272411e+000  -2.850350e+000  -3.323502e+000  -3.674470e+000  -3.890349e+000  -3.963202e+000  -3.890349e+000  -3.674470e+000  -3.323502e+000  -2.850350e+000  -2.272411e+000  -1.630204e+000  -1.133861e+000  -7.617557e-001  -3.824837e-001  0.000000e+000  
0.000000e+000  -3.824822e-001  -7.617529e-001  -1.133857e+000  -1.630200e+000  -2.272406e+000  -2.850345e+000  -3.323498e+000  -3.674466e+000  -3.890346e+000  -3.963199e+000  -3.890346e+000  -3.674466e+000  -3.323498e+000  -2.850345e+000  -2.272406e+000  -1.630200e+000  -1.133857e+000  -7.617529e-001  -3.824822e-001  0.000000e+000  
0.000000e+000  -3.824794e-001  -7.617477e-001  -1.133850e+000  -1.630191e+000  -2.272397e+000  -2.850337e+000  -3.323490e+000  -3.674460e+000  -3.890341e+000  -3.963194e+000  -3.890341e+000  -3.674460e+000  -3.323490e+000  -2.850337e+000  -2.272397e+000  -1.630191e+000  -1.133850e+000  -7.617477e-001  -3.824794e-001  0.000000e+000  
0.000000e+000  -3.824730e-001  -7.617357e-001  -1.133834e+000  -1.630171e+000  -2.272377e+000  -2.850320e+000  -3.323477e+000  -3.674449e+000  -3.890331e+000  -3.963185e+000  -3.890331e+000  -3.674449e+000  -3.323477e+000  -2.850320e+000  -2.272377e+000  -1.630171e+000  -1.133834e+000  -7.617357e-001  -3.824730e-001  0.000000e+000  
0.000000e+000  -3.824580e-001  -7.617087e-001  -1.133799e+000  -1.630133e+000  -2.272342e+000  -2.850291e+000  -3.323454e+000  -3.674431e+000  -3.890316e+000  -3.963171e+000  -3.890316e+000  -3.674431e+000  -3.323454e+000  -2.850291e+000  -2.272342e+000  -1.630133e+000  -1.133799e+000  -7.617087e-001  -3.824580e-001  0.000000e+000  
0.000000e+000  -3.824251e-001  -7.616535e-001  -1.133734e+000  -1.630069e+000  -2.272291e+000  -2.850254e+000  -3.323428e+000  -3.674412e+000  -3.890300e+000  -3.963156e+000  -3.890300e+000  -3.674412e+000  -3.323428e+000  -2.850254e+000  -2.272291e+000  -1.630069e+000  -1.133734e+000  -7.616535e-001  -3.824251e-001  0.000000e+000  
0.000000e+000  -3.823506e-001  -7.615477e-001  -1.133628e+000  -1.629985e+000  -2.272238e+000  -2.850221e+000  -3.323406e+000  -3.674397e+000  -3.890288e+000  -3.963145e+000  -3.890288e+000  -3.674397e+000  -3.323406e+000  -2.850221e+000  -2.272238e+000  -1.629985e+000  -1.133628e+000  -7.615477e-001  -3.823506e-001  0.000000e+000  
0.000000e+000  -3.822048e-001  -7.613922e-001  -1.133506e+000  -1.629909e+000  -2.272199e+000  -2.850200e+000  -3.323393e+000  -3.674388e+000  -3.890282e+000  -3.963139e+000  -3.890282e+000  -3.674388e+000  -3.323393e+000  -2.850200e+000  -2.272199e+000  -1.629909e+000  -1.133506e+000  -7.613922e-001  -3.822048e-001  0.000000e+000  
0.000000e+000  -3.818913e-001  -7.611702e-001  -1.133376e+000  -1.629846e+000  -2.272171e+000  -2.850186e+000  -3.323385e+000  -3.674383e+000  -3.890278e+000  -3.963136e+000  -3.890278e+000  -3.674383e+000  -3.323385e+000  -2.850186e+000  -2.272171e+000  -1.629846e+000  -1.133376e+000  -7.611702e-001  -3.818913e-001  0.000000e+000  
0.000000e+000  -3.809907e-001  -7.608599e-001  -1.133255e+000  -1.629802e+000  -2.272155e+000  -2.850178e+000  -3.323381e+000  -3.674380e+000  -3.890276e+000  -3.963134e+000  -3.890276e+000  -3.674380e+000  -3.323381e+000  -2.850178e+000  -2.272155e+000  -1.629802e+000  -1.133255e+000  -7.608599e-001  -3.809907e-001  0.000000e+000  
0.000000e+000  0.000000e+000  0.000000e+000  0.000000e+000  0.000000e+000  0.000000e+000  0.000000e+000  0.000000e+000  0.000000e+000  0.000000e+000  0.000000e+000  0.000000e+000  0.000000e+000  0.000000e+000  0.000000e+000  0.000000e+000  0.000000e+000  0.000000e+000  0.000000e+000  0.000000e+000  0.000000e+000  

0.000000e+000  0.000000e+000  0.000000e+000  0.000000e+000  0.000000e+000  0.000000e+000  0.000000e+000  0.000000e+000  0.000000e+000  0.000000e+000  0.000000e+000  0.000000e+000  0.000000e+000  0.000000e+000  0.000000e+000  0.000000e+000  0.000000e+000  0.000000e+000  0.000000e+000  0.000000e+000  0.000000e+000  
-2.975163e-005  -2.904431e-005  -2.770299e-005  -2.548387e-005  -2.163055e-005  -1.668970e-005  -1.202391e-005  -7.974170e-006  -4.515576e-006  -1.458632e-006  1.458624e-006  4.515500e-006  7.974125e-006  1.202417e-005  1.668953e-005  2.163080e-005  2.548345e-005  2.770270e-005  2.904543e-005  2.975099e-005  0.000000e+000  
-5.991961e-005  -5.845572e-005  -5.565856e-005  -5.106553e-005  -4.316464e-005  -3.313713e-005  -2.378077e-005  -1.572540e-005  -8.887722e-006  -2.868454e-006  2.868128e-006  8.888110e-006  1.572523e-005  2.378073e-005  3.313735e-005  4.316451e-005  5.106531e-005  5.565927e-005  5.845421e-005  5.992084e-005  0.000000e+000  
-9.098373e-005  -8.862756e-005  -8.414912e-005  -7.683437e-005  -6.448253e-005  -4.907232e-005  -3.498880e-005  -2.302285e-005  -1.297178e-005  -4.179453e-006  4.179355e-006  1.297171e-005  2.302300e-005  3.498876e-005  4.907246e-005  6.448224e-005  7.683445e-005  8.414812e-005  8.862993e-005  9.098266e-005  0.000000e+000  
-1.357373e-004  -1.317440e-004  -1.243098e-004  -1.124266e-004  -9.279436e-005  -6.954745e-005  -4.888391e-005  -3.184970e-005  -1.783393e-005  -5.728848e-006  5.728838e-006  1.783375e-005  3.184993e-005  4.888387e-005  6.954745e-005  9.279425e-005  1.124264e-004  1.243104e-004  1.317432e-004  1.357380e-004  0.000000e+000  
-2.064145e-004  -1.986156e-004  -1.845395e-004  -1.629948e-004  -1.296590e-004  -9.362579e-005  -6.396567e-005  -4.084512e-005  -2.258338e-005  -7.211207e-006  7.211065e-006  2.258352e-005  4.084503e-005  6.396596e-005  9.362555e-005  1.296590e-004  1.629948e-004  1.845390e-004  1.986159e-004  2.064146e-004  0.000000e+000  
-3.012662e-004  -2.840959e-004  -2.553221e-004  -2.148848e-004  -1.599150e-004  -1.086366e-004  -7.100664e-005  -4.402819e-005  -2.391747e-005  -7.574275e-006  7.574339e-006  2.391734e-005  4.402834e-005  7.100668e-005  1.086367e-004  1.599146e-004  2.148854e-004  2.553217e-004  2.840961e-004  3.012658e-004  0.000000e+000  
-4.451381e-004  -3.991934e-004  -3.339075e-004  -2.562567e-004  -1.705868e-004  -1.061599e-004  -6.557194e-005  -3.927230e-005  -2.091923e-005  -6.566406e-006  6.566705e-006  2.091908e-005  3.927222e-005  6.557205e-005  1.061597e-004  1.705866e-004  2.562573e-004  3.339075e-004  3.991927e-004  4.451383e-004  0.000000e+000  
-6.400502e-004  -5.158237e-004  -3.832351e-004  -2.594690e-004  -1.532602e-004  -8.845500e-005  -5.233792e-005  -3.061784e-005  -1.610788e-005  -5.029177e-006  5.029131e-006  1.610790e-005  3.061796e-005  5.233850e-005  8.845475e-005  1.532601e-004  2.594690e-004  3.832348e-004  5.158234e-004  6.400503e-004  0.000000e+000  
-9.209854e-004  -6.054621e-004  -3.819208e-004  -2.254543e-004  -1.201340e-004  -6.558148e-005  -3.775514e-005  -2.177796e-005  -1.137533e-005  -3.540780e-006  3.540934e-006  1.137517e-005  2.177811e-005  3.775512e-005  6.558151e-005  1.201336e-004  2.254550e-004  3.819193e-004  6.054636e-004  9.209847e-004  0.000000e+000  
-1.505009e-003  -5.986228e-004  -2.862061e-004  -1.410346e-004  -6.753488e-005  -3.516162e-005  -1.983143e-005  -1.132836e-005  -5.889089e-006  -1.829523e-006  1.829650e-006  5.889182e-006  1.132803e-005  1.983131e-005  3.516162e-005  6.753496e-005  1.410341e-004  2.862078e-004  5.986212e-004  1.505010e-003  0.000000e+000  
0.000000e+000  0.000000e+000  0.000000e+000  0.000000e+000  0.000000e+000  0.000000e+000  0.000000e+000  0.000000e+000  0.000000e+000  0.000000e+000  0.000000e+000  0.000000e+000  0.000000e+000  0.000000e+000  0.000000e+000  0.000000e+000  0.000000e+000  0.000000e+000  0.000000e+000  0.000000e+000  0.000000e+000  

0.000000e+000  0.000000e+000  0.000000e+000  0.000000e+000  0.000000e+000  0.000000e+000  0.000000e+000  0.000000e+000  0.000000e+000  0.000000e+000  0.000000e+000  0.000000e+000  0.000000e+000  0.000000e+000  0.000000e+000  0.000000e+000  0.000000e+000  0.000000e+000  0.000000e+000  0.000000e+000  0.000000e+000  
0.000000e+000  0.000000e+000  0.000000e+000  0.000000e+000  0.000000e+000  0.000000e+000  0.000000e+000  0.000000e+000  0.000000e+000  0.000000e+000  0.000000e+000  0.000000e+000  0.000000e+000  0.000000e+000  0.000000e+000  0.000000e+000  0.000000e+000  0.000000e+000  0.000000e+000  0.000000e+000  0.000000e+000  
0.000000e+000  0.000000e+000  0.000000e+000  0.000000e+000  0.000000e+000  0.000000e+000  0.000000e+000  0.000000e+000  0.000000e+000  0.000000e+000  0.000000e+000  0.000000e+000  0.000000e+000  0.000000e+000  0.000000e+000  0.000000e+000  0.000000e+000  0.000000e+000  0.000000e+000  0.000000e+000  0.000000e+000  
0.000000e+000  0.000000e+000  0.000000e+000  0.000000e+000  0.000000e+000  0.000000e+000  0.000000e+000  0.000000e+000  0.000000e+000  0.000000e+000  0.000000e+000  0.000000e+000  0.000000e+000  0.000000e+000  0.000000e+000  0.000000e+000  0.000000e+000  0.000000e+000  0.000000e+000  0.000000e+000  0.000000e+000  
0.000000e+000  0.000000e+000  0.000000e+000  0.000000e+000  0.000000e+000  0.000000e+000  0.000000e+000  0.000000e+000  0.000000e+000  0.000000e+000  0.000000e+000  0.000000e+000  0.000000e+000  0.000000e+000  0.000000e+000  0.000000e+000  0.000000e+000  0.000000e+000  0.000000e+000  0.000000e+000  0.000000e+000  
0.000000e+000  0.000000e+000  0.000000e+000  0.000000e+000  0.000000e+000  0.000000e+000  0.000000e+000  0.000000e+000  0.000000e+000  0.000000e+000  0.000000e+000  0.000000e+000  0.000000e+000  0.000000e+000  0.000000e+000  0.000000e+000  0.000000e+000  0.000000e+000  0.000000e+000  0.000000e+000  0.000000e+000  
0.000000e+000  0.000000e+000  0.000000e+000  0.000000e+000  0.000000e+000  0.000000e+000  0.000000e+000  0.000000e+000  0.000000e+000  0.000000e+000  0.000000e+000  0.000000e+000  0.000000e+000  0.000000e+000  0.000000e+000  0.000000e+000  0.000000e+000  0.000000e+000  0.000000e+000  0.000000e+000  0.000000e+000  
0.000000e+000  0.000000e+000  0.000000e+000  0.000000e+000  0.000000e+000  0.000000e+000  0.000000e+000  0.000000e+000  0.000000e+000  0.000000e+000  0.000000e+000  0.000000e+000  0.000000e+000  0.000000e+000  0.000000e+000  0.000000e+000  0.000000e+000  0.000000e+000  0.000000e+000  0.000000e+000  0.000000e+000  
0.000000e+000  0.000000e+000  0.000000e+000  0.000000e+000  0.000000e+000  0.000000e+000  0.000000e+000  0.000000e+000  0.000000e+000  0.000000e+000  0.000000e+000  0.000000e+000  0.000000e+000  0.000000e+000  0.000000e+000  0.000000e+000  0.000000e+000  0.000000e+000  0.000000e+000  0.000000e+000  0.000000e+000  
0.000000e+000  0.000000e+000  0.000000e+000  0.000000e+000  0.000000e+000  0.000000e+000  0.000000e+000  0.000000e+000  0.000000e+000  0.000000e+000  0.000000e+000  0.000000e+000  0.000000e+000  0.000000e+000  0.000000e+000  0.000000e+000  0.000000e+000  0.000000e+000  0.000000e+000  0.000000e+000  0.000000e+000  
0.000000e+000  0.000000e+000  0.000000e+000  0.000000e+000  0.000000e+000  0.000000e+000  0.000000e+000  0.000000e+000  0.000000e+000  0.000000e+000  0.000000e+000  0.000000e+000  0.000000e+000  0.000000e+000  0.000000e+000  0.000000e+000  0.000000e+000  0.000000e+000  0.000000e+000  0.000000e+000  0.000000e+000  
0.000000e+000  0.000000e+000  0.000000e+000  0.000000e+000  0.000000e+000  0.000000e+000  0.000000e+000  0.000000e+000  0.000000e+000  0.000000e+000  0.000000e+000  0.000000e+000  0.000000e+000  0.000000e+000  0.000000e+000  0.000000e+000  0.000000e+000  0.000000e+000  0.000000e+000  0.000000e+000  0.000000e+000  

0.000000e+000  0.000000e+000  0.000000e+000  0.000000e+000  0.000000e+000  0.000000e+000  0.000000e+000  0.000000e+000  0.000000e+000  0.000000e+000  0.000000e+000  0.000000e+000  0.000000e+000  0.000000e+000  0.000000e+000  0.000000e+000  0.000000e+000  0.000000e+000  0.000000e+000  0.000000e+000  0.000000e+000  
0.000000e+000  0.000000e+000  0.000000e+000  0.000000e+000  0.000000e+000  0.000000e+000  0.000000e+000  0.000000e+000  0.000000e+000  0.000000e+000  0.000000e+000  0.000000e+000  0.000000e+000  0.000000e+000  0.000000e+000  0.000000e+000  0.000000e+000  0.000000e+000  0.000000e+000  0.000000e+000  0.000000e+000  
0.000000e+000  0.000000e+000  0.000000e+000  0.000000e+000  0.000000e+000  0.000000e+000  0.000000e+000  0.000000e+000  0.000000e+000  0.000000e+000  0.000000e+000  0.000000e+000  0.000000e+000  0.000000e+000  0.000000e+000  0.000000e+000  0.000000e+000  0.000000e+000  0.000000e+000  0.000000e+000  0.000000e+000  
0.000000e+000  0.000000e+000  0.000000e+000  0.000000e+000  0.000000e+000  0.000000e+000  0.000000e+000  0.000000e+000  0.000000e+000  0.000000e+000  0.000000e+000  0.000000e+000  0.000000e+000  0.000000e+000  0.000000e+000  0.000000e+000  0.000000e+000  0.000000e+000  0.000000e+000  0.000000e+000  0.000000e+000  
0.000000e+000  0.000000e+000  0.000000e+000  0.000000e+000  0.000000e+000  0.000000e+000  0.000000e+000  0.000000e+000  0.000000e+000  0.000000e+000  0.000000e+000  0.000000e+000  0.000000e+000  0.000000e+000  0.000000e+000  0.000000e+000  0.000000e+000  0.000000e+000  0.000000e+000  0.000000e+000  0.000000e+000  
0.000000e+000  0.000000e+000  0.000000e+000  0.000000e+000  0.000000e+000  0.000000e+000  0.000000e+000  0.000000e+000  0.000000e+000  0.000000e+000  0.000000e+000  0.000000e+000  0.000000e+000  0.000000e+000  0.000000e+000  0.000000e+000  0.000000e+000  0.000000e+000  0.000000e+000  0.000000e+000  0.000000e+000  
0.000000e+000  0.000000e+000  0.000000e+000  0.000000e+000  0.000000e+000  0.000000e+000  0.000000e+000  0.000000e+000  0.000000e+000  0.000000e+000  0.000000e+000  0.000000e+000  0.000000e+000  0.000000e+000  0.000000e+000  0.000000e+000  0.000000e+000  0.000000e+000  0.000000e+000  0.000000e+000  0.000000e+000  
0.000000e+000  0.000000e+000  0.000000e+000  0.000000e+000  0.000000e+000  0.000000e+000  0.000000e+000  0.000000e+000  0.000000e+000  0.000000e+000  0.000000e+000  0.000000e+000  0.000000e+000  0.000000e+000  0.000000e+000  0.000000e+000  0.000000e+000  0.000000e+000  0.000000e+000  0.000000e+000  0.000000e+000  
0.000000e+000  0.000000e+000  0.000000e+000  0.000000e+000  0.000000e+000  0.000000e+000  0.000000e+000  0.000000e+000  0.000000e+000  0.000000e+000  0.000000e+000  0.000000e+000  0.000000e+000  0.000000e+000  0.000000e+000  0.000000e+000  0.000000e+000  0.000000e+000  0.000000e+000  0.000000e+000  0.000000e+000  
0.000000e+000  0.000000e+000  0.000000e+000  0.000000e+000  0.000000e+000  0.000000e+000  0.000000e+000  0.000000e+000  0.000000e+000  0.000000e+000  0.000000e+000  0.000000e+000  0.000000e+000  0.000000e+000  0.000000e+000  0.000000e+000  0.000000e+000  0.000000e+000  0.000000e+000  0.000000e+000  0.000000e+000  
0.000000e+000  0.000000e+000  0.000000e+000  0.000000e+000  0.000000e+000  0.000000e+000  0.000000e+000  0.000000e+000  0.000000e+000  0.000000e+000  0.000000e+000  0.000000e+000  0.000000e+000  0.000000e+000  0.000000e+000  0.000000e+000  0.000000e+000  0.000000e+000  0.000000e+000  0.000000e+000  0.000000e+000  
0.000000e+000  0.000000e+000  0.000000e+000  0.000000e+000  0.000000e+000  0.000000e+000  0.000000e+000  0.000000e+000  0.000000e+000  0.000000e+000  0.000000e+000  0.000000e+000  0.000000e+000  0.000000e+000  0.000000e+000  0.000000e+000  0.000000e+000  0.000000e+000  0.000000e+000  0.000000e+000  0.000000e+000  

0.000000e+000  0.000000e+000  0.000000e+000  0.000000e+000  0.000000e+000  0.000000e+000  0.000000e+000  0.000000e+000  0.000000e+000  0.000000e+000  0.000000e+000  0.000000e+000  0.000000e+000  0.000000e+000  0.000000e+000  0.000000e+000  0.000000e+000  0.000000e+000  0.000000e+000  0.000000e+000  0.000000e+000  
0.000000e+000  0.000000e+000  0.000000e+000  0.000000e+000  0.000000e+000  0.000000e+000  0.000000e+000  0.000000e+000  0.000000e+000  0.000000e+000  0.000000e+000  0.000000e+000  0.000000e+000  0.000000e+000  0.000000e+000  0.000000e+000  0.000000e+000  0.000000e+000  0.000000e+000  0.000000e+000  0.000000e+000  
0.000000e+000  0.000000e+000  0.000000e+000  0.000000e+000  0.000000e+000  0.000000e+000  0.000000e+000  0.000000e+000  0.000000e+000  0.000000e+000  0.000000e+000  0.000000e+000  0.000000e+000  0.000000e+000  0.000000e+000  0.000000e+000  0.000000e+000  0.000000e+000  0.000000e+000  0.000000e+000  0.000000e+000  
0.000000e+000  0.000000e+000  0.000000e+000  0.000000e+000  0.000000e+000  0.000000e+000  0.000000e+000  0.000000e+000  0.000000e+000  0.000000e+000  0.000000e+000  0.000000e+000  0.000000e+000  0.000000e+000  0.000000e+000  0.000000e+000  0.000000e+000  0.000000e+000  0.000000e+000  0.000000e+000  0.000000e+000  
0.000000e+000  0.000000e+000  0.000000e+000  0.000000e+000  0.000000e+000  0.000000e+000  0.000000e+000  0.000000e+000  0.000000e+000  0.000000e+000  0.000000e+000  0.000000e+000  0.000000e+000  0.000000e+000  0.000000e+000  0.000000e+000  0.000000e+000  0.000000e+000  0.000000e+000  0.000000e+000  0.000000e+000  
0.000000e+000  0.000000e+000  0.000000e+000  0.000000e+000  0.000000e+000  0.000000e+000  0.000000e+000  0.000000e+000  0.000000e+000  0.000000e+000  0.000000e+000  0.000000e+000  0.000000e+000  0.000000e+000  0.000000e+000  0.000000e+000  0.000000e+000  0.000000e+000  0.000000e+000  0.000000e+000  0.000000e+000  
0.000000e+000  0.000000e+000  0.000000e+000  0.000000e+000  0.000000e+000  0.000000e+000  0.000000e+000  0.000000e+000  0.000000e+000  0.000000e+000  0.000000e+000  0.000000e+000  0.000000e+000  0.000000e+000  0.000000e+000  0.000000e+000  0.000000e+000  0.000000e+000  0.000000e+000  0.000000e+000  0.000000e+000  
0.000000e+000  0.000000e+000  0.000000e+000  0.000000e+000  0.000000e+000  0.000000e+000  0.000000e+000  0.000000e+000  0.000000e+000  0.000000e+000  0.000000e+000  0.000000e+000  0.000000e+000  0.000000e+000  0.000000e+000  0.000000e+000  0.000000e+000  0.000000e+000  0.000000e+000  0.000000e+000  0.000000e+000  
0.000000e+000  0.000000e+000  0.000000e+000  0.000000e+000  0.000000e+000  0.000000e+000  0.000000e+000  0.000000e+000  0.000000e+000  0.000000e+000  0.000000e+000  0.000000e+000  0.000000e+000  0.000000e+000  0.000000e+000  0.000000e+000  0.000000e+000  0.000000e+000  0.000000e+000  0.000000e+000  0.000000e+000  
0.000000e+000  0.000000e+000  0.000000e+000  0.000000e+000  0.000000e+000  0.000000e+000  0.000000e+000  0.000000e+000  0.000000e+000  0.000000e+000  0.000000e+000  0.000000e+000  0.000000e+000  0.000000e+000  0.000000e+000  0.000000e+000  0.000000e+000  0.000000e+000  0.000000e+000  0.000000e+000  0.000000e+000  
0.000000e+000  0.000000e+000  0.000000e+000  0.000000e+000  0.000000e+000  0.000000e+000  0.000000e+000  0.000000e+000  0.000000e+000  0.000000e+000  0.000000e+000  0.000000e+000  0.000000e+000  0.000000e+000  0.000000e+000  0.000000e+000  0.000000e+000  0.000000e+000  0.000000e+000  0.000000e+000  0.000000e+000  
0.000000e+000  0.000000e+000  0.000000e+000  0.000000e+000  0.000000e+000  0.000000e+000  0.000000e+000  0.000000e+000  0.000000e+000  0.000000e+000  0.000000e+000  0.000000e+000  0.000000e+000  0.000000e+000  0.000000e+000  0.000000e+000  0.000000e+000  0.000000e+000  0.000000e+000  0.000000e+000  0.000000e+000  

-4.195820e+000  -4.156399e+000  -4.077848e+000  -3.938652e+000  -3.660997e+000  -3.204179e+000  -2.623207e+000  -1.945796e+000  -1.196848e+000  -4.038991e-001  4.038991e-001  1.196848e+000  1.945796e+000  2.623207e+000  3.204179e+000  3.660997e+000  3.938652e+000  4.077848e+000  4.156399e+000  4.195820e+000  0.000000e+000  
-4.195817e+000  -4.156396e+000  -4.077845e+000  -3.938649e+000  -3.660995e+000  -3.204177e+000  -2.623206e+000  -1.945795e+000  -1.196848e+000  -4.038989e-001  4.038989e-001  1.196848e+000  1.945795e+000  2.623206e+000  3.204177e+000  3.660995e+000  3.938649e+000  4.077845e+000  4.156396e+000  4.195817e+000  0.000000e+000  
-4.195811e+000  -4.156390e+000  -4.077839e+000  -3.938644e+000  -3.660990e+000  -3.204174e+000  -2.623204e+000  -1.945793e+000  -1.196847e+000  -4.038986e-001  4.038986e-001  1.196847e+000  1.945793e+000  2.623204e+000  3.204174e+000  3.660990e+000  3.938644e+000  4.077839e+000  4.156390e+000  4.195811e+000  0.000000e+000  
-4.195800e+000  -4.156379e+000  -4.077829e+000  -3.938635e+000  -3.660982e+000  -3.204168e+000  -2.623199e+000  -1.945790e+000  -1.196845e+000  -4.038981e-001  4.038981e-001  1.196845e+000  1.945790e+000  2.623199e+000  3.204168e+000  3.660982e+000  3.938635e+000  4.077829e+000  4.156379e+000  4.195800e+000  0.000000e+000  
-4.195777e+000  -4.156357e+000  -4.077809e+000  -3.938616e+000  -3.660967e+000  -3.204156e+000  -2.623191e+000  -1.945785e+000  -1.196842e+000  -4.038972e-001  4.038972e-001  1.196842e+000  1.945785e+000  2.623191e+000  3.204156e+000  3.660967e+000  3.938616e+000  4.077809e+000  4.156357e+000  4.195777e+000  0.000000e+000  
-4.195736e+000  -4.156318e+000  -4.077772e+000  -3.938584e+000  -3.660941e+000  -3.204138e+000  -2.623179e+000  -1.945777e+000  -1.196838e+000  -4.038958e-001  4.038958e-001  1.196838e+000  1.945777e+000  2.623179e+000  3.204138e+000  3.660941e+000  3.938584e+000  4.077772e+000  4.156318e+000  4.195736e+000  0.000000e+000  
-4.195677e+000  -4.156262e+000  -4.077722e+000  -3.938541e+000  -3.660910e+000  -3.204116e+000  -2.623165e+000  -1.945768e+000  -1.196833e+000  -4.038943e-001  4.038943e-001  1.196833e+000  1.945768e+000  2.623165e+000  3.204116e+000  3.660910e+000  3.938541e+000  4.077722e+000  4.156262e+000  4.195677e+000  0.000000e+000  
-4.195602e+000  -4.156195e+000  -4.077666e+000  -3.938498e+000  -3.660881e+000  -3.204099e+000  -2.623154e+000  -1.945762e+000  -1.196829e+000  -4.038932e-001  4.038932e-001  1.196829e+000  1.945762e+000  2.623154e+000  3.204099e+000  3.660881e+000  3.938498e+000  4.077666e+000  4.156195e+000  4.195602e+000  0.000000e+000  
-4.195525e+000  -4.156133e+000  -4.077619e+000  -3.938467e+000  -3.660862e+000  -3.204088e+000  -2.623147e+000  -1.945758e+000  -1.196828e+000  -4.038925e-001  4.038925e-001  1.196828e+000  1.945758e+000  2.623147e+000  3.204088e+000  3.660862e+000  3.938467e+000  4.077619e+000  4.156133e+000  4.195525e+000  0.000000e+000  
-4.195431e+000  -4.156071e+000  -4.077580e+000  -3.938444e+000  -3.660850e+000  -3.204081e+000  -2.623143e+000  -1.945756e+000  -1.196826e+000  -4.038922e-001  4.038922e-001  1.196826e+000  1.945756e+000  2.623143e+000  3.204081e+000  3.660850e+000  3.938444e+000  4.077580e+000  4.156071e+000  4.195431e+000  0.000000e+000  
-4.195277e+000  -4.156009e+000  -4.077551e+000  -3.938430e+000  -3.660843e+000  -3.204078e+000  -2.623141e+000  -1.945755e+000  -1.196826e+000  -4.038920e-001  4.038920e-001  1.196826e+000  1.945755e+000  2.623141e+000  3.204078e+000  3.660843e+000  3.938430e+000  4.077551e+000  4.156009e+000  4.195277e+000  0.000000e+000  
0.000000e+000  0.000000e+000  0.000000e+000  0.000000e+000  0.000000e+000  0.000000e+000  0.000000e+000  0.000000e+000  0.000000e+000  0.000000e+000  0.000000e+000  0.000000e+000  0.000000e+000  0.000000e+000  0.000000e+000  0.000000e+000  0.000000e+000  0.000000e+000  0.000000e+000  0.000000e+000  0.000000e+000  

