Port monitor named: Port1_h1[9].prt

nx        = 39
ny        = 63
nz        = 88

nu        = 12
nv        = 21
iu        = 39
iv        = 10

idir      = 1
dcut      = 5.000000e-002
icut      = 57
type      = 1
frequency = 9.000000e+009

fcutoff   = 6.554545e+009
alpha     = 0.000000e+000
beta      = 1.292297e+002
accuracy  = 1.411198e-011

type          = TE
wave imp.     = 5.498823e+002
wave imp.sig. = 7.284186e-006
line imp.     = 0.000000e+000

ref. port     = 0

0.000000e+000  1.009013e-008  1.687614e-008  1.674284e-008  6.033142e-008  2.698797e-008  -2.694642e-008  -5.986186e-008  -1.646574e-008  -1.789000e-008  -8.506011e-009  0.000000e+000  
0.000000e+000  1.027156e-008  2.470852e-008  3.460205e-008  7.090253e-008  2.430877e-008  -2.445984e-008  -7.186786e-008  -3.561002e-008  -2.171849e-008  -1.427144e-008  0.000000e+000  
0.000000e+000  1.756197e-008  2.856035e-008  5.489477e-008  6.565592e-008  2.510194e-008  -2.496577e-008  -6.547728e-008  -5.361672e-008  -3.237534e-008  -1.368732e-008  0.000000e+000  
0.000000e+000  1.412093e-008  3.197454e-008  4.455444e-008  5.443262e-008  4.170922e-008  -4.205842e-008  -5.439477e-008  -4.479230e-008  -3.037661e-008  -1.586335e-008  0.000000e+000  
0.000000e+000  1.831748e-008  3.332099e-008  4.133317e-008  5.483312e-008  2.677082e-008  -2.656197e-008  -5.455894e-008  -4.118490e-008  -3.336986e-008  -1.781736e-008  0.000000e+000  
0.000000e+000  2.977780e-008  6.360291e-008  1.093837e-007  4.060382e-008  5.861878e-008  -5.845046e-008  -4.072858e-008  -1.091684e-007  -6.364960e-008  -2.945703e-008  0.000000e+000  
0.000000e+000  2.315349e-008  4.663116e-008  6.844694e-008  4.740419e-008  3.630602e-008  -3.661335e-008  -4.729303e-008  -6.887776e-008  -4.672603e-008  -2.336618e-008  0.000000e+000  
0.000000e+000  1.648357e-008  3.260800e-008  4.833889e-008  3.581704e-008  2.530018e-008  -2.543981e-008  -3.626277e-008  -4.830302e-008  -3.272516e-008  -1.647821e-008  0.000000e+000  
0.000000e+000  9.684520e-009  1.948960e-008  2.919683e-008  2.250146e-008  1.529167e-008  -1.489041e-008  -2.193372e-008  -2.892979e-008  -1.947307e-008  -9.702556e-009  0.000000e+000  
0.000000e+000  3.061366e-009  6.535668e-009  9.740994e-009  7.194876e-009  5.121341e-009  -5.409193e-009  -7.285728e-009  -9.900747e-009  -6.512951e-009  -3.317070e-009  0.000000e+000  
0.000000e+000  -3.237906e-009  -6.531719e-009  -9.753501e-009  -7.325869e-009  -5.024016e-009  5.174085e-009  7.360825e-009  9.962181e-009  6.604797e-009  3.009515e-009  0.000000e+000  
0.000000e+000  -9.278251e-009  -1.954878e-008  -2.981531e-008  -2.196577e-008  -1.535837e-008  1.510632e-008  2.200939e-008  2.885866e-008  1.938172e-008  1.007234e-008  0.000000e+000  
0.000000e+000  -1.682932e-008  -3.263427e-008  -4.778130e-008  -3.633888e-008  -2.527616e-008  2.558961e-008  3.613554e-008  4.813151e-008  3.278242e-008  1.611083e-008  0.000000e+000  
0.000000e+000  -2.327508e-008  -4.669157e-008  -6.877994e-008  -4.760623e-008  -3.636001e-008  3.655446e-008  4.759211e-008  6.905104e-008  4.658160e-008  2.375638e-008  0.000000e+000  
0.000000e+000  -2.966028e-008  -6.325808e-008  -1.090671e-007  -4.032465e-008  -5.860911e-008  5.833857e-008  4.034159e-008  1.092241e-007  6.372232e-008  2.918908e-008  0.000000e+000  
0.000000e+000  -1.783384e-008  -3.344932e-008  -4.070422e-008  -5.472708e-008  -2.638476e-008  2.668732e-008  5.473413e-008  4.074527e-008  3.297279e-008  1.787258e-008  0.000000e+000  
0.000000e+000  -1.520168e-008  -3.104584e-008  -4.575994e-008  -5.467101e-008  -4.200013e-008  4.136526e-008  5.434953e-008  4.521364e-008  3.143094e-008  1.600368e-008  0.000000e+000  
0.000000e+000  -1.670402e-008  -3.188509e-008  -5.361173e-008  -6.529930e-008  -2.595985e-008  2.608671e-008  6.534398e-008  5.355811e-008  2.996752e-008  1.621706e-008  0.000000e+000  
0.000000e+000  -1.120801e-008  -2.230244e-008  -3.609761e-008  -7.098231e-008  -2.447723e-008  2.537210e-008  7.155713e-008  3.434684e-008  2.516805e-008  9.937702e-009  0.000000e+000  
0.000000e+000  -9.230715e-009  -1.745926e-008  -1.595911e-008  -6.046722e-008  -2.634767e-008  2.572687e-008  6.022573e-008  1.803681e-008  1.623423e-008  1.038340e-008  0.000000e+000  
0.000000e+000  0.000000e+000  0.000000e+000  0.000000e+000  0.000000e+000  0.000000e+000  0.000000e+000  0.000000e+000  0.000000e+000  0.000000e+000  0.000000e+000  0.000000e+000  

0.000000e+000  0.000000e+000  0.000000e+000  0.000000e+000  0.000000e+000  0.000000e+000  0.000000e+000  0.000000e+000  0.000000e+000  0.000000e+000  0.000000e+000  0.000000e+000  
3.824885e-001  3.824885e-001  3.824885e-001  3.824885e-001  3.824885e-001  3.824885e-001  3.824885e-001  3.824885e-001  3.824885e-001  3.824885e-001  3.824885e-001  0.000000e+000  
7.617648e-001  7.617648e-001  7.617648e-001  7.617649e-001  7.617649e-001  7.617649e-001  7.617649e-001  7.617649e-001  7.617648e-001  7.617648e-001  7.617648e-001  0.000000e+000  
1.133873e+000  1.133873e+000  1.133873e+000  1.133873e+000  1.133873e+000  1.133873e+000  1.133873e+000  1.133873e+000  1.133873e+000  1.133873e+000  1.133873e+000  0.000000e+000  
1.630219e+000  1.630219e+000  1.630219e+000  1.630219e+000  1.630219e+000  1.630219e+000  1.630219e+000  1.630219e+000  1.630219e+000  1.630219e+000  1.630219e+000  0.000000e+000  
2.272423e+000  2.272423e+000  2.272423e+000  2.272423e+000  2.272423e+000  2.272423e+000  2.272423e+000  2.272423e+000  2.272423e+000  2.272423e+000  2.272423e+000  0.000000e+000  
2.850355e+000  2.850355e+000  2.850355e+000  2.850355e+000  2.850355e+000  2.850355e+000  2.850355e+000  2.850355e+000  2.850355e+000  2.850355e+000  2.850355e+000  0.000000e+000  
3.323497e+000  3.323497e+000  3.323497e+000  3.323497e+000  3.323497e+000  3.323497e+000  3.323497e+000  3.323497e+000  3.323497e+000  3.323497e+000  3.323497e+000  0.000000e+000  
3.674455e+000  3.674455e+000  3.674455e+000  3.674455e+000  3.674455e+000  3.674455e+000  3.674455e+000  3.674455e+000  3.674455e+000  3.674455e+000  3.674455e+000  0.000000e+000  
3.890328e+000  3.890328e+000  3.890328e+000  3.890328e+000  3.890328e+000  3.890328e+000  3.890328e+000  3.890328e+000  3.890328e+000  3.890328e+000  3.890328e+000  0.000000e+000  
3.963178e+000  3.963178e+000  3.963178e+000  3.963178e+000  3.963178e+000  3.963178e+000  3.963178e+000  3.963178e+000  3.963178e+000  3.963178e+000  3.963178e+000  0.000000e+000  
3.890328e+000  3.890328e+000  3.890328e+000  3.890328e+000  3.890328e+000  3.890328e+000  3.890328e+000  3.890328e+000  3.890328e+000  3.890328e+000  3.890328e+000  0.000000e+000  
3.674455e+000  3.674455e+000  3.674455e+000  3.674455e+000  3.674455e+000  3.674455e+000  3.674455e+000  3.674455e+000  3.674455e+000  3.674455e+000  3.674455e+000  0.000000e+000  
3.323497e+000  3.323497e+000  3.323497e+000  3.323497e+000  3.323497e+000  3.323497e+000  3.323497e+000  3.323497e+000  3.323497e+000  3.323497e+000  3.323497e+000  0.000000e+000  
2.850355e+000  2.850355e+000  2.850355e+000  2.850355e+000  2.850355e+000  2.850355e+000  2.850355e+000  2.850355e+000  2.850355e+000  2.850355e+000  2.850355e+000  0.000000e+000  
2.272423e+000  2.272423e+000  2.272423e+000  2.272423e+000  2.272423e+000  2.272423e+000  2.272423e+000  2.272423e+000  2.272423e+000  2.272423e+000  2.272423e+000  0.000000e+000  
1.630219e+000  1.630219e+000  1.630219e+000  1.630219e+000  1.630219e+000  1.630219e+000  1.630219e+000  1.630219e+000  1.630219e+000  1.630219e+000  1.630219e+000  0.000000e+000  
1.133873e+000  1.133873e+000  1.133873e+000  1.133873e+000  1.133873e+000  1.133873e+000  1.133873e+000  1.133873e+000  1.133873e+000  1.133873e+000  1.133873e+000  0.000000e+000  
7.617648e-001  7.617648e-001  7.617648e-001  7.617649e-001  7.617649e-001  7.617649e-001  7.617649e-001  7.617649e-001  7.617648e-001  7.617648e-001  7.617648e-001  0.000000e+000  
3.824885e-001  3.824885e-001  3.824885e-001  3.824885e-001  3.824885e-001  3.824885e-001  3.824885e-001  3.824885e-001  3.824885e-001  3.824885e-001  3.824885e-001  0.000000e+000  
0.000000e+000  0.000000e+000  0.000000e+000  0.000000e+000  0.000000e+000  0.000000e+000  0.000000e+000  0.000000e+000  0.000000e+000  0.000000e+000  0.000000e+000  0.000000e+000  

0.000000e+000  0.000000e+000  0.000000e+000  0.000000e+000  0.000000e+000  0.000000e+000  0.000000e+000  0.000000e+000  0.000000e+000  0.000000e+000  0.000000e+000  0.000000e+000  
0.000000e+000  0.000000e+000  0.000000e+000  0.000000e+000  0.000000e+000  0.000000e+000  0.000000e+000  0.000000e+000  0.000000e+000  0.000000e+000  0.000000e+000  0.000000e+000  
0.000000e+000  0.000000e+000  0.000000e+000  0.000000e+000  0.000000e+000  0.000000e+000  0.000000e+000  0.000000e+000  0.000000e+000  0.000000e+000  0.000000e+000  0.000000e+000  
0.000000e+000  0.000000e+000  0.000000e+000  0.000000e+000  0.000000e+000  0.000000e+000  0.000000e+000  0.000000e+000  0.000000e+000  0.000000e+000  0.000000e+000  0.000000e+000  
0.000000e+000  0.000000e+000  0.000000e+000  0.000000e+000  0.000000e+000  0.000000e+000  0.000000e+000  0.000000e+000  0.000000e+000  0.000000e+000  0.000000e+000  0.000000e+000  
0.000000e+000  0.000000e+000  0.000000e+000  0.000000e+000  0.000000e+000  0.000000e+000  0.000000e+000  0.000000e+000  0.000000e+000  0.000000e+000  0.000000e+000  0.000000e+000  
0.000000e+000  0.000000e+000  0.000000e+000  0.000000e+000  0.000000e+000  0.000000e+000  0.000000e+000  0.000000e+000  0.000000e+000  0.000000e+000  0.000000e+000  0.000000e+000  
0.000000e+000  0.000000e+000  0.000000e+000  0.000000e+000  0.000000e+000  0.000000e+000  0.000000e+000  0.000000e+000  0.000000e+000  0.000000e+000  0.000000e+000  0.000000e+000  
0.000000e+000  0.000000e+000  0.000000e+000  0.000000e+000  0.000000e+000  0.000000e+000  0.000000e+000  0.000000e+000  0.000000e+000  0.000000e+000  0.000000e+000  0.000000e+000  
0.000000e+000  0.000000e+000  0.000000e+000  0.000000e+000  0.000000e+000  0.000000e+000  0.000000e+000  0.000000e+000  0.000000e+000  0.000000e+000  0.000000e+000  0.000000e+000  
0.000000e+000  0.000000e+000  0.000000e+000  0.000000e+000  0.000000e+000  0.000000e+000  0.000000e+000  0.000000e+000  0.000000e+000  0.000000e+000  0.000000e+000  0.000000e+000  
0.000000e+000  0.000000e+000  0.000000e+000  0.000000e+000  0.000000e+000  0.000000e+000  0.000000e+000  0.000000e+000  0.000000e+000  0.000000e+000  0.000000e+000  0.000000e+000  
0.000000e+000  0.000000e+000  0.000000e+000  0.000000e+000  0.000000e+000  0.000000e+000  0.000000e+000  0.000000e+000  0.000000e+000  0.000000e+000  0.000000e+000  0.000000e+000  
0.000000e+000  0.000000e+000  0.000000e+000  0.000000e+000  0.000000e+000  0.000000e+000  0.000000e+000  0.000000e+000  0.000000e+000  0.000000e+000  0.000000e+000  0.000000e+000  
0.000000e+000  0.000000e+000  0.000000e+000  0.000000e+000  0.000000e+000  0.000000e+000  0.000000e+000  0.000000e+000  0.000000e+000  0.000000e+000  0.000000e+000  0.000000e+000  
0.000000e+000  0.000000e+000  0.000000e+000  0.000000e+000  0.000000e+000  0.000000e+000  0.000000e+000  0.000000e+000  0.000000e+000  0.000000e+000  0.000000e+000  0.000000e+000  
0.000000e+000  0.000000e+000  0.000000e+000  0.000000e+000  0.000000e+000  0.000000e+000  0.000000e+000  0.000000e+000  0.000000e+000  0.000000e+000  0.000000e+000  0.000000e+000  
0.000000e+000  0.000000e+000  0.000000e+000  0.000000e+000  0.000000e+000  0.000000e+000  0.000000e+000  0.000000e+000  0.000000e+000  0.000000e+000  0.000000e+000  0.000000e+000  
0.000000e+000  0.000000e+000  0.000000e+000  0.000000e+000  0.000000e+000  0.000000e+000  0.000000e+000  0.000000e+000  0.000000e+000  0.000000e+000  0.000000e+000  0.000000e+000  
0.000000e+000  0.000000e+000  0.000000e+000  0.000000e+000  0.000000e+000  0.000000e+000  0.000000e+000  0.000000e+000  0.000000e+000  0.000000e+000  0.000000e+000  0.000000e+000  
0.000000e+000  0.000000e+000  0.000000e+000  0.000000e+000  0.000000e+000  0.000000e+000  0.000000e+000  0.000000e+000  0.000000e+000  0.000000e+000  0.000000e+000  0.000000e+000  

0.000000e+000  0.000000e+000  0.000000e+000  0.000000e+000  0.000000e+000  0.000000e+000  0.000000e+000  0.000000e+000  0.000000e+000  0.000000e+000  0.000000e+000  0.000000e+000  
0.000000e+000  0.000000e+000  0.000000e+000  0.000000e+000  0.000000e+000  0.000000e+000  0.000000e+000  0.000000e+000  0.000000e+000  0.000000e+000  0.000000e+000  0.000000e+000  
0.000000e+000  0.000000e+000  0.000000e+000  0.000000e+000  0.000000e+000  0.000000e+000  0.000000e+000  0.000000e+000  0.000000e+000  0.000000e+000  0.000000e+000  0.000000e+000  
0.000000e+000  0.000000e+000  0.000000e+000  0.000000e+000  0.000000e+000  0.000000e+000  0.000000e+000  0.000000e+000  0.000000e+000  0.000000e+000  0.000000e+000  0.000000e+000  
0.000000e+000  0.000000e+000  0.000000e+000  0.000000e+000  0.000000e+000  0.000000e+000  0.000000e+000  0.000000e+000  0.000000e+000  0.000000e+000  0.000000e+000  0.000000e+000  
0.000000e+000  0.000000e+000  0.000000e+000  0.000000e+000  0.000000e+000  0.000000e+000  0.000000e+000  0.000000e+000  0.000000e+000  0.000000e+000  0.000000e+000  0.000000e+000  
0.000000e+000  0.000000e+000  0.000000e+000  0.000000e+000  0.000000e+000  0.000000e+000  0.000000e+000  0.000000e+000  0.000000e+000  0.000000e+000  0.000000e+000  0.000000e+000  
0.000000e+000  0.000000e+000  0.000000e+000  0.000000e+000  0.000000e+000  0.000000e+000  0.000000e+000  0.000000e+000  0.000000e+000  0.000000e+000  0.000000e+000  0.000000e+000  
0.000000e+000  0.000000e+000  0.000000e+000  0.000000e+000  0.000000e+000  0.000000e+000  0.000000e+000  0.000000e+000  0.000000e+000  0.000000e+000  0.000000e+000  0.000000e+000  
0.000000e+000  0.000000e+000  0.000000e+000  0.000000e+000  0.000000e+000  0.000000e+000  0.000000e+000  0.000000e+000  0.000000e+000  0.000000e+000  0.000000e+000  0.000000e+000  
0.000000e+000  0.000000e+000  0.000000e+000  0.000000e+000  0.000000e+000  0.000000e+000  0.000000e+000  0.000000e+000  0.000000e+000  0.000000e+000  0.000000e+000  0.000000e+000  
0.000000e+000  0.000000e+000  0.000000e+000  0.000000e+000  0.000000e+000  0.000000e+000  0.000000e+000  0.000000e+000  0.000000e+000  0.000000e+000  0.000000e+000  0.000000e+000  
0.000000e+000  0.000000e+000  0.000000e+000  0.000000e+000  0.000000e+000  0.000000e+000  0.000000e+000  0.000000e+000  0.000000e+000  0.000000e+000  0.000000e+000  0.000000e+000  
0.000000e+000  0.000000e+000  0.000000e+000  0.000000e+000  0.000000e+000  0.000000e+000  0.000000e+000  0.000000e+000  0.000000e+000  0.000000e+000  0.000000e+000  0.000000e+000  
0.000000e+000  0.000000e+000  0.000000e+000  0.000000e+000  0.000000e+000  0.000000e+000  0.000000e+000  0.000000e+000  0.000000e+000  0.000000e+000  0.000000e+000  0.000000e+000  
0.000000e+000  0.000000e+000  0.000000e+000  0.000000e+000  0.000000e+000  0.000000e+000  0.000000e+000  0.000000e+000  0.000000e+000  0.000000e+000  0.000000e+000  0.000000e+000  
0.000000e+000  0.000000e+000  0.000000e+000  0.000000e+000  0.000000e+000  0.000000e+000  0.000000e+000  0.000000e+000  0.000000e+000  0.000000e+000  0.000000e+000  0.000000e+000  
0.000000e+000  0.000000e+000  0.000000e+000  0.000000e+000  0.000000e+000  0.000000e+000  0.000000e+000  0.000000e+000  0.000000e+000  0.000000e+000  0.000000e+000  0.000000e+000  
0.000000e+000  0.000000e+000  0.000000e+000  0.000000e+000  0.000000e+000  0.000000e+000  0.000000e+000  0.000000e+000  0.000000e+000  0.000000e+000  0.000000e+000  0.000000e+000  
0.000000e+000  0.000000e+000  0.000000e+000  0.000000e+000  0.000000e+000  0.000000e+000  0.000000e+000  0.000000e+000  0.000000e+000  0.000000e+000  0.000000e+000  0.000000e+000  
0.000000e+000  0.000000e+000  0.000000e+000  0.000000e+000  0.000000e+000  0.000000e+000  0.000000e+000  0.000000e+000  0.000000e+000  0.000000e+000  0.000000e+000  0.000000e+000  

0.000000e+000  0.000000e+000  0.000000e+000  0.000000e+000  0.000000e+000  0.000000e+000  0.000000e+000  0.000000e+000  0.000000e+000  0.000000e+000  0.000000e+000  0.000000e+000  
0.000000e+000  0.000000e+000  0.000000e+000  0.000000e+000  0.000000e+000  0.000000e+000  0.000000e+000  0.000000e+000  0.000000e+000  0.000000e+000  0.000000e+000  0.000000e+000  
0.000000e+000  0.000000e+000  0.000000e+000  0.000000e+000  0.000000e+000  0.000000e+000  0.000000e+000  0.000000e+000  0.000000e+000  0.000000e+000  0.000000e+000  0.000000e+000  
0.000000e+000  0.000000e+000  0.000000e+000  0.000000e+000  0.000000e+000  0.000000e+000  0.000000e+000  0.000000e+000  0.000000e+000  0.000000e+000  0.000000e+000  0.000000e+000  
0.000000e+000  0.000000e+000  0.000000e+000  0.000000e+000  0.000000e+000  0.000000e+000  0.000000e+000  0.000000e+000  0.000000e+000  0.000000e+000  0.000000e+000  0.000000e+000  
0.000000e+000  0.000000e+000  0.000000e+000  0.000000e+000  0.000000e+000  0.000000e+000  0.000000e+000  0.000000e+000  0.000000e+000  0.000000e+000  0.000000e+000  0.000000e+000  
0.000000e+000  0.000000e+000  0.000000e+000  0.000000e+000  0.000000e+000  0.000000e+000  0.000000e+000  0.000000e+000  0.000000e+000  0.000000e+000  0.000000e+000  0.000000e+000  
0.000000e+000  0.000000e+000  0.000000e+000  0.000000e+000  0.000000e+000  0.000000e+000  0.000000e+000  0.000000e+000  0.000000e+000  0.000000e+000  0.000000e+000  0.000000e+000  
0.000000e+000  0.000000e+000  0.000000e+000  0.000000e+000  0.000000e+000  0.000000e+000  0.000000e+000  0.000000e+000  0.000000e+000  0.000000e+000  0.000000e+000  0.000000e+000  
0.000000e+000  0.000000e+000  0.000000e+000  0.000000e+000  0.000000e+000  0.000000e+000  0.000000e+000  0.000000e+000  0.000000e+000  0.000000e+000  0.000000e+000  0.000000e+000  
0.000000e+000  0.000000e+000  0.000000e+000  0.000000e+000  0.000000e+000  0.000000e+000  0.000000e+000  0.000000e+000  0.000000e+000  0.000000e+000  0.000000e+000  0.000000e+000  
0.000000e+000  0.000000e+000  0.000000e+000  0.000000e+000  0.000000e+000  0.000000e+000  0.000000e+000  0.000000e+000  0.000000e+000  0.000000e+000  0.000000e+000  0.000000e+000  
0.000000e+000  0.000000e+000  0.000000e+000  0.000000e+000  0.000000e+000  0.000000e+000  0.000000e+000  0.000000e+000  0.000000e+000  0.000000e+000  0.000000e+000  0.000000e+000  
0.000000e+000  0.000000e+000  0.000000e+000  0.000000e+000  0.000000e+000  0.000000e+000  0.000000e+000  0.000000e+000  0.000000e+000  0.000000e+000  0.000000e+000  0.000000e+000  
0.000000e+000  0.000000e+000  0.000000e+000  0.000000e+000  0.000000e+000  0.000000e+000  0.000000e+000  0.000000e+000  0.000000e+000  0.000000e+000  0.000000e+000  0.000000e+000  
0.000000e+000  0.000000e+000  0.000000e+000  0.000000e+000  0.000000e+000  0.000000e+000  0.000000e+000  0.000000e+000  0.000000e+000  0.000000e+000  0.000000e+000  0.000000e+000  
0.000000e+000  0.000000e+000  0.000000e+000  0.000000e+000  0.000000e+000  0.000000e+000  0.000000e+000  0.000000e+000  0.000000e+000  0.000000e+000  0.000000e+000  0.000000e+000  
0.000000e+000  0.000000e+000  0.000000e+000  0.000000e+000  0.000000e+000  0.000000e+000  0.000000e+000  0.000000e+000  0.000000e+000  0.000000e+000  0.000000e+000  0.000000e+000  
0.000000e+000  0.000000e+000  0.000000e+000  0.000000e+000  0.000000e+000  0.000000e+000  0.000000e+000  0.000000e+000  0.000000e+000  0.000000e+000  0.000000e+000  0.000000e+000  
0.000000e+000  0.000000e+000  0.000000e+000  0.000000e+000  0.000000e+000  0.000000e+000  0.000000e+000  0.000000e+000  0.000000e+000  0.000000e+000  0.000000e+000  0.000000e+000  
0.000000e+000  0.000000e+000  0.000000e+000  0.000000e+000  0.000000e+000  0.000000e+000  0.000000e+000  0.000000e+000  0.000000e+000  0.000000e+000  0.000000e+000  0.000000e+000  

4.195381e+000  4.195381e+000  4.195381e+000  4.195381e+000  4.195381e+000  4.195381e+000  4.195381e+000  4.195381e+000  4.195381e+000  4.195381e+000  4.195381e+000  0.000000e+000  
4.155963e+000  4.155963e+000  4.155963e+000  4.155963e+000  4.155963e+000  4.155963e+000  4.155963e+000  4.155963e+000  4.155963e+000  4.155963e+000  4.155963e+000  0.000000e+000  
4.077419e+000  4.077419e+000  4.077419e+000  4.077419e+000  4.077420e+000  4.077420e+000  4.077420e+000  4.077419e+000  4.077419e+000  4.077419e+000  4.077419e+000  0.000000e+000  
3.938237e+000  3.938237e+000  3.938237e+000  3.938237e+000  3.938237e+000  3.938237e+000  3.938237e+000  3.938237e+000  3.938237e+000  3.938237e+000  3.938237e+000  0.000000e+000  
3.660608e+000  3.660608e+000  3.660608e+000  3.660608e+000  3.660608e+000  3.660608e+000  3.660608e+000  3.660608e+000  3.660608e+000  3.660608e+000  3.660608e+000  0.000000e+000  
3.203836e+000  3.203836e+000  3.203836e+000  3.203836e+000  3.203836e+000  3.203836e+000  3.203836e+000  3.203836e+000  3.203836e+000  3.203836e+000  3.203836e+000  0.000000e+000  
2.622924e+000  2.622924e+000  2.622924e+000  2.622924e+000  2.622924e+000  2.622924e+000  2.622924e+000  2.622924e+000  2.622924e+000  2.622924e+000  2.622924e+000  0.000000e+000  
1.945584e+000  1.945584e+000  1.945584e+000  1.945584e+000  1.945584e+000  1.945584e+000  1.945584e+000  1.945584e+000  1.945584e+000  1.945584e+000  1.945584e+000  0.000000e+000  
1.196717e+000  1.196717e+000  1.196717e+000  1.196717e+000  1.196717e+000  1.196717e+000  1.196717e+000  1.196717e+000  1.196717e+000  1.196717e+000  1.196717e+000  0.000000e+000  
4.038547e-001  4.038547e-001  4.038547e-001  4.038547e-001  4.038547e-001  4.038547e-001  4.038547e-001  4.038547e-001  4.038547e-001  4.038547e-001  4.038547e-001  0.000000e+000  
-4.038547e-001  -4.038547e-001  -4.038547e-001  -4.038547e-001  -4.038547e-001  -4.038547e-001  -4.038547e-001  -4.038547e-001  -4.038547e-001  -4.038547e-001  -4.038547e-001  0.000000e+000  
-1.196717e+000  -1.196717e+000  -1.196717e+000  -1.196717e+000  -1.196717e+000  -1.196717e+000  -1.196717e+000  -1.196717e+000  -1.196717e+000  -1.196717e+000  -1.196717e+000  0.000000e+000  
-1.945584e+000  -1.945584e+000  -1.945584e+000  -1.945584e+000  -1.945584e+000  -1.945584e+000  -1.945584e+000  -1.945584e+000  -1.945584e+000  -1.945584e+000  -1.945584e+000  0.000000e+000  
-2.622924e+000  -2.622924e+000  -2.622924e+000  -2.622924e+000  -2.622924e+000  -2.622924e+000  -2.622924e+000  -2.622924e+000  -2.622924e+000  -2.622924e+000  -2.622924e+000  0.000000e+000  
-3.203836e+000  -3.203836e+000  -3.203836e+000  -3.203836e+000  -3.203836e+000  -3.203836e+000  -3.203836e+000  -3.203836e+000  -3.203836e+000  -3.203836e+000  -3.203836e+000  0.000000e+000  
-3.660608e+000  -3.660608e+000  -3.660608e+000  -3.660608e+000  -3.660608e+000  -3.660608e+000  -3.660608e+000  -3.660608e+000  -3.660608e+000  -3.660608e+000  -3.660608e+000  0.000000e+000  
-3.938237e+000  -3.938237e+000  -3.938237e+000  -3.938237e+000  -3.938237e+000  -3.938237e+000  -3.938237e+000  -3.938237e+000  -3.938237e+000  -3.938237e+000  -3.938237e+000  0.000000e+000  
-4.077419e+000  -4.077419e+000  -4.077419e+000  -4.077419e+000  -4.077420e+000  -4.077420e+000  -4.077420e+000  -4.077419e+000  -4.077419e+000  -4.077419e+000  -4.077419e+000  0.000000e+000  
-4.155963e+000  -4.155963e+000  -4.155963e+000  -4.155963e+000  -4.155963e+000  -4.155963e+000  -4.155963e+000  -4.155963e+000  -4.155963e+000  -4.155963e+000  -4.155963e+000  0.000000e+000  
-4.195381e+000  -4.195381e+000  -4.195381e+000  -4.195381e+000  -4.195381e+000  -4.195381e+000  -4.195381e+000  -4.195381e+000  -4.195381e+000  -4.195381e+000  -4.195381e+000  0.000000e+000  
0.000000e+000  0.000000e+000  0.000000e+000  0.000000e+000  0.000000e+000  0.000000e+000  0.000000e+000  0.000000e+000  0.000000e+000  0.000000e+000  0.000000e+000  0.000000e+000  

