Port monitor named: Port3_e1[9].prt

nx        = 39
ny        = 63
nz        = 88

nu        = 21
nv        = 12
iu        = 10
iv        = 11

idir      = 2
dcut      = 0.000000e+000
icut      = 7
type      = 0
frequency = 9.000000e+009

fcutoff   = 6.554762e+009
alpha     = 0.000000e+000
beta      = 1.292249e+002
accuracy  = 1.130077e-011

type          = TE
wave imp.     = 5.499028e+002
wave imp.sig. = 7.490017e-006
line imp.     = 0.000000e+000

ref. port     = 0

0.000000e+000  0.000000e+000  0.000000e+000  0.000000e+000  0.000000e+000  0.000000e+000  0.000000e+000  0.000000e+000  0.000000e+000  0.000000e+000  0.000000e+000  0.000000e+000  0.000000e+000  0.000000e+000  0.000000e+000  0.000000e+000  0.000000e+000  0.000000e+000  0.000000e+000  0.000000e+000  0.000000e+000  
-1.635261e-002  -1.596499e-002  -1.522651e-002  -1.400716e-002  -1.188516e-002  -9.177658e-003  -6.610975e-003  -4.383484e-003  -2.481960e-003  -8.016003e-004  8.016004e-004  2.481960e-003  4.383485e-003  6.610974e-003  9.177659e-003  1.188516e-002  1.400716e-002  1.522651e-002  1.596499e-002  1.635261e-002  0.000000e+000  
-3.293629e-002  -3.212767e-002  -3.059349e-002  -2.807037e-002  -2.371341e-002  -1.822509e-002  -1.307498e-002  -8.644009e-003  -4.885061e-003  -1.576285e-003  1.576284e-003  4.885062e-003  8.644011e-003  1.307498e-002  1.822509e-002  2.371341e-002  2.807037e-002  3.059349e-002  3.212767e-002  3.293629e-002  0.000000e+000  
-5.001298e-002  -4.870733e-002  -4.625368e-002  -4.224336e-002  -3.541260e-002  -2.699874e-002  -1.923611e-002  -1.265468e-002  -7.129197e-003  -2.296911e-003  2.296910e-003  7.129197e-003  1.265469e-002  1.923612e-002  2.699874e-002  3.541260e-002  4.224336e-002  4.625367e-002  4.870734e-002  5.001298e-002  0.000000e+000  
-7.461999e-002  -7.242486e-002  -6.832990e-002  -6.179438e-002  -5.102123e-002  -3.822323e-002  -2.686934e-002  -1.750548e-002  -9.801302e-003  -3.148439e-003  3.148441e-003  9.801303e-003  1.750548e-002  2.686934e-002  3.822323e-002  5.102123e-002  6.179438e-002  6.832990e-002  7.242486e-002  7.462000e-002  0.000000e+000  
-1.134942e-001  -1.092104e-001  -1.014710e-001  -8.961534e-002  -7.128642e-002  -5.147093e-002  -3.516581e-002  -2.245443e-002  -1.241486e-002  -3.964049e-003  3.964049e-003  1.241486e-002  2.245443e-002  3.516581e-002  5.147092e-002  7.128642e-002  8.961534e-002  1.014710e-001  1.092104e-001  1.134942e-001  0.000000e+000  
-1.656806e-001  -1.562343e-001  -1.404100e-001  -1.181819e-001  -8.795104e-002  -5.975370e-002  -3.905595e-002  -2.421757e-002  -1.315621e-002  -4.166472e-003  4.166475e-003  1.315622e-002  2.421757e-002  3.905596e-002  5.975370e-002  8.795104e-002  1.181819e-001  1.404100e-001  1.562343e-001  1.656806e-001  0.000000e+000  
-2.448052e-001  -2.195386e-001  -1.836455e-001  -1.409459e-001  -9.381259e-002  -5.839869e-002  -3.607027e-002  -2.160481e-002  -1.150906e-002  -3.612843e-003  3.612847e-003  1.150906e-002  2.160481e-002  3.607027e-002  5.839869e-002  9.381258e-002  1.409459e-001  1.836455e-001  2.195386e-001  2.448052e-001  0.000000e+000  
-3.519843e-001  -2.836826e-001  -2.107626e-001  -1.426903e-001  -8.432470e-002  -4.862805e-002  -2.878517e-002  -1.684256e-002  -8.861777e-003  -2.766930e-003  2.766934e-003  8.861779e-003  1.684256e-002  2.878517e-002  4.862805e-002  8.432470e-002  1.426903e-001  2.107625e-001  2.836826e-001  3.519843e-001  0.000000e+000  
-5.064667e-001  -3.329626e-001  -2.100316e-001  -1.239893e-001  -6.608474e-002  -3.606055e-002  -2.076393e-002  -1.197902e-002  -6.257865e-003  -1.947976e-003  1.947978e-003  6.257865e-003  1.197902e-002  2.076393e-002  3.606055e-002  6.608474e-002  1.239893e-001  2.100316e-001  3.329626e-001  5.064667e-001  0.000000e+000  
-8.276164e-001  -3.291916e-001  -1.573935e-001  -7.756123e-002  -3.714736e-002  -1.933546e-002  -1.090633e-002  -6.230966e-003  -3.239648e-003  -1.006458e-003  1.006459e-003  3.239647e-003  6.230965e-003  1.090633e-002  1.933546e-002  3.714736e-002  7.756123e-002  1.573935e-001  3.291916e-001  8.276164e-001  0.000000e+000  
0.000000e+000  0.000000e+000  0.000000e+000  0.000000e+000  0.000000e+000  0.000000e+000  0.000000e+000  0.000000e+000  0.000000e+000  0.000000e+000  0.000000e+000  0.000000e+000  0.000000e+000  0.000000e+000  0.000000e+000  0.000000e+000  0.000000e+000  0.000000e+000  0.000000e+000  0.000000e+000  0.000000e+000  

0.000000e+000  2.103292e+002  4.188924e+002  6.235144e+002  8.964552e+002  1.249607e+003  1.567417e+003  1.827604e+003  2.020602e+003  2.139315e+003  2.179377e+003  2.139315e+003  2.020602e+003  1.827604e+003  1.567417e+003  1.249607e+003  8.964552e+002  6.235144e+002  4.188924e+002  2.103292e+002  0.000000e+000  
0.000000e+000  2.103288e+002  4.188917e+002  6.235134e+002  8.964539e+002  1.249605e+003  1.567415e+003  1.827603e+003  2.020601e+003  2.139314e+003  2.179376e+003  2.139314e+003  2.020601e+003  1.827603e+003  1.567415e+003  1.249605e+003  8.964539e+002  6.235134e+002  4.188917e+002  2.103288e+002  0.000000e+000  
0.000000e+000  2.103280e+002  4.188901e+002  6.235113e+002  8.964513e+002  1.249602e+003  1.567413e+003  1.827601e+003  2.020599e+003  2.139312e+003  2.179374e+003  2.139312e+003  2.020599e+003  1.827601e+003  1.567413e+003  1.249602e+003  8.964513e+002  6.235113e+002  4.188901e+002  2.103280e+002  0.000000e+000  
0.000000e+000  2.103265e+002  4.188872e+002  6.235073e+002  8.964465e+002  1.249597e+003  1.567408e+003  1.827597e+003  2.020596e+003  2.139309e+003  2.179372e+003  2.139309e+003  2.020596e+003  1.827597e+003  1.567408e+003  1.249597e+003  8.964465e+002  6.235073e+002  4.188872e+002  2.103265e+002  0.000000e+000  
0.000000e+000  2.103230e+002  4.188806e+002  6.234984e+002  8.964359e+002  1.249587e+003  1.567399e+003  1.827589e+003  2.020590e+003  2.139304e+003  2.179366e+003  2.139304e+003  2.020590e+003  1.827589e+003  1.567399e+003  1.249587e+003  8.964359e+002  6.234984e+002  4.188806e+002  2.103230e+002  0.000000e+000  
0.000000e+000  2.103147e+002  4.188658e+002  6.234793e+002  8.964147e+002  1.249567e+003  1.567383e+003  1.827577e+003  2.020580e+003  2.139296e+003  2.179359e+003  2.139296e+003  2.020580e+003  1.827577e+003  1.567383e+003  1.249567e+003  8.964147e+002  6.234793e+002  4.188658e+002  2.103147e+002  0.000000e+000  
0.000000e+000  2.102966e+002  4.188354e+002  6.234435e+002  8.963795e+002  1.249539e+003  1.567363e+003  1.827562e+003  2.020569e+003  2.139287e+003  2.179351e+003  2.139287e+003  2.020569e+003  1.827562e+003  1.567363e+003  1.249539e+003  8.963795e+002  6.234435e+002  4.188354e+002  2.102966e+002  0.000000e+000  
0.000000e+000  2.102557e+002  4.187773e+002  6.233854e+002  8.963333e+002  1.249510e+003  1.567345e+003  1.827551e+003  2.020561e+003  2.139281e+003  2.179345e+003  2.139281e+003  2.020561e+003  1.827551e+003  1.567345e+003  1.249510e+003  8.963333e+002  6.233854e+002  4.187773e+002  2.102557e+002  0.000000e+000  
0.000000e+000  2.101755e+002  4.186917e+002  6.233183e+002  8.962918e+002  1.249489e+003  1.567333e+003  1.827543e+003  2.020556e+003  2.139277e+003  2.179341e+003  2.139277e+003  2.020556e+003  1.827543e+003  1.567333e+003  1.249489e+003  8.962918e+002  6.233183e+002  4.186917e+002  2.101755e+002  0.000000e+000  
0.000000e+000  2.100031e+002  4.185697e+002  6.232466e+002  8.962570e+002  1.249473e+003  1.567325e+003  1.827539e+003  2.020553e+003  2.139275e+003  2.179339e+003  2.139275e+003  2.020553e+003  1.827539e+003  1.567325e+003  1.249473e+003  8.962570e+002  6.232466e+002  4.185697e+002  2.100031e+002  0.000000e+000  
0.000000e+000  2.095079e+002  4.183990e+002  6.231800e+002  8.962327e+002  1.249464e+003  1.567321e+003  1.827537e+003  2.020552e+003  2.139274e+003  2.179338e+003  2.139274e+003  2.020552e+003  1.827537e+003  1.567321e+003  1.249464e+003  8.962327e+002  6.231800e+002  4.183990e+002  2.095079e+002  0.000000e+000  
0.000000e+000  0.000000e+000  0.000000e+000  0.000000e+000  0.000000e+000  0.000000e+000  0.000000e+000  0.000000e+000  0.000000e+000  0.000000e+000  0.000000e+000  0.000000e+000  0.000000e+000  0.000000e+000  0.000000e+000  0.000000e+000  0.000000e+000  0.000000e+000  0.000000e+000  0.000000e+000  0.000000e+000  

0.000000e+000  0.000000e+000  0.000000e+000  0.000000e+000  0.000000e+000  0.000000e+000  0.000000e+000  0.000000e+000  0.000000e+000  0.000000e+000  0.000000e+000  0.000000e+000  0.000000e+000  0.000000e+000  0.000000e+000  0.000000e+000  0.000000e+000  0.000000e+000  0.000000e+000  0.000000e+000  0.000000e+000  
0.000000e+000  0.000000e+000  0.000000e+000  0.000000e+000  0.000000e+000  0.000000e+000  0.000000e+000  0.000000e+000  0.000000e+000  0.000000e+000  0.000000e+000  0.000000e+000  0.000000e+000  0.000000e+000  0.000000e+000  0.000000e+000  0.000000e+000  0.000000e+000  0.000000e+000  0.000000e+000  0.000000e+000  
0.000000e+000  0.000000e+000  0.000000e+000  0.000000e+000  0.000000e+000  0.000000e+000  0.000000e+000  0.000000e+000  0.000000e+000  0.000000e+000  0.000000e+000  0.000000e+000  0.000000e+000  0.000000e+000  0.000000e+000  0.000000e+000  0.000000e+000  0.000000e+000  0.000000e+000  0.000000e+000  0.000000e+000  
0.000000e+000  0.000000e+000  0.000000e+000  0.000000e+000  0.000000e+000  0.000000e+000  0.000000e+000  0.000000e+000  0.000000e+000  0.000000e+000  0.000000e+000  0.000000e+000  0.000000e+000  0.000000e+000  0.000000e+000  0.000000e+000  0.000000e+000  0.000000e+000  0.000000e+000  0.000000e+000  0.000000e+000  
0.000000e+000  0.000000e+000  0.000000e+000  0.000000e+000  0.000000e+000  0.000000e+000  0.000000e+000  0.000000e+000  0.000000e+000  0.000000e+000  0.000000e+000  0.000000e+000  0.000000e+000  0.000000e+000  0.000000e+000  0.000000e+000  0.000000e+000  0.000000e+000  0.000000e+000  0.000000e+000  0.000000e+000  
0.000000e+000  0.000000e+000  0.000000e+000  0.000000e+000  0.000000e+000  0.000000e+000  0.000000e+000  0.000000e+000  0.000000e+000  0.000000e+000  0.000000e+000  0.000000e+000  0.000000e+000  0.000000e+000  0.000000e+000  0.000000e+000  0.000000e+000  0.000000e+000  0.000000e+000  0.000000e+000  0.000000e+000  
0.000000e+000  0.000000e+000  0.000000e+000  0.000000e+000  0.000000e+000  0.000000e+000  0.000000e+000  0.000000e+000  0.000000e+000  0.000000e+000  0.000000e+000  0.000000e+000  0.000000e+000  0.000000e+000  0.000000e+000  0.000000e+000  0.000000e+000  0.000000e+000  0.000000e+000  0.000000e+000  0.000000e+000  
0.000000e+000  0.000000e+000  0.000000e+000  0.000000e+000  0.000000e+000  0.000000e+000  0.000000e+000  0.000000e+000  0.000000e+000  0.000000e+000  0.000000e+000  0.000000e+000  0.000000e+000  0.000000e+000  0.000000e+000  0.000000e+000  0.000000e+000  0.000000e+000  0.000000e+000  0.000000e+000  0.000000e+000  
0.000000e+000  0.000000e+000  0.000000e+000  0.000000e+000  0.000000e+000  0.000000e+000  0.000000e+000  0.000000e+000  0.000000e+000  0.000000e+000  0.000000e+000  0.000000e+000  0.000000e+000  0.000000e+000  0.000000e+000  0.000000e+000  0.000000e+000  0.000000e+000  0.000000e+000  0.000000e+000  0.000000e+000  
0.000000e+000  0.000000e+000  0.000000e+000  0.000000e+000  0.000000e+000  0.000000e+000  0.000000e+000  0.000000e+000  0.000000e+000  0.000000e+000  0.000000e+000  0.000000e+000  0.000000e+000  0.000000e+000  0.000000e+000  0.000000e+000  0.000000e+000  0.000000e+000  0.000000e+000  0.000000e+000  0.000000e+000  
0.000000e+000  0.000000e+000  0.000000e+000  0.000000e+000  0.000000e+000  0.000000e+000  0.000000e+000  0.000000e+000  0.000000e+000  0.000000e+000  0.000000e+000  0.000000e+000  0.000000e+000  0.000000e+000  0.000000e+000  0.000000e+000  0.000000e+000  0.000000e+000  0.000000e+000  0.000000e+000  0.000000e+000  
0.000000e+000  0.000000e+000  0.000000e+000  0.000000e+000  0.000000e+000  0.000000e+000  0.000000e+000  0.000000e+000  0.000000e+000  0.000000e+000  0.000000e+000  0.000000e+000  0.000000e+000  0.000000e+000  0.000000e+000  0.000000e+000  0.000000e+000  0.000000e+000  0.000000e+000  0.000000e+000  0.000000e+000  

0.000000e+000  0.000000e+000  0.000000e+000  0.000000e+000  0.000000e+000  0.000000e+000  0.000000e+000  0.000000e+000  0.000000e+000  0.000000e+000  0.000000e+000  0.000000e+000  0.000000e+000  0.000000e+000  0.000000e+000  0.000000e+000  0.000000e+000  0.000000e+000  0.000000e+000  0.000000e+000  0.000000e+000  
0.000000e+000  0.000000e+000  0.000000e+000  0.000000e+000  0.000000e+000  0.000000e+000  0.000000e+000  0.000000e+000  0.000000e+000  0.000000e+000  0.000000e+000  0.000000e+000  0.000000e+000  0.000000e+000  0.000000e+000  0.000000e+000  0.000000e+000  0.000000e+000  0.000000e+000  0.000000e+000  0.000000e+000  
0.000000e+000  0.000000e+000  0.000000e+000  0.000000e+000  0.000000e+000  0.000000e+000  0.000000e+000  0.000000e+000  0.000000e+000  0.000000e+000  0.000000e+000  0.000000e+000  0.000000e+000  0.000000e+000  0.000000e+000  0.000000e+000  0.000000e+000  0.000000e+000  0.000000e+000  0.000000e+000  0.000000e+000  
0.000000e+000  0.000000e+000  0.000000e+000  0.000000e+000  0.000000e+000  0.000000e+000  0.000000e+000  0.000000e+000  0.000000e+000  0.000000e+000  0.000000e+000  0.000000e+000  0.000000e+000  0.000000e+000  0.000000e+000  0.000000e+000  0.000000e+000  0.000000e+000  0.000000e+000  0.000000e+000  0.000000e+000  
0.000000e+000  0.000000e+000  0.000000e+000  0.000000e+000  0.000000e+000  0.000000e+000  0.000000e+000  0.000000e+000  0.000000e+000  0.000000e+000  0.000000e+000  0.000000e+000  0.000000e+000  0.000000e+000  0.000000e+000  0.000000e+000  0.000000e+000  0.000000e+000  0.000000e+000  0.000000e+000  0.000000e+000  
0.000000e+000  0.000000e+000  0.000000e+000  0.000000e+000  0.000000e+000  0.000000e+000  0.000000e+000  0.000000e+000  0.000000e+000  0.000000e+000  0.000000e+000  0.000000e+000  0.000000e+000  0.000000e+000  0.000000e+000  0.000000e+000  0.000000e+000  0.000000e+000  0.000000e+000  0.000000e+000  0.000000e+000  
0.000000e+000  0.000000e+000  0.000000e+000  0.000000e+000  0.000000e+000  0.000000e+000  0.000000e+000  0.000000e+000  0.000000e+000  0.000000e+000  0.000000e+000  0.000000e+000  0.000000e+000  0.000000e+000  0.000000e+000  0.000000e+000  0.000000e+000  0.000000e+000  0.000000e+000  0.000000e+000  0.000000e+000  
0.000000e+000  0.000000e+000  0.000000e+000  0.000000e+000  0.000000e+000  0.000000e+000  0.000000e+000  0.000000e+000  0.000000e+000  0.000000e+000  0.000000e+000  0.000000e+000  0.000000e+000  0.000000e+000  0.000000e+000  0.000000e+000  0.000000e+000  0.000000e+000  0.000000e+000  0.000000e+000  0.000000e+000  
0.000000e+000  0.000000e+000  0.000000e+000  0.000000e+000  0.000000e+000  0.000000e+000  0.000000e+000  0.000000e+000  0.000000e+000  0.000000e+000  0.000000e+000  0.000000e+000  0.000000e+000  0.000000e+000  0.000000e+000  0.000000e+000  0.000000e+000  0.000000e+000  0.000000e+000  0.000000e+000  0.000000e+000  
0.000000e+000  0.000000e+000  0.000000e+000  0.000000e+000  0.000000e+000  0.000000e+000  0.000000e+000  0.000000e+000  0.000000e+000  0.000000e+000  0.000000e+000  0.000000e+000  0.000000e+000  0.000000e+000  0.000000e+000  0.000000e+000  0.000000e+000  0.000000e+000  0.000000e+000  0.000000e+000  0.000000e+000  
0.000000e+000  0.000000e+000  0.000000e+000  0.000000e+000  0.000000e+000  0.000000e+000  0.000000e+000  0.000000e+000  0.000000e+000  0.000000e+000  0.000000e+000  0.000000e+000  0.000000e+000  0.000000e+000  0.000000e+000  0.000000e+000  0.000000e+000  0.000000e+000  0.000000e+000  0.000000e+000  0.000000e+000  
0.000000e+000  0.000000e+000  0.000000e+000  0.000000e+000  0.000000e+000  0.000000e+000  0.000000e+000  0.000000e+000  0.000000e+000  0.000000e+000  0.000000e+000  0.000000e+000  0.000000e+000  0.000000e+000  0.000000e+000  0.000000e+000  0.000000e+000  0.000000e+000  0.000000e+000  0.000000e+000  0.000000e+000  

0.000000e+000  0.000000e+000  0.000000e+000  0.000000e+000  0.000000e+000  0.000000e+000  0.000000e+000  0.000000e+000  0.000000e+000  0.000000e+000  0.000000e+000  0.000000e+000  0.000000e+000  0.000000e+000  0.000000e+000  0.000000e+000  0.000000e+000  0.000000e+000  0.000000e+000  0.000000e+000  0.000000e+000  
0.000000e+000  0.000000e+000  0.000000e+000  0.000000e+000  0.000000e+000  0.000000e+000  0.000000e+000  0.000000e+000  0.000000e+000  0.000000e+000  0.000000e+000  0.000000e+000  0.000000e+000  0.000000e+000  0.000000e+000  0.000000e+000  0.000000e+000  0.000000e+000  0.000000e+000  0.000000e+000  0.000000e+000  
0.000000e+000  0.000000e+000  0.000000e+000  0.000000e+000  0.000000e+000  0.000000e+000  0.000000e+000  0.000000e+000  0.000000e+000  0.000000e+000  0.000000e+000  0.000000e+000  0.000000e+000  0.000000e+000  0.000000e+000  0.000000e+000  0.000000e+000  0.000000e+000  0.000000e+000  0.000000e+000  0.000000e+000  
0.000000e+000  0.000000e+000  0.000000e+000  0.000000e+000  0.000000e+000  0.000000e+000  0.000000e+000  0.000000e+000  0.000000e+000  0.000000e+000  0.000000e+000  0.000000e+000  0.000000e+000  0.000000e+000  0.000000e+000  0.000000e+000  0.000000e+000  0.000000e+000  0.000000e+000  0.000000e+000  0.000000e+000  
0.000000e+000  0.000000e+000  0.000000e+000  0.000000e+000  0.000000e+000  0.000000e+000  0.000000e+000  0.000000e+000  0.000000e+000  0.000000e+000  0.000000e+000  0.000000e+000  0.000000e+000  0.000000e+000  0.000000e+000  0.000000e+000  0.000000e+000  0.000000e+000  0.000000e+000  0.000000e+000  0.000000e+000  
0.000000e+000  0.000000e+000  0.000000e+000  0.000000e+000  0.000000e+000  0.000000e+000  0.000000e+000  0.000000e+000  0.000000e+000  0.000000e+000  0.000000e+000  0.000000e+000  0.000000e+000  0.000000e+000  0.000000e+000  0.000000e+000  0.000000e+000  0.000000e+000  0.000000e+000  0.000000e+000  0.000000e+000  
0.000000e+000  0.000000e+000  0.000000e+000  0.000000e+000  0.000000e+000  0.000000e+000  0.000000e+000  0.000000e+000  0.000000e+000  0.000000e+000  0.000000e+000  0.000000e+000  0.000000e+000  0.000000e+000  0.000000e+000  0.000000e+000  0.000000e+000  0.000000e+000  0.000000e+000  0.000000e+000  0.000000e+000  
0.000000e+000  0.000000e+000  0.000000e+000  0.000000e+000  0.000000e+000  0.000000e+000  0.000000e+000  0.000000e+000  0.000000e+000  0.000000e+000  0.000000e+000  0.000000e+000  0.000000e+000  0.000000e+000  0.000000e+000  0.000000e+000  0.000000e+000  0.000000e+000  0.000000e+000  0.000000e+000  0.000000e+000  
0.000000e+000  0.000000e+000  0.000000e+000  0.000000e+000  0.000000e+000  0.000000e+000  0.000000e+000  0.000000e+000  0.000000e+000  0.000000e+000  0.000000e+000  0.000000e+000  0.000000e+000  0.000000e+000  0.000000e+000  0.000000e+000  0.000000e+000  0.000000e+000  0.000000e+000  0.000000e+000  0.000000e+000  
0.000000e+000  0.000000e+000  0.000000e+000  0.000000e+000  0.000000e+000  0.000000e+000  0.000000e+000  0.000000e+000  0.000000e+000  0.000000e+000  0.000000e+000  0.000000e+000  0.000000e+000  0.000000e+000  0.000000e+000  0.000000e+000  0.000000e+000  0.000000e+000  0.000000e+000  0.000000e+000  0.000000e+000  
0.000000e+000  0.000000e+000  0.000000e+000  0.000000e+000  0.000000e+000  0.000000e+000  0.000000e+000  0.000000e+000  0.000000e+000  0.000000e+000  0.000000e+000  0.000000e+000  0.000000e+000  0.000000e+000  0.000000e+000  0.000000e+000  0.000000e+000  0.000000e+000  0.000000e+000  0.000000e+000  0.000000e+000  
0.000000e+000  0.000000e+000  0.000000e+000  0.000000e+000  0.000000e+000  0.000000e+000  0.000000e+000  0.000000e+000  0.000000e+000  0.000000e+000  0.000000e+000  0.000000e+000  0.000000e+000  0.000000e+000  0.000000e+000  0.000000e+000  0.000000e+000  0.000000e+000  0.000000e+000  0.000000e+000  0.000000e+000  

0.000000e+000  0.000000e+000  0.000000e+000  0.000000e+000  0.000000e+000  0.000000e+000  0.000000e+000  0.000000e+000  0.000000e+000  0.000000e+000  0.000000e+000  0.000000e+000  0.000000e+000  0.000000e+000  0.000000e+000  0.000000e+000  0.000000e+000  0.000000e+000  0.000000e+000  0.000000e+000  0.000000e+000  
0.000000e+000  -7.206046e-007  -1.318852e-006  -1.998635e-006  -2.816630e-006  -4.490355e-006  -4.499960e-006  -4.681934e-006  -4.958899e-006  -5.169646e-006  -5.260854e-006  -5.170418e-006  -4.967327e-006  -4.695100e-006  -4.487193e-006  -4.494474e-006  -2.796891e-006  -2.007819e-006  -1.342751e-006  -6.882514e-007  0.000000e+000  
0.000000e+000  -1.246874e-006  -2.825303e-006  -4.039951e-006  -5.389904e-006  -9.414987e-006  -8.893822e-006  -9.278881e-006  -9.898646e-006  -1.031764e-005  -1.051363e-005  -1.034991e-005  -9.892527e-006  -9.290652e-006  -8.909175e-006  -9.408593e-006  -5.396449e-006  -4.062109e-006  -2.811533e-006  -1.308881e-006  0.000000e+000  
0.000000e+000  -1.754392e-006  -4.420417e-006  -6.260813e-006  -7.278980e-006  -1.544148e-005  -1.296470e-005  -1.374543e-005  -1.476447e-005  -1.549023e-005  -1.573962e-005  -1.549978e-005  -1.478156e-005  -1.374809e-005  -1.297130e-005  -1.543399e-005  -7.299327e-006  -6.275432e-006  -4.485036e-006  -1.700455e-006  0.000000e+000  
0.000000e+000  -2.036278e-006  -4.004300e-006  -6.598164e-006  -1.029211e-005  -1.145843e-005  -1.526668e-005  -1.744344e-005  -1.902457e-005  -2.003979e-005  -2.037712e-005  -2.004098e-005  -1.904375e-005  -1.744034e-005  -1.526798e-005  -1.145999e-005  -1.030376e-005  -6.620373e-006  -3.998469e-006  -2.073766e-006  0.000000e+000  
0.000000e+000  -1.251575e-006  -2.066336e-006  -2.777943e-006  -4.789227e-006  -7.141313e-006  -9.696415e-006  -1.133727e-005  -1.249458e-005  -1.318087e-005  -1.343604e-005  -1.319503e-005  -1.249495e-005  -1.134710e-005  -9.678352e-006  -7.146847e-006  -4.788017e-006  -2.773674e-006  -2.086435e-006  -1.257978e-006  0.000000e+000  
0.000000e+000  1.226989e-006  2.063623e-006  2.760195e-006  4.791836e-006  7.130903e-006  9.679788e-006  1.133950e-005  1.248355e-005  1.319254e-005  1.343728e-005  1.319849e-005  1.247626e-005  1.134671e-005  9.691449e-006  7.156389e-006  4.782393e-006  2.792792e-006  2.074905e-006  1.247634e-006  0.000000e+000  
0.000000e+000  2.046325e-006  3.967749e-006  6.595950e-006  1.032342e-005  1.145551e-005  1.526009e-005  1.743740e-005  1.903566e-005  2.002994e-005  2.038308e-005  2.005888e-005  1.904925e-005  1.744253e-005  1.527585e-005  1.145199e-005  1.030206e-005  6.617897e-006  3.990271e-006  2.036429e-006  0.000000e+000  
0.000000e+000  1.716431e-006  4.423555e-006  6.290494e-006  7.249279e-006  1.540084e-005  1.294596e-005  1.373815e-005  1.477037e-005  1.549301e-005  1.574033e-005  1.548782e-005  1.476696e-005  1.374599e-005  1.301067e-005  1.544178e-005  7.273397e-006  6.318931e-006  4.436448e-006  1.712963e-006  0.000000e+000  
0.000000e+000  1.289068e-006  2.866239e-006  3.988619e-006  5.413697e-006  9.401240e-006  8.879777e-006  9.289198e-006  9.877455e-006  1.033562e-005  1.049620e-005  1.035038e-005  9.876952e-006  9.304134e-006  8.892239e-006  9.417137e-006  5.398431e-006  4.020961e-006  2.823137e-006  1.321963e-006  0.000000e+000  
0.000000e+000  6.849408e-007  1.335520e-006  2.061859e-006  2.805246e-006  4.513283e-006  4.510335e-006  4.685052e-006  4.949591e-006  5.169804e-006  5.241674e-006  5.182247e-006  4.971396e-006  4.674404e-006  4.487908e-006  4.490134e-006  2.789662e-006  2.014624e-006  1.373636e-006  6.413352e-007  0.000000e+000  
0.000000e+000  0.000000e+000  0.000000e+000  0.000000e+000  0.000000e+000  0.000000e+000  0.000000e+000  0.000000e+000  0.000000e+000  0.000000e+000  0.000000e+000  0.000000e+000  0.000000e+000  0.000000e+000  0.000000e+000  0.000000e+000  0.000000e+000  0.000000e+000  0.000000e+000  0.000000e+000  0.000000e+000  

