Port monitor named: Port1_e1[9].prt

nx        = 66
ny        = 32
nz        = 85

nu        = 12
nv        = 21
iu        = 11
iv        = 33

idir      = 0
dcut      = 5.000000e-002
icut      = 60
type      = 0
frequency = 9.000000e+009

fcutoff   = 6.554860e+009
alpha     = 0.000000e+000
beta      = 1.292172e+002
accuracy  = 1.384989e-011

type          = TE
wave imp.     = 5.499357e+002
wave imp.sig. = 8.377920e-006
line imp.     = 0.000000e+000

ref. port     = 0

0.000000e+000  0.000000e+000  0.000000e+000  0.000000e+000  0.000000e+000  0.000000e+000  0.000000e+000  0.000000e+000  0.000000e+000  0.000000e+000  0.000000e+000  0.000000e+000  
2.103355e+002  2.103351e+002  2.103343e+002  2.103328e+002  2.103293e+002  2.103210e+002  2.103029e+002  2.102620e+002  2.101818e+002  2.100094e+002  2.095141e+002  0.000000e+000  
4.189049e+002  4.189042e+002  4.189027e+002  4.188998e+002  4.188931e+002  4.188783e+002  4.188480e+002  4.187898e+002  4.187043e+002  4.185822e+002  4.184116e+002  0.000000e+000  
6.235330e+002  6.235320e+002  6.235299e+002  6.235260e+002  6.235171e+002  6.234980e+002  6.234622e+002  6.234041e+002  6.233370e+002  6.232652e+002  6.231986e+002  0.000000e+000  
8.964820e+002  8.964808e+002  8.964781e+002  8.964733e+002  8.964627e+002  8.964415e+002  8.964063e+002  8.963601e+002  8.963186e+002  8.962838e+002  8.962595e+002  0.000000e+000  
1.249644e+003  1.249643e+003  1.249640e+003  1.249635e+003  1.249624e+003  1.249605e+003  1.249577e+003  1.249547e+003  1.249526e+003  1.249511e+003  1.249502e+003  0.000000e+000  
1.567463e+003  1.567462e+003  1.567460e+003  1.567455e+003  1.567446e+003  1.567430e+003  1.567410e+003  1.567391e+003  1.567380e+003  1.567372e+003  1.567368e+003  0.000000e+000  
1.827659e+003  1.827658e+003  1.827655e+003  1.827651e+003  1.827644e+003  1.827632e+003  1.827617e+003  1.827605e+003  1.827598e+003  1.827594e+003  1.827591e+003  0.000000e+000  
2.020663e+003  2.020662e+003  2.020660e+003  2.020657e+003  2.020650e+003  2.020641e+003  2.020630e+003  2.020621e+003  2.020617e+003  2.020614e+003  2.020612e+003  0.000000e+000  
2.139379e+003  2.139378e+003  2.139376e+003  2.139373e+003  2.139368e+003  2.139360e+003  2.139351e+003  2.139345e+003  2.139341e+003  2.139339e+003  2.139338e+003  0.000000e+000  
2.179442e+003  2.179441e+003  2.179439e+003  2.179437e+003  2.179432e+003  2.179424e+003  2.179416e+003  2.179410e+003  2.179407e+003  2.179405e+003  2.179404e+003  0.000000e+000  
2.139379e+003  2.139378e+003  2.139376e+003  2.139373e+003  2.139368e+003  2.139360e+003  2.139351e+003  2.139345e+003  2.139341e+003  2.139339e+003  2.139338e+003  0.000000e+000  
2.020663e+003  2.020662e+003  2.020660e+003  2.020657e+003  2.020650e+003  2.020641e+003  2.020630e+003  2.020621e+003  2.020617e+003  2.020614e+003  2.020612e+003  0.000000e+000  
1.827659e+003  1.827658e+003  1.827655e+003  1.827651e+003  1.827644e+003  1.827632e+003  1.827617e+003  1.827605e+003  1.827598e+003  1.827594e+003  1.827591e+003  0.000000e+000  
1.567463e+003  1.567462e+003  1.567460e+003  1.567455e+003  1.567446e+003  1.567430e+003  1.567410e+003  1.567391e+003  1.567380e+003  1.567372e+003  1.567368e+003  0.000000e+000  
1.249644e+003  1.249643e+003  1.249640e+003  1.249635e+003  1.249624e+003  1.249605e+003  1.249577e+003  1.249547e+003  1.249526e+003  1.249511e+003  1.249502e+003  0.000000e+000  
8.964820e+002  8.964808e+002  8.964781e+002  8.964733e+002  8.964627e+002  8.964415e+002  8.964063e+002  8.963601e+002  8.963186e+002  8.962838e+002  8.962595e+002  0.000000e+000  
6.235330e+002  6.235320e+002  6.235299e+002  6.235260e+002  6.235171e+002  6.234980e+002  6.234622e+002  6.234041e+002  6.233370e+002  6.232652e+002  6.231986e+002  0.000000e+000  
4.189049e+002  4.189042e+002  4.189027e+002  4.188998e+002  4.188931e+002  4.188783e+002  4.188480e+002  4.187898e+002  4.187043e+002  4.185822e+002  4.184116e+002  0.000000e+000  
2.103355e+002  2.103351e+002  2.103343e+002  2.103328e+002  2.103293e+002  2.103210e+002  2.103029e+002  2.102620e+002  2.101818e+002  2.100094e+002  2.095141e+002  0.000000e+000  
0.000000e+000  0.000000e+000  0.000000e+000  0.000000e+000  0.000000e+000  0.000000e+000  0.000000e+000  0.000000e+000  0.000000e+000  0.000000e+000  0.000000e+000  0.000000e+000  

0.000000e+000  -1.635190e-002  -3.293486e-002  -5.001028e-002  -7.461649e-002  -1.135011e-001  -1.656835e-001  -2.448199e-001  -3.520012e-001  -5.064871e-001  -8.276468e-001  0.000000e+000  
0.000000e+000  -1.596432e-002  -3.212679e-002  -4.870736e-002  -7.242799e-002  -1.092105e-001  -1.562436e-001  -2.195458e-001  -2.836943e-001  -3.329764e-001  -3.292044e-001  0.000000e+000  
0.000000e+000  -1.522539e-002  -3.059205e-002  -4.625392e-002  -6.833500e-002  -1.014660e-001  -1.404235e-001  -1.836493e-001  -2.107714e-001  -2.100416e-001  -1.574007e-001  0.000000e+000  
0.000000e+000  -1.400456e-002  -2.806584e-002  -4.223885e-002  -6.179741e-002  -8.962040e-002  -1.181841e-001  -1.409500e-001  -1.427013e-001  -1.239991e-001  -7.756705e-002  0.000000e+000  
0.000000e+000  -1.187903e-002  -2.370018e-002  -3.538966e-002  -5.101746e-002  -7.128815e-002  -8.795492e-002  -9.382146e-002  -8.435186e-002  -6.610113e-002  -3.715522e-002  0.000000e+000  
0.000000e+000  -9.171253e-003  -1.821193e-002  -2.697823e-002  -3.818535e-002  -5.147650e-002  -5.975204e-002  -5.843997e-002  -4.865123e-002  -3.607562e-002  -1.934287e-002  0.000000e+000  
0.000000e+000  -6.605895e-003  -1.306479e-002  -1.922080e-002  -2.685057e-002  -3.516629e-002  -3.905808e-002  -3.609125e-002  -2.880217e-002  -2.077531e-002  -1.091203e-002  0.000000e+000  
0.000000e+000  -4.380052e-003  -8.637221e-003  -1.264473e-002  -1.749427e-002  -2.245460e-002  -2.421905e-002  -2.161740e-002  -1.685356e-002  -1.198654e-002  -6.234771e-003  0.000000e+000  
0.000000e+000  -2.480000e-003  -4.881195e-003  -7.123540e-003  -9.795021e-003  -1.241504e-002  -1.315694e-002  -1.151609e-002  -8.868000e-003  -6.262125e-003  -3.241811e-003  0.000000e+000  
0.000000e+000  -8.009617e-004  -1.575025e-003  -2.295066e-003  -3.146394e-003  -3.964124e-003  -4.166683e-003  -3.615130e-003  -2.768955e-003  -1.949359e-003  -1.007160e-003  0.000000e+000  
0.000000e+000  8.009621e-004  1.575027e-003  2.295067e-003  3.146395e-003  3.964124e-003  4.166683e-003  3.615128e-003  2.768952e-003  1.949358e-003  1.007161e-003  0.000000e+000  
0.000000e+000  2.480000e-003  4.881197e-003  7.123542e-003  9.795020e-003  1.241504e-002  1.315694e-002  1.151609e-002  8.867997e-003  6.262123e-003  3.241810e-003  0.000000e+000  
0.000000e+000  4.380053e-003  8.637224e-003  1.264473e-002  1.749427e-002  2.245460e-002  2.421905e-002  2.161740e-002  1.685356e-002  1.198653e-002  6.234770e-003  0.000000e+000  
0.000000e+000  6.605898e-003  1.306479e-002  1.922080e-002  2.685057e-002  3.516629e-002  3.905808e-002  3.609125e-002  2.880217e-002  2.077531e-002  1.091202e-002  0.000000e+000  
0.000000e+000  9.171253e-003  1.821193e-002  2.697823e-002  3.818535e-002  5.147650e-002  5.975204e-002  5.843997e-002  4.865122e-002  3.607562e-002  1.934287e-002  0.000000e+000  
0.000000e+000  1.187903e-002  2.370018e-002  3.538966e-002  5.101746e-002  7.128815e-002  8.795492e-002  9.382146e-002  8.435185e-002  6.610113e-002  3.715522e-002  0.000000e+000  
0.000000e+000  1.400456e-002  2.806585e-002  4.223886e-002  6.179741e-002  8.962040e-002  1.181841e-001  1.409500e-001  1.427013e-001  1.239991e-001  7.756705e-002  0.000000e+000  
0.000000e+000  1.522539e-002  3.059205e-002  4.625392e-002  6.833500e-002  1.014660e-001  1.404235e-001  1.836493e-001  2.107714e-001  2.100416e-001  1.574007e-001  0.000000e+000  
0.000000e+000  1.596432e-002  3.212679e-002  4.870736e-002  7.242799e-002  1.092105e-001  1.562436e-001  2.195458e-001  2.836943e-001  3.329764e-001  3.292044e-001  0.000000e+000  
0.000000e+000  1.635190e-002  3.293486e-002  5.001028e-002  7.461650e-002  1.135011e-001  1.656835e-001  2.448199e-001  3.520012e-001  5.064871e-001  8.276468e-001  0.000000e+000  
0.000000e+000  0.000000e+000  0.000000e+000  0.000000e+000  0.000000e+000  0.000000e+000  0.000000e+000  0.000000e+000  0.000000e+000  0.000000e+000  0.000000e+000  0.000000e+000  

0.000000e+000  0.000000e+000  0.000000e+000  0.000000e+000  0.000000e+000  0.000000e+000  0.000000e+000  0.000000e+000  0.000000e+000  0.000000e+000  0.000000e+000  0.000000e+000  
0.000000e+000  0.000000e+000  0.000000e+000  0.000000e+000  0.000000e+000  0.000000e+000  0.000000e+000  0.000000e+000  0.000000e+000  0.000000e+000  0.000000e+000  0.000000e+000  
0.000000e+000  0.000000e+000  0.000000e+000  0.000000e+000  0.000000e+000  0.000000e+000  0.000000e+000  0.000000e+000  0.000000e+000  0.000000e+000  0.000000e+000  0.000000e+000  
0.000000e+000  0.000000e+000  0.000000e+000  0.000000e+000  0.000000e+000  0.000000e+000  0.000000e+000  0.000000e+000  0.000000e+000  0.000000e+000  0.000000e+000  0.000000e+000  
0.000000e+000  0.000000e+000  0.000000e+000  0.000000e+000  0.000000e+000  0.000000e+000  0.000000e+000  0.000000e+000  0.000000e+000  0.000000e+000  0.000000e+000  0.000000e+000  
0.000000e+000  0.000000e+000  0.000000e+000  0.000000e+000  0.000000e+000  0.000000e+000  0.000000e+000  0.000000e+000  0.000000e+000  0.000000e+000  0.000000e+000  0.000000e+000  
0.000000e+000  0.000000e+000  0.000000e+000  0.000000e+000  0.000000e+000  0.000000e+000  0.000000e+000  0.000000e+000  0.000000e+000  0.000000e+000  0.000000e+000  0.000000e+000  
0.000000e+000  0.000000e+000  0.000000e+000  0.000000e+000  0.000000e+000  0.000000e+000  0.000000e+000  0.000000e+000  0.000000e+000  0.000000e+000  0.000000e+000  0.000000e+000  
0.000000e+000  0.000000e+000  0.000000e+000  0.000000e+000  0.000000e+000  0.000000e+000  0.000000e+000  0.000000e+000  0.000000e+000  0.000000e+000  0.000000e+000  0.000000e+000  
0.000000e+000  0.000000e+000  0.000000e+000  0.000000e+000  0.000000e+000  0.000000e+000  0.000000e+000  0.000000e+000  0.000000e+000  0.000000e+000  0.000000e+000  0.000000e+000  
0.000000e+000  0.000000e+000  0.000000e+000  0.000000e+000  0.000000e+000  0.000000e+000  0.000000e+000  0.000000e+000  0.000000e+000  0.000000e+000  0.000000e+000  0.000000e+000  
0.000000e+000  0.000000e+000  0.000000e+000  0.000000e+000  0.000000e+000  0.000000e+000  0.000000e+000  0.000000e+000  0.000000e+000  0.000000e+000  0.000000e+000  0.000000e+000  
0.000000e+000  0.000000e+000  0.000000e+000  0.000000e+000  0.000000e+000  0.000000e+000  0.000000e+000  0.000000e+000  0.000000e+000  0.000000e+000  0.000000e+000  0.000000e+000  
0.000000e+000  0.000000e+000  0.000000e+000  0.000000e+000  0.000000e+000  0.000000e+000  0.000000e+000  0.000000e+000  0.000000e+000  0.000000e+000  0.000000e+000  0.000000e+000  
0.000000e+000  0.000000e+000  0.000000e+000  0.000000e+000  0.000000e+000  0.000000e+000  0.000000e+000  0.000000e+000  0.000000e+000  0.000000e+000  0.000000e+000  0.000000e+000  
0.000000e+000  0.000000e+000  0.000000e+000  0.000000e+000  0.000000e+000  0.000000e+000  0.000000e+000  0.000000e+000  0.000000e+000  0.000000e+000  0.000000e+000  0.000000e+000  
0.000000e+000  0.000000e+000  0.000000e+000  0.000000e+000  0.000000e+000  0.000000e+000  0.000000e+000  0.000000e+000  0.000000e+000  0.000000e+000  0.000000e+000  0.000000e+000  
0.000000e+000  0.000000e+000  0.000000e+000  0.000000e+000  0.000000e+000  0.000000e+000  0.000000e+000  0.000000e+000  0.000000e+000  0.000000e+000  0.000000e+000  0.000000e+000  
0.000000e+000  0.000000e+000  0.000000e+000  0.000000e+000  0.000000e+000  0.000000e+000  0.000000e+000  0.000000e+000  0.000000e+000  0.000000e+000  0.000000e+000  0.000000e+000  
0.000000e+000  0.000000e+000  0.000000e+000  0.000000e+000  0.000000e+000  0.000000e+000  0.000000e+000  0.000000e+000  0.000000e+000  0.000000e+000  0.000000e+000  0.000000e+000  
0.000000e+000  0.000000e+000  0.000000e+000  0.000000e+000  0.000000e+000  0.000000e+000  0.000000e+000  0.000000e+000  0.000000e+000  0.000000e+000  0.000000e+000  0.000000e+000  

0.000000e+000  0.000000e+000  0.000000e+000  0.000000e+000  0.000000e+000  0.000000e+000  0.000000e+000  0.000000e+000  0.000000e+000  0.000000e+000  0.000000e+000  0.000000e+000  
0.000000e+000  0.000000e+000  0.000000e+000  0.000000e+000  0.000000e+000  0.000000e+000  0.000000e+000  0.000000e+000  0.000000e+000  0.000000e+000  0.000000e+000  0.000000e+000  
0.000000e+000  0.000000e+000  0.000000e+000  0.000000e+000  0.000000e+000  0.000000e+000  0.000000e+000  0.000000e+000  0.000000e+000  0.000000e+000  0.000000e+000  0.000000e+000  
0.000000e+000  0.000000e+000  0.000000e+000  0.000000e+000  0.000000e+000  0.000000e+000  0.000000e+000  0.000000e+000  0.000000e+000  0.000000e+000  0.000000e+000  0.000000e+000  
0.000000e+000  0.000000e+000  0.000000e+000  0.000000e+000  0.000000e+000  0.000000e+000  0.000000e+000  0.000000e+000  0.000000e+000  0.000000e+000  0.000000e+000  0.000000e+000  
0.000000e+000  0.000000e+000  0.000000e+000  0.000000e+000  0.000000e+000  0.000000e+000  0.000000e+000  0.000000e+000  0.000000e+000  0.000000e+000  0.000000e+000  0.000000e+000  
0.000000e+000  0.000000e+000  0.000000e+000  0.000000e+000  0.000000e+000  0.000000e+000  0.000000e+000  0.000000e+000  0.000000e+000  0.000000e+000  0.000000e+000  0.000000e+000  
0.000000e+000  0.000000e+000  0.000000e+000  0.000000e+000  0.000000e+000  0.000000e+000  0.000000e+000  0.000000e+000  0.000000e+000  0.000000e+000  0.000000e+000  0.000000e+000  
0.000000e+000  0.000000e+000  0.000000e+000  0.000000e+000  0.000000e+000  0.000000e+000  0.000000e+000  0.000000e+000  0.000000e+000  0.000000e+000  0.000000e+000  0.000000e+000  
0.000000e+000  0.000000e+000  0.000000e+000  0.000000e+000  0.000000e+000  0.000000e+000  0.000000e+000  0.000000e+000  0.000000e+000  0.000000e+000  0.000000e+000  0.000000e+000  
0.000000e+000  0.000000e+000  0.000000e+000  0.000000e+000  0.000000e+000  0.000000e+000  0.000000e+000  0.000000e+000  0.000000e+000  0.000000e+000  0.000000e+000  0.000000e+000  
0.000000e+000  0.000000e+000  0.000000e+000  0.000000e+000  0.000000e+000  0.000000e+000  0.000000e+000  0.000000e+000  0.000000e+000  0.000000e+000  0.000000e+000  0.000000e+000  
0.000000e+000  0.000000e+000  0.000000e+000  0.000000e+000  0.000000e+000  0.000000e+000  0.000000e+000  0.000000e+000  0.000000e+000  0.000000e+000  0.000000e+000  0.000000e+000  
0.000000e+000  0.000000e+000  0.000000e+000  0.000000e+000  0.000000e+000  0.000000e+000  0.000000e+000  0.000000e+000  0.000000e+000  0.000000e+000  0.000000e+000  0.000000e+000  
0.000000e+000  0.000000e+000  0.000000e+000  0.000000e+000  0.000000e+000  0.000000e+000  0.000000e+000  0.000000e+000  0.000000e+000  0.000000e+000  0.000000e+000  0.000000e+000  
0.000000e+000  0.000000e+000  0.000000e+000  0.000000e+000  0.000000e+000  0.000000e+000  0.000000e+000  0.000000e+000  0.000000e+000  0.000000e+000  0.000000e+000  0.000000e+000  
0.000000e+000  0.000000e+000  0.000000e+000  0.000000e+000  0.000000e+000  0.000000e+000  0.000000e+000  0.000000e+000  0.000000e+000  0.000000e+000  0.000000e+000  0.000000e+000  
0.000000e+000  0.000000e+000  0.000000e+000  0.000000e+000  0.000000e+000  0.000000e+000  0.000000e+000  0.000000e+000  0.000000e+000  0.000000e+000  0.000000e+000  0.000000e+000  
0.000000e+000  0.000000e+000  0.000000e+000  0.000000e+000  0.000000e+000  0.000000e+000  0.000000e+000  0.000000e+000  0.000000e+000  0.000000e+000  0.000000e+000  0.000000e+000  
0.000000e+000  0.000000e+000  0.000000e+000  0.000000e+000  0.000000e+000  0.000000e+000  0.000000e+000  0.000000e+000  0.000000e+000  0.000000e+000  0.000000e+000  0.000000e+000  
0.000000e+000  0.000000e+000  0.000000e+000  0.000000e+000  0.000000e+000  0.000000e+000  0.000000e+000  0.000000e+000  0.000000e+000  0.000000e+000  0.000000e+000  0.000000e+000  

0.000000e+000  0.000000e+000  0.000000e+000  0.000000e+000  0.000000e+000  0.000000e+000  0.000000e+000  0.000000e+000  0.000000e+000  0.000000e+000  0.000000e+000  0.000000e+000  
0.000000e+000  0.000000e+000  0.000000e+000  0.000000e+000  0.000000e+000  0.000000e+000  0.000000e+000  0.000000e+000  0.000000e+000  0.000000e+000  0.000000e+000  0.000000e+000  
0.000000e+000  0.000000e+000  0.000000e+000  0.000000e+000  0.000000e+000  0.000000e+000  0.000000e+000  0.000000e+000  0.000000e+000  0.000000e+000  0.000000e+000  0.000000e+000  
0.000000e+000  0.000000e+000  0.000000e+000  0.000000e+000  0.000000e+000  0.000000e+000  0.000000e+000  0.000000e+000  0.000000e+000  0.000000e+000  0.000000e+000  0.000000e+000  
0.000000e+000  0.000000e+000  0.000000e+000  0.000000e+000  0.000000e+000  0.000000e+000  0.000000e+000  0.000000e+000  0.000000e+000  0.000000e+000  0.000000e+000  0.000000e+000  
0.000000e+000  0.000000e+000  0.000000e+000  0.000000e+000  0.000000e+000  0.000000e+000  0.000000e+000  0.000000e+000  0.000000e+000  0.000000e+000  0.000000e+000  0.000000e+000  
0.000000e+000  0.000000e+000  0.000000e+000  0.000000e+000  0.000000e+000  0.000000e+000  0.000000e+000  0.000000e+000  0.000000e+000  0.000000e+000  0.000000e+000  0.000000e+000  
0.000000e+000  0.000000e+000  0.000000e+000  0.000000e+000  0.000000e+000  0.000000e+000  0.000000e+000  0.000000e+000  0.000000e+000  0.000000e+000  0.000000e+000  0.000000e+000  
0.000000e+000  0.000000e+000  0.000000e+000  0.000000e+000  0.000000e+000  0.000000e+000  0.000000e+000  0.000000e+000  0.000000e+000  0.000000e+000  0.000000e+000  0.000000e+000  
0.000000e+000  0.000000e+000  0.000000e+000  0.000000e+000  0.000000e+000  0.000000e+000  0.000000e+000  0.000000e+000  0.000000e+000  0.000000e+000  0.000000e+000  0.000000e+000  
0.000000e+000  0.000000e+000  0.000000e+000  0.000000e+000  0.000000e+000  0.000000e+000  0.000000e+000  0.000000e+000  0.000000e+000  0.000000e+000  0.000000e+000  0.000000e+000  
0.000000e+000  0.000000e+000  0.000000e+000  0.000000e+000  0.000000e+000  0.000000e+000  0.000000e+000  0.000000e+000  0.000000e+000  0.000000e+000  0.000000e+000  0.000000e+000  
0.000000e+000  0.000000e+000  0.000000e+000  0.000000e+000  0.000000e+000  0.000000e+000  0.000000e+000  0.000000e+000  0.000000e+000  0.000000e+000  0.000000e+000  0.000000e+000  
0.000000e+000  0.000000e+000  0.000000e+000  0.000000e+000  0.000000e+000  0.000000e+000  0.000000e+000  0.000000e+000  0.000000e+000  0.000000e+000  0.000000e+000  0.000000e+000  
0.000000e+000  0.000000e+000  0.000000e+000  0.000000e+000  0.000000e+000  0.000000e+000  0.000000e+000  0.000000e+000  0.000000e+000  0.000000e+000  0.000000e+000  0.000000e+000  
0.000000e+000  0.000000e+000  0.000000e+000  0.000000e+000  0.000000e+000  0.000000e+000  0.000000e+000  0.000000e+000  0.000000e+000  0.000000e+000  0.000000e+000  0.000000e+000  
0.000000e+000  0.000000e+000  0.000000e+000  0.000000e+000  0.000000e+000  0.000000e+000  0.000000e+000  0.000000e+000  0.000000e+000  0.000000e+000  0.000000e+000  0.000000e+000  
0.000000e+000  0.000000e+000  0.000000e+000  0.000000e+000  0.000000e+000  0.000000e+000  0.000000e+000  0.000000e+000  0.000000e+000  0.000000e+000  0.000000e+000  0.000000e+000  
0.000000e+000  0.000000e+000  0.000000e+000  0.000000e+000  0.000000e+000  0.000000e+000  0.000000e+000  0.000000e+000  0.000000e+000  0.000000e+000  0.000000e+000  0.000000e+000  
0.000000e+000  0.000000e+000  0.000000e+000  0.000000e+000  0.000000e+000  0.000000e+000  0.000000e+000  0.000000e+000  0.000000e+000  0.000000e+000  0.000000e+000  0.000000e+000  
0.000000e+000  0.000000e+000  0.000000e+000  0.000000e+000  0.000000e+000  0.000000e+000  0.000000e+000  0.000000e+000  0.000000e+000  0.000000e+000  0.000000e+000  0.000000e+000  

0.000000e+000  0.000000e+000  0.000000e+000  0.000000e+000  0.000000e+000  0.000000e+000  0.000000e+000  0.000000e+000  0.000000e+000  0.000000e+000  0.000000e+000  0.000000e+000  
0.000000e+000  -1.093557e-006  -2.195232e-006  -3.391388e-006  -2.253967e-006  -1.258242e-006  1.256999e-006  2.230941e-006  3.377548e-006  2.245510e-006  1.013848e-006  0.000000e+000  
0.000000e+000  -2.015442e-006  -4.326211e-006  -6.967334e-006  -4.167490e-006  -2.633096e-006  2.638778e-006  4.192552e-006  7.003089e-006  4.226251e-006  2.136156e-006  0.000000e+000  
0.000000e+000  -3.038328e-006  -5.711491e-006  -8.104474e-006  -7.441132e-006  -4.213229e-006  4.211222e-006  7.456814e-006  8.075818e-006  5.802884e-006  2.964604e-006  0.000000e+000  
0.000000e+000  -4.327526e-006  -8.618656e-006  -1.258051e-005  -1.255861e-005  -3.678467e-006  3.700256e-006  1.257021e-005  1.256827e-005  8.598684e-006  4.374418e-006  0.000000e+000  
0.000000e+000  -6.513905e-006  -1.321715e-005  -2.045890e-005  -1.237481e-005  -6.540968e-006  6.543945e-006  1.236203e-005  2.043319e-005  1.320307e-005  6.513249e-006  0.000000e+000  
0.000000e+000  -7.737319e-006  -1.538724e-005  -2.291344e-005  -2.027274e-005  -6.844152e-006  6.830867e-006  2.027256e-005  2.286716e-005  1.537806e-005  7.705055e-006  0.000000e+000  
0.000000e+000  -8.863589e-006  -1.770676e-005  -2.650865e-005  -2.447382e-005  -7.891415e-006  7.908305e-006  2.446235e-005  2.650476e-005  1.770658e-005  8.852025e-006  0.000000e+000  
0.000000e+000  -9.791875e-006  -1.957252e-005  -2.937155e-005  -2.721551e-005  -8.759445e-006  8.789532e-006  2.724784e-005  2.936376e-005  1.958352e-005  9.779537e-006  0.000000e+000  
0.000000e+000  -1.035781e-005  -2.073204e-005  -3.114108e-005  -2.890746e-005  -9.297484e-006  9.287768e-006  2.888382e-005  3.110691e-005  2.074147e-005  1.034749e-005  0.000000e+000  
0.000000e+000  -1.053286e-005  -2.112640e-005  -3.173316e-005  -2.943780e-005  -9.477765e-006  9.496117e-006  2.942312e-005  3.171490e-005  2.113346e-005  1.054771e-005  0.000000e+000  
0.000000e+000  -1.034037e-005  -2.073272e-005  -3.113996e-005  -2.889459e-005  -9.307184e-006  9.311088e-006  2.887681e-005  3.110144e-005  2.073262e-005  1.037782e-005  0.000000e+000  
0.000000e+000  -9.814669e-006  -1.956760e-005  -2.930945e-005  -2.725549e-005  -8.762575e-006  8.791856e-006  2.723373e-005  2.936589e-005  1.958403e-005  9.773320e-006  0.000000e+000  
0.000000e+000  -8.852205e-006  -1.769972e-005  -2.650221e-005  -2.446238e-005  -7.896975e-006  7.895914e-006  2.446140e-005  2.652405e-005  1.770167e-005  8.882248e-006  0.000000e+000  
0.000000e+000  -7.714432e-006  -1.537509e-005  -2.287480e-005  -2.024179e-005  -6.844603e-006  6.824525e-006  2.024257e-005  2.286976e-005  1.538775e-005  7.696723e-006  0.000000e+000  
0.000000e+000  -6.502743e-006  -1.323951e-005  -2.045185e-005  -1.237169e-005  -6.542311e-006  6.548618e-006  1.237070e-005  2.043064e-005  1.320574e-005  6.531469e-006  0.000000e+000  
0.000000e+000  -4.362987e-006  -8.628583e-006  -1.263422e-005  -1.256602e-005  -3.717132e-006  3.692862e-006  1.256229e-005  1.260861e-005  8.640143e-006  4.387349e-006  0.000000e+000  
0.000000e+000  -2.998816e-006  -5.786492e-006  -8.075225e-006  -7.432768e-006  -4.232232e-006  4.251660e-006  7.452344e-006  8.087615e-006  5.771636e-006  2.968179e-006  0.000000e+000  
0.000000e+000  -2.019422e-006  -4.234585e-006  -7.002902e-006  -4.177337e-006  -2.609485e-006  2.623254e-006  4.194960e-006  7.017925e-006  4.316006e-006  2.013248e-006  0.000000e+000  
0.000000e+000  -1.050527e-006  -2.224403e-006  -3.352098e-006  -2.260296e-006  -1.226318e-006  1.195949e-006  2.249032e-006  3.455933e-006  2.162780e-006  1.107686e-006  0.000000e+000  
0.000000e+000  0.000000e+000  0.000000e+000  0.000000e+000  0.000000e+000  0.000000e+000  0.000000e+000  0.000000e+000  0.000000e+000  0.000000e+000  0.000000e+000  0.000000e+000  

