Port monitor named: Port3_h1[9].prt

nx        = 66
ny        = 32
nz        = 85

nu        = 21
nv        = 12
iu        = 10
iv        = 11

idir      = 2
dcut      = 0.000000e+000
icut      = 7
type      = 1
frequency = 9.000000e+009

fcutoff   = 6.554860e+009
alpha     = 0.000000e+000
beta      = 1.292172e+002
accuracy  = 1.196173e-011

type          = TE
wave imp.     = 5.499357e+002
wave imp.sig. = 1.055588e-005
line imp.     = 0.000000e+000

ref. port     = 0

0.000000e+000  -3.824729e-001  -7.617343e-001  -1.133829e+000  -1.630158e+000  -2.272346e+000  -2.850267e+000  -3.323404e+000  -3.674362e+000  -3.890234e+000  -3.963085e+000  -3.890234e+000  -3.674362e+000  -3.323404e+000  -2.850267e+000  -2.272346e+000  -1.630158e+000  -1.133829e+000  -7.617343e-001  -3.824729e-001  0.000000e+000  
0.000000e+000  -3.824722e-001  -7.617330e-001  -1.133827e+000  -1.630156e+000  -2.272343e+000  -2.850264e+000  -3.323402e+000  -3.674360e+000  -3.890233e+000  -3.963083e+000  -3.890233e+000  -3.674360e+000  -3.323402e+000  -2.850264e+000  -2.272343e+000  -1.630156e+000  -1.133827e+000  -7.617330e-001  -3.824722e-001  0.000000e+000  
0.000000e+000  -3.824708e-001  -7.617302e-001  -1.133823e+000  -1.630151e+000  -2.272338e+000  -2.850260e+000  -3.323398e+000  -3.674356e+000  -3.890230e+000  -3.963080e+000  -3.890230e+000  -3.674356e+000  -3.323398e+000  -2.850260e+000  -2.272338e+000  -1.630151e+000  -1.133823e+000  -7.617302e-001  -3.824708e-001  0.000000e+000  
0.000000e+000  -3.824680e-001  -7.617249e-001  -1.133816e+000  -1.630142e+000  -2.272329e+000  -2.850251e+000  -3.323391e+000  -3.674350e+000  -3.890225e+000  -3.963075e+000  -3.890225e+000  -3.674350e+000  -3.323391e+000  -2.850251e+000  -2.272329e+000  -1.630142e+000  -1.133816e+000  -7.617249e-001  -3.824680e-001  0.000000e+000  
0.000000e+000  -3.824615e-001  -7.617129e-001  -1.133800e+000  -1.630123e+000  -2.272309e+000  -2.850234e+000  -3.323377e+000  -3.674339e+000  -3.890215e+000  -3.963066e+000  -3.890215e+000  -3.674339e+000  -3.323377e+000  -2.850234e+000  -2.272309e+000  -1.630123e+000  -1.133800e+000  -7.617129e-001  -3.824615e-001  0.000000e+000  
0.000000e+000  -3.824466e-001  -7.616859e-001  -1.133765e+000  -1.630084e+000  -2.272274e+000  -2.850206e+000  -3.323355e+000  -3.674321e+000  -3.890200e+000  -3.963052e+000  -3.890200e+000  -3.674321e+000  -3.323355e+000  -2.850206e+000  -2.272274e+000  -1.630084e+000  -1.133765e+000  -7.616859e-001  -3.824466e-001  0.000000e+000  
0.000000e+000  -3.824136e-001  -7.616307e-001  -1.133700e+000  -1.630020e+000  -2.272224e+000  -2.850169e+000  -3.323329e+000  -3.674302e+000  -3.890184e+000  -3.963037e+000  -3.890184e+000  -3.674302e+000  -3.323329e+000  -2.850169e+000  -2.272223e+000  -1.630020e+000  -1.133700e+000  -7.616307e-001  -3.824136e-001  0.000000e+000  
0.000000e+000  -3.823391e-001  -7.615250e-001  -1.133594e+000  -1.629936e+000  -2.272170e+000  -2.850136e+000  -3.323307e+000  -3.674287e+000  -3.890172e+000  -3.963027e+000  -3.890172e+000  -3.674287e+000  -3.323307e+000  -2.850136e+000  -2.272170e+000  -1.629936e+000  -1.133594e+000  -7.615250e-001  -3.823391e-001  0.000000e+000  
0.000000e+000  -3.821934e-001  -7.613694e-001  -1.133472e+000  -1.629861e+000  -2.272131e+000  -2.850114e+000  -3.323294e+000  -3.674278e+000  -3.890165e+000  -3.963021e+000  -3.890165e+000  -3.674278e+000  -3.323294e+000  -2.850114e+000  -2.272131e+000  -1.629861e+000  -1.133472e+000  -7.613694e-001  -3.821934e-001  0.000000e+000  
0.000000e+000  -3.818799e-001  -7.611474e-001  -1.133342e+000  -1.629797e+000  -2.272103e+000  -2.850100e+000  -3.323286e+000  -3.674273e+000  -3.890162e+000  -3.963017e+000  -3.890162e+000  -3.674273e+000  -3.323286e+000  -2.850100e+000  -2.272103e+000  -1.629797e+000  -1.133342e+000  -7.611474e-001  -3.818799e-001  0.000000e+000  
0.000000e+000  -3.809793e-001  -7.608372e-001  -1.133221e+000  -1.629753e+000  -2.272087e+000  -2.850093e+000  -3.323282e+000  -3.674270e+000  -3.890160e+000  -3.963015e+000  -3.890160e+000  -3.674270e+000  -3.323282e+000  -2.850093e+000  -2.272087e+000  -1.629753e+000  -1.133221e+000  -7.608372e-001  -3.809793e-001  0.000000e+000  
0.000000e+000  0.000000e+000  0.000000e+000  0.000000e+000  0.000000e+000  0.000000e+000  0.000000e+000  0.000000e+000  0.000000e+000  0.000000e+000  0.000000e+000  0.000000e+000  0.000000e+000  0.000000e+000  0.000000e+000  0.000000e+000  0.000000e+000  0.000000e+000  0.000000e+000  0.000000e+000  0.000000e+000  

0.000000e+000  0.000000e+000  0.000000e+000  0.000000e+000  0.000000e+000  0.000000e+000  0.000000e+000  0.000000e+000  0.000000e+000  0.000000e+000  0.000000e+000  0.000000e+000  0.000000e+000  0.000000e+000  0.000000e+000  0.000000e+000  0.000000e+000  0.000000e+000  0.000000e+000  0.000000e+000  0.000000e+000  
-2.975221e-005  -2.904339e-005  -2.770132e-005  -2.548234e-005  -2.162027e-005  -1.667736e-005  -1.201360e-005  -7.966786e-006  -4.511169e-006  -1.457166e-006  1.457159e-006  4.511092e-006  7.966742e-006  1.201386e-005  1.667719e-005  2.162051e-005  2.548192e-005  2.770103e-005  2.904451e-005  2.975156e-005  0.000000e+000  
-5.992222e-005  -5.845316e-005  -5.565439e-005  -5.106636e-005  -4.314199e-005  -3.311154e-005  -2.376001e-005  -1.571069e-005  -8.878956e-006  -2.865539e-006  2.865212e-006  8.879345e-006  1.571052e-005  2.375997e-005  3.311176e-005  4.314186e-005  5.106613e-005  5.565511e-005  5.845165e-005  5.992346e-005  0.000000e+000  
-9.099348e-005  -8.861984e-005  -8.413676e-005  -7.685067e-005  -6.444121e-005  -4.903175e-005  -3.495748e-005  -2.300098e-005  -1.295876e-005  -4.175120e-006  4.175022e-006  1.295869e-005  2.300113e-005  3.495744e-005  4.903189e-005  6.444092e-005  7.685075e-005  8.413576e-005  8.862221e-005  9.099241e-005  0.000000e+000  
-1.357450e-004  -1.317688e-004  -1.243380e-004  -1.124096e-004  -9.274580e-005  -6.948219e-005  -4.884305e-005  -3.182195e-005  -1.781742e-005  -5.723343e-006  5.723333e-006  1.781724e-005  3.182218e-005  4.884301e-005  6.948218e-005  9.274569e-005  1.124094e-004  1.243386e-004  1.317679e-004  1.357457e-004  0.000000e+000  
-2.063944e-004  -1.986013e-004  -1.845131e-004  -1.629214e-004  -1.296554e-004  -9.361629e-005  -6.394889e-005  -4.083173e-005  -2.257514e-005  -7.208440e-006  7.208298e-006  2.257528e-005  4.083163e-005  6.394918e-005  9.361605e-005  1.296555e-004  1.629214e-004  1.845126e-004  1.986016e-004  2.063945e-004  0.000000e+000  
-3.012735e-004  -2.840981e-004  -2.553374e-004  -2.149487e-004  -1.599113e-004  -1.086410e-004  -7.102003e-005  -4.403946e-005  -2.392455e-005  -7.576672e-006  7.576736e-006  2.392441e-005  4.403961e-005  7.102008e-005  1.086411e-004  1.599109e-004  2.149493e-004  2.553370e-004  2.840983e-004  3.012731e-004  0.000000e+000  
-4.451159e-004  -3.991553e-004  -3.338679e-004  -2.562644e-004  -1.706287e-004  -1.062207e-004  -6.560993e-005  -3.929827e-005  -2.093477e-005  -6.571602e-006  6.571901e-006  2.093462e-005  3.929819e-005  6.561004e-005  1.062205e-004  1.706285e-004  2.562650e-004  3.338679e-004  3.991546e-004  4.451161e-004  0.000000e+000  
-6.400221e-004  -5.158163e-004  -3.832357e-004  -2.594442e-004  -1.532961e-004  -8.849211e-005  -5.236705e-005  -3.063837e-005  -1.612017e-005  -5.033280e-006  5.033233e-006  1.612019e-005  3.063849e-005  5.236763e-005  8.849187e-005  1.532959e-004  2.594443e-004  3.832354e-004  5.158159e-004  6.400222e-004  0.000000e+000  
-9.209582e-004  -6.054480e-004  -3.819140e-004  -2.254465e-004  -1.201525e-004  -6.560459e-005  -3.777436e-005  -2.179172e-005  -1.138358e-005  -3.543535e-006  3.543689e-006  1.138343e-005  2.179188e-005  3.777433e-005  6.560462e-005  1.201522e-004  2.254472e-004  3.819125e-004  6.054495e-004  9.209575e-004  0.000000e+000  
-1.504970e-003  -5.986080e-004  -2.862000e-004  -1.410320e-004  -6.754293e-005  -3.517266e-005  -1.984095e-005  -1.133526e-005  -5.893236e-006  -1.830906e-006  1.831033e-006  5.893329e-006  1.133493e-005  1.984083e-005  3.517265e-005  6.754301e-005  1.410315e-004  2.862016e-004  5.986064e-004  1.504971e-003  0.000000e+000  
0.000000e+000  0.000000e+000  0.000000e+000  0.000000e+000  0.000000e+000  0.000000e+000  0.000000e+000  0.000000e+000  0.000000e+000  0.000000e+000  0.000000e+000  0.000000e+000  0.000000e+000  0.000000e+000  0.000000e+000  0.000000e+000  0.000000e+000  0.000000e+000  0.000000e+000  0.000000e+000  0.000000e+000  

0.000000e+000  0.000000e+000  0.000000e+000  0.000000e+000  0.000000e+000  0.000000e+000  0.000000e+000  0.000000e+000  0.000000e+000  0.000000e+000  0.000000e+000  0.000000e+000  0.000000e+000  0.000000e+000  0.000000e+000  0.000000e+000  0.000000e+000  0.000000e+000  0.000000e+000  0.000000e+000  0.000000e+000  
0.000000e+000  0.000000e+000  0.000000e+000  0.000000e+000  0.000000e+000  0.000000e+000  0.000000e+000  0.000000e+000  0.000000e+000  0.000000e+000  0.000000e+000  0.000000e+000  0.000000e+000  0.000000e+000  0.000000e+000  0.000000e+000  0.000000e+000  0.000000e+000  0.000000e+000  0.000000e+000  0.000000e+000  
0.000000e+000  0.000000e+000  0.000000e+000  0.000000e+000  0.000000e+000  0.000000e+000  0.000000e+000  0.000000e+000  0.000000e+000  0.000000e+000  0.000000e+000  0.000000e+000  0.000000e+000  0.000000e+000  0.000000e+000  0.000000e+000  0.000000e+000  0.000000e+000  0.000000e+000  0.000000e+000  0.000000e+000  
0.000000e+000  0.000000e+000  0.000000e+000  0.000000e+000  0.000000e+000  0.000000e+000  0.000000e+000  0.000000e+000  0.000000e+000  0.000000e+000  0.000000e+000  0.000000e+000  0.000000e+000  0.000000e+000  0.000000e+000  0.000000e+000  0.000000e+000  0.000000e+000  0.000000e+000  0.000000e+000  0.000000e+000  
0.000000e+000  0.000000e+000  0.000000e+000  0.000000e+000  0.000000e+000  0.000000e+000  0.000000e+000  0.000000e+000  0.000000e+000  0.000000e+000  0.000000e+000  0.000000e+000  0.000000e+000  0.000000e+000  0.000000e+000  0.000000e+000  0.000000e+000  0.000000e+000  0.000000e+000  0.000000e+000  0.000000e+000  
0.000000e+000  0.000000e+000  0.000000e+000  0.000000e+000  0.000000e+000  0.000000e+000  0.000000e+000  0.000000e+000  0.000000e+000  0.000000e+000  0.000000e+000  0.000000e+000  0.000000e+000  0.000000e+000  0.000000e+000  0.000000e+000  0.000000e+000  0.000000e+000  0.000000e+000  0.000000e+000  0.000000e+000  
0.000000e+000  0.000000e+000  0.000000e+000  0.000000e+000  0.000000e+000  0.000000e+000  0.000000e+000  0.000000e+000  0.000000e+000  0.000000e+000  0.000000e+000  0.000000e+000  0.000000e+000  0.000000e+000  0.000000e+000  0.000000e+000  0.000000e+000  0.000000e+000  0.000000e+000  0.000000e+000  0.000000e+000  
0.000000e+000  0.000000e+000  0.000000e+000  0.000000e+000  0.000000e+000  0.000000e+000  0.000000e+000  0.000000e+000  0.000000e+000  0.000000e+000  0.000000e+000  0.000000e+000  0.000000e+000  0.000000e+000  0.000000e+000  0.000000e+000  0.000000e+000  0.000000e+000  0.000000e+000  0.000000e+000  0.000000e+000  
0.000000e+000  0.000000e+000  0.000000e+000  0.000000e+000  0.000000e+000  0.000000e+000  0.000000e+000  0.000000e+000  0.000000e+000  0.000000e+000  0.000000e+000  0.000000e+000  0.000000e+000  0.000000e+000  0.000000e+000  0.000000e+000  0.000000e+000  0.000000e+000  0.000000e+000  0.000000e+000  0.000000e+000  
0.000000e+000  0.000000e+000  0.000000e+000  0.000000e+000  0.000000e+000  0.000000e+000  0.000000e+000  0.000000e+000  0.000000e+000  0.000000e+000  0.000000e+000  0.000000e+000  0.000000e+000  0.000000e+000  0.000000e+000  0.000000e+000  0.000000e+000  0.000000e+000  0.000000e+000  0.000000e+000  0.000000e+000  
0.000000e+000  0.000000e+000  0.000000e+000  0.000000e+000  0.000000e+000  0.000000e+000  0.000000e+000  0.000000e+000  0.000000e+000  0.000000e+000  0.000000e+000  0.000000e+000  0.000000e+000  0.000000e+000  0.000000e+000  0.000000e+000  0.000000e+000  0.000000e+000  0.000000e+000  0.000000e+000  0.000000e+000  
0.000000e+000  0.000000e+000  0.000000e+000  0.000000e+000  0.000000e+000  0.000000e+000  0.000000e+000  0.000000e+000  0.000000e+000  0.000000e+000  0.000000e+000  0.000000e+000  0.000000e+000  0.000000e+000  0.000000e+000  0.000000e+000  0.000000e+000  0.000000e+000  0.000000e+000  0.000000e+000  0.000000e+000  

0.000000e+000  0.000000e+000  0.000000e+000  0.000000e+000  0.000000e+000  0.000000e+000  0.000000e+000  0.000000e+000  0.000000e+000  0.000000e+000  0.000000e+000  0.000000e+000  0.000000e+000  0.000000e+000  0.000000e+000  0.000000e+000  0.000000e+000  0.000000e+000  0.000000e+000  0.000000e+000  0.000000e+000  
0.000000e+000  0.000000e+000  0.000000e+000  0.000000e+000  0.000000e+000  0.000000e+000  0.000000e+000  0.000000e+000  0.000000e+000  0.000000e+000  0.000000e+000  0.000000e+000  0.000000e+000  0.000000e+000  0.000000e+000  0.000000e+000  0.000000e+000  0.000000e+000  0.000000e+000  0.000000e+000  0.000000e+000  
0.000000e+000  0.000000e+000  0.000000e+000  0.000000e+000  0.000000e+000  0.000000e+000  0.000000e+000  0.000000e+000  0.000000e+000  0.000000e+000  0.000000e+000  0.000000e+000  0.000000e+000  0.000000e+000  0.000000e+000  0.000000e+000  0.000000e+000  0.000000e+000  0.000000e+000  0.000000e+000  0.000000e+000  
0.000000e+000  0.000000e+000  0.000000e+000  0.000000e+000  0.000000e+000  0.000000e+000  0.000000e+000  0.000000e+000  0.000000e+000  0.000000e+000  0.000000e+000  0.000000e+000  0.000000e+000  0.000000e+000  0.000000e+000  0.000000e+000  0.000000e+000  0.000000e+000  0.000000e+000  0.000000e+000  0.000000e+000  
0.000000e+000  0.000000e+000  0.000000e+000  0.000000e+000  0.000000e+000  0.000000e+000  0.000000e+000  0.000000e+000  0.000000e+000  0.000000e+000  0.000000e+000  0.000000e+000  0.000000e+000  0.000000e+000  0.000000e+000  0.000000e+000  0.000000e+000  0.000000e+000  0.000000e+000  0.000000e+000  0.000000e+000  
0.000000e+000  0.000000e+000  0.000000e+000  0.000000e+000  0.000000e+000  0.000000e+000  0.000000e+000  0.000000e+000  0.000000e+000  0.000000e+000  0.000000e+000  0.000000e+000  0.000000e+000  0.000000e+000  0.000000e+000  0.000000e+000  0.000000e+000  0.000000e+000  0.000000e+000  0.000000e+000  0.000000e+000  
0.000000e+000  0.000000e+000  0.000000e+000  0.000000e+000  0.000000e+000  0.000000e+000  0.000000e+000  0.000000e+000  0.000000e+000  0.000000e+000  0.000000e+000  0.000000e+000  0.000000e+000  0.000000e+000  0.000000e+000  0.000000e+000  0.000000e+000  0.000000e+000  0.000000e+000  0.000000e+000  0.000000e+000  
0.000000e+000  0.000000e+000  0.000000e+000  0.000000e+000  0.000000e+000  0.000000e+000  0.000000e+000  0.000000e+000  0.000000e+000  0.000000e+000  0.000000e+000  0.000000e+000  0.000000e+000  0.000000e+000  0.000000e+000  0.000000e+000  0.000000e+000  0.000000e+000  0.000000e+000  0.000000e+000  0.000000e+000  
0.000000e+000  0.000000e+000  0.000000e+000  0.000000e+000  0.000000e+000  0.000000e+000  0.000000e+000  0.000000e+000  0.000000e+000  0.000000e+000  0.000000e+000  0.000000e+000  0.000000e+000  0.000000e+000  0.000000e+000  0.000000e+000  0.000000e+000  0.000000e+000  0.000000e+000  0.000000e+000  0.000000e+000  
0.000000e+000  0.000000e+000  0.000000e+000  0.000000e+000  0.000000e+000  0.000000e+000  0.000000e+000  0.000000e+000  0.000000e+000  0.000000e+000  0.000000e+000  0.000000e+000  0.000000e+000  0.000000e+000  0.000000e+000  0.000000e+000  0.000000e+000  0.000000e+000  0.000000e+000  0.000000e+000  0.000000e+000  
0.000000e+000  0.000000e+000  0.000000e+000  0.000000e+000  0.000000e+000  0.000000e+000  0.000000e+000  0.000000e+000  0.000000e+000  0.000000e+000  0.000000e+000  0.000000e+000  0.000000e+000  0.000000e+000  0.000000e+000  0.000000e+000  0.000000e+000  0.000000e+000  0.000000e+000  0.000000e+000  0.000000e+000  
0.000000e+000  0.000000e+000  0.000000e+000  0.000000e+000  0.000000e+000  0.000000e+000  0.000000e+000  0.000000e+000  0.000000e+000  0.000000e+000  0.000000e+000  0.000000e+000  0.000000e+000  0.000000e+000  0.000000e+000  0.000000e+000  0.000000e+000  0.000000e+000  0.000000e+000  0.000000e+000  0.000000e+000  

0.000000e+000  0.000000e+000  0.000000e+000  0.000000e+000  0.000000e+000  0.000000e+000  0.000000e+000  0.000000e+000  0.000000e+000  0.000000e+000  0.000000e+000  0.000000e+000  0.000000e+000  0.000000e+000  0.000000e+000  0.000000e+000  0.000000e+000  0.000000e+000  0.000000e+000  0.000000e+000  0.000000e+000  
0.000000e+000  0.000000e+000  0.000000e+000  0.000000e+000  0.000000e+000  0.000000e+000  0.000000e+000  0.000000e+000  0.000000e+000  0.000000e+000  0.000000e+000  0.000000e+000  0.000000e+000  0.000000e+000  0.000000e+000  0.000000e+000  0.000000e+000  0.000000e+000  0.000000e+000  0.000000e+000  0.000000e+000  
0.000000e+000  0.000000e+000  0.000000e+000  0.000000e+000  0.000000e+000  0.000000e+000  0.000000e+000  0.000000e+000  0.000000e+000  0.000000e+000  0.000000e+000  0.000000e+000  0.000000e+000  0.000000e+000  0.000000e+000  0.000000e+000  0.000000e+000  0.000000e+000  0.000000e+000  0.000000e+000  0.000000e+000  
0.000000e+000  0.000000e+000  0.000000e+000  0.000000e+000  0.000000e+000  0.000000e+000  0.000000e+000  0.000000e+000  0.000000e+000  0.000000e+000  0.000000e+000  0.000000e+000  0.000000e+000  0.000000e+000  0.000000e+000  0.000000e+000  0.000000e+000  0.000000e+000  0.000000e+000  0.000000e+000  0.000000e+000  
0.000000e+000  0.000000e+000  0.000000e+000  0.000000e+000  0.000000e+000  0.000000e+000  0.000000e+000  0.000000e+000  0.000000e+000  0.000000e+000  0.000000e+000  0.000000e+000  0.000000e+000  0.000000e+000  0.000000e+000  0.000000e+000  0.000000e+000  0.000000e+000  0.000000e+000  0.000000e+000  0.000000e+000  
0.000000e+000  0.000000e+000  0.000000e+000  0.000000e+000  0.000000e+000  0.000000e+000  0.000000e+000  0.000000e+000  0.000000e+000  0.000000e+000  0.000000e+000  0.000000e+000  0.000000e+000  0.000000e+000  0.000000e+000  0.000000e+000  0.000000e+000  0.000000e+000  0.000000e+000  0.000000e+000  0.000000e+000  
0.000000e+000  0.000000e+000  0.000000e+000  0.000000e+000  0.000000e+000  0.000000e+000  0.000000e+000  0.000000e+000  0.000000e+000  0.000000e+000  0.000000e+000  0.000000e+000  0.000000e+000  0.000000e+000  0.000000e+000  0.000000e+000  0.000000e+000  0.000000e+000  0.000000e+000  0.000000e+000  0.000000e+000  
0.000000e+000  0.000000e+000  0.000000e+000  0.000000e+000  0.000000e+000  0.000000e+000  0.000000e+000  0.000000e+000  0.000000e+000  0.000000e+000  0.000000e+000  0.000000e+000  0.000000e+000  0.000000e+000  0.000000e+000  0.000000e+000  0.000000e+000  0.000000e+000  0.000000e+000  0.000000e+000  0.000000e+000  
0.000000e+000  0.000000e+000  0.000000e+000  0.000000e+000  0.000000e+000  0.000000e+000  0.000000e+000  0.000000e+000  0.000000e+000  0.000000e+000  0.000000e+000  0.000000e+000  0.000000e+000  0.000000e+000  0.000000e+000  0.000000e+000  0.000000e+000  0.000000e+000  0.000000e+000  0.000000e+000  0.000000e+000  
0.000000e+000  0.000000e+000  0.000000e+000  0.000000e+000  0.000000e+000  0.000000e+000  0.000000e+000  0.000000e+000  0.000000e+000  0.000000e+000  0.000000e+000  0.000000e+000  0.000000e+000  0.000000e+000  0.000000e+000  0.000000e+000  0.000000e+000  0.000000e+000  0.000000e+000  0.000000e+000  0.000000e+000  
0.000000e+000  0.000000e+000  0.000000e+000  0.000000e+000  0.000000e+000  0.000000e+000  0.000000e+000  0.000000e+000  0.000000e+000  0.000000e+000  0.000000e+000  0.000000e+000  0.000000e+000  0.000000e+000  0.000000e+000  0.000000e+000  0.000000e+000  0.000000e+000  0.000000e+000  0.000000e+000  0.000000e+000  
0.000000e+000  0.000000e+000  0.000000e+000  0.000000e+000  0.000000e+000  0.000000e+000  0.000000e+000  0.000000e+000  0.000000e+000  0.000000e+000  0.000000e+000  0.000000e+000  0.000000e+000  0.000000e+000  0.000000e+000  0.000000e+000  0.000000e+000  0.000000e+000  0.000000e+000  0.000000e+000  0.000000e+000  

-4.195946e+000  -4.156523e+000  -4.077970e+000  -3.938770e+000  -3.661106e+000  -3.204275e+000  -2.623286e+000  -1.945854e+000  -1.196884e+000  -4.039112e-001  4.039112e-001  1.196884e+000  1.945854e+000  2.623286e+000  3.204275e+000  3.661106e+000  3.938770e+000  4.077970e+000  4.156523e+000  4.195946e+000  0.000000e+000  
-4.195943e+000  -4.156521e+000  -4.077967e+000  -3.938767e+000  -3.661104e+000  -3.204273e+000  -2.623285e+000  -1.945853e+000  -1.196883e+000  -4.039110e-001  4.039110e-001  1.196883e+000  1.945853e+000  2.623285e+000  3.204273e+000  3.661104e+000  3.938767e+000  4.077967e+000  4.156521e+000  4.195943e+000  0.000000e+000  
-4.195937e+000  -4.156515e+000  -4.077962e+000  -3.938762e+000  -3.661100e+000  -3.204270e+000  -2.623282e+000  -1.945851e+000  -1.196883e+000  -4.039107e-001  4.039107e-001  1.196883e+000  1.945851e+000  2.623282e+000  3.204270e+000  3.661100e+000  3.938762e+000  4.077962e+000  4.156515e+000  4.195937e+000  0.000000e+000  
-4.195926e+000  -4.156504e+000  -4.077952e+000  -3.938753e+000  -3.661092e+000  -3.204264e+000  -2.623278e+000  -1.945849e+000  -1.196881e+000  -4.039102e-001  4.039102e-001  1.196881e+000  1.945849e+000  2.623278e+000  3.204264e+000  3.661092e+000  3.938753e+000  4.077952e+000  4.156504e+000  4.195926e+000  0.000000e+000  
-4.195903e+000  -4.156482e+000  -4.077931e+000  -3.938734e+000  -3.661077e+000  -3.204252e+000  -2.623270e+000  -1.945843e+000  -1.196878e+000  -4.039093e-001  4.039093e-001  1.196878e+000  1.945843e+000  2.623270e+000  3.204252e+000  3.661077e+000  3.938734e+000  4.077931e+000  4.156482e+000  4.195903e+000  0.000000e+000  
-4.195862e+000  -4.156443e+000  -4.077894e+000  -3.938702e+000  -3.661051e+000  -3.204234e+000  -2.623257e+000  -1.945835e+000  -1.196874e+000  -4.039078e-001  4.039078e-001  1.196874e+000  1.945835e+000  2.623257e+000  3.204234e+000  3.661051e+000  3.938702e+000  4.077894e+000  4.156443e+000  4.195862e+000  0.000000e+000  
-4.195803e+000  -4.156386e+000  -4.077844e+000  -3.938659e+000  -3.661019e+000  -3.204212e+000  -2.623243e+000  -1.945827e+000  -1.196869e+000  -4.039063e-001  4.039063e-001  1.196869e+000  1.945827e+000  2.623243e+000  3.204212e+000  3.661019e+000  3.938659e+000  4.077844e+000  4.156386e+000  4.195803e+000  0.000000e+000  
-4.195728e+000  -4.156320e+000  -4.077788e+000  -3.938616e+000  -3.660991e+000  -3.204195e+000  -2.623232e+000  -1.945820e+000  -1.196865e+000  -4.039052e-001  4.039052e-001  1.196865e+000  1.945820e+000  2.623232e+000  3.204195e+000  3.660991e+000  3.938616e+000  4.077788e+000  4.156320e+000  4.195728e+000  0.000000e+000  
-4.195651e+000  -4.156257e+000  -4.077742e+000  -3.938585e+000  -3.660972e+000  -3.204184e+000  -2.623226e+000  -1.945816e+000  -1.196863e+000  -4.039046e-001  4.039046e-001  1.196863e+000  1.945816e+000  2.623226e+000  3.204184e+000  3.660972e+000  3.938585e+000  4.077742e+000  4.156257e+000  4.195651e+000  0.000000e+000  
-4.195556e+000  -4.156195e+000  -4.077702e+000  -3.938562e+000  -3.660960e+000  -3.204177e+000  -2.623222e+000  -1.945814e+000  -1.196862e+000  -4.039043e-001  4.039043e-001  1.196862e+000  1.945814e+000  2.623222e+000  3.204177e+000  3.660960e+000  3.938562e+000  4.077702e+000  4.156195e+000  4.195556e+000  0.000000e+000  
-4.195402e+000  -4.156134e+000  -4.077673e+000  -3.938548e+000  -3.660953e+000  -3.204174e+000  -2.623220e+000  -1.945813e+000  -1.196862e+000  -4.039041e-001  4.039041e-001  1.196862e+000  1.945813e+000  2.623220e+000  3.204174e+000  3.660953e+000  3.938548e+000  4.077673e+000  4.156134e+000  4.195402e+000  0.000000e+000  
0.000000e+000  0.000000e+000  0.000000e+000  0.000000e+000  0.000000e+000  0.000000e+000  0.000000e+000  0.000000e+000  0.000000e+000  0.000000e+000  0.000000e+000  0.000000e+000  0.000000e+000  0.000000e+000  0.000000e+000  0.000000e+000  0.000000e+000  0.000000e+000  0.000000e+000  0.000000e+000  0.000000e+000  

