Port monitor named: Port2_e1[9].prt

nx        = 66
ny        = 32
nz        = 85

nu        = 21
nv        = 12
iu        = 10
iv        = 11

idir      = 2
dcut      = 9.000000e-002
icut      = 79
type      = 0
frequency = 9.000000e+009

fcutoff   = 6.554860e+009
alpha     = 0.000000e+000
beta      = 1.292172e+002
accuracy  = 2.544430e-011

type          = TE
wave imp.     = 5.499357e+002
wave imp.sig. = 1.055570e-005
line imp.     = 0.000000e+000

ref. port     = 0

-0.000000e+000  -0.000000e+000  -0.000000e+000  -0.000000e+000  -0.000000e+000  -0.000000e+000  -0.000000e+000  -0.000000e+000  -0.000000e+000  -0.000000e+000  -0.000000e+000  -0.000000e+000  -0.000000e+000  -0.000000e+000  -0.000000e+000  -0.000000e+000  -0.000000e+000  -0.000000e+000  -0.000000e+000  -0.000000e+000  -0.000000e+000  
-1.635591e-002  -1.596803e-002  -1.522740e-002  -1.400512e-002  -1.188002e-002  -9.169754e-003  -6.604377e-003  -4.378926e-003  -2.479306e-003  -8.007296e-004  8.007231e-004  2.479306e-003  4.378923e-003  6.604379e-003  9.169755e-003  1.188002e-002  1.400512e-002  1.522739e-002  1.596804e-002  1.635591e-002  -0.000000e+000  
-3.294314e-002  -3.213556e-002  -3.059558e-002  -2.806589e-002  -2.370294e-002  -1.820832e-002  -1.306167e-002  -8.634963e-003  -4.879812e-003  -1.574558e-003  1.574552e-003  4.879809e-003  8.634963e-003  1.306167e-002  1.820832e-002  2.370295e-002  2.806589e-002  3.059559e-002  3.213556e-002  3.294314e-002  -0.000000e+000  
-5.002227e-002  -4.872675e-002  -4.625667e-002  -4.223511e-002  -3.539670e-002  -2.697077e-002  -1.921601e-002  -1.264136e-002  -7.121466e-003  -2.294364e-003  2.294357e-003  7.121462e-003  1.264136e-002  1.921601e-002  2.697077e-002  3.539670e-002  4.223512e-002  4.625667e-002  4.872675e-002  5.002228e-002  -0.000000e+000  
-7.462996e-002  -7.243598e-002  -6.835179e-002  -6.179411e-002  -5.098538e-002  -3.816723e-002  -2.683857e-002  -1.748541e-002  -9.789498e-003  -3.144521e-003  3.144512e-003  9.789493e-003  1.748541e-002  2.683857e-002  3.816723e-002  5.098539e-002  6.179412e-002  6.835179e-002  7.243599e-002  7.462997e-002  -0.000000e+000  
-1.134998e-001  -1.092122e-001  -1.014767e-001  -8.960629e-002  -7.127591e-002  -5.149331e-002  -3.516857e-002  -2.245427e-002  -1.241450e-002  -3.963914e-003  3.963907e-003  1.241450e-002  2.245426e-002  3.516857e-002  5.149331e-002  7.127591e-002  8.960630e-002  1.014767e-001  1.092122e-001  1.134998e-001  -0.000000e+000  
-1.656847e-001  -1.562417e-001  -1.404127e-001  -1.181981e-001  -8.796706e-002  -5.973516e-002  -3.905576e-002  -2.421936e-002  -1.315746e-002  -4.166892e-003  4.166891e-003  1.315746e-002  2.421935e-002  3.905576e-002  5.973516e-002  8.796706e-002  1.181981e-001  1.404127e-001  1.562417e-001  1.656847e-001  -0.000000e+000  
-2.448063e-001  -2.195376e-001  -1.836324e-001  -1.409532e-001  -9.385344e-002  -5.845803e-002  -3.610321e-002  -2.162623e-002  -1.152160e-002  -3.617001e-003  3.617003e-003  1.152160e-002  2.162623e-002  3.610321e-002  5.845804e-002  9.385344e-002  1.409532e-001  1.836324e-001  2.195376e-001  2.448063e-001  -0.000000e+000  
-3.519890e-001  -2.836747e-001  -2.107685e-001  -1.427050e-001  -8.434475e-002  -4.865864e-002  -2.880694e-002  -1.685691e-002  -8.870061e-003  -2.769653e-003  2.769656e-003  8.870061e-003  1.685691e-002  2.880694e-002  4.865864e-002  8.434475e-002  1.427050e-001  2.107685e-001  2.836747e-001  3.519890e-001  -0.000000e+000  
-5.064785e-001  -3.329674e-001  -2.100379e-001  -1.239990e-001  -6.609831e-002  -3.607921e-002  -2.077842e-002  -1.198878e-002  -6.263500e-003  -1.949826e-003  1.949825e-003  6.263500e-003  1.198878e-002  2.077842e-002  3.607920e-002  6.609831e-002  1.239990e-001  2.100379e-001  3.329674e-001  5.064786e-001  -0.000000e+000  
-8.276424e-001  -3.292005e-001  -1.573986e-001  -7.756645e-002  -3.715420e-002  -1.934435e-002  -1.091353e-002  -6.235891e-003  -3.242500e-003  -1.007394e-003  1.007392e-003  3.242498e-003  6.235891e-003  1.091353e-002  1.934435e-002  3.715420e-002  7.756645e-002  1.573986e-001  3.292005e-001  8.276424e-001  -0.000000e+000  
-0.000000e+000  -0.000000e+000  -0.000000e+000  -0.000000e+000  -0.000000e+000  -0.000000e+000  -0.000000e+000  -0.000000e+000  -0.000000e+000  -0.000000e+000  -0.000000e+000  -0.000000e+000  -0.000000e+000  -0.000000e+000  -0.000000e+000  -0.000000e+000  -0.000000e+000  -0.000000e+000  -0.000000e+000  -0.000000e+000  -0.000000e+000  

-0.000000e+000  2.103355e+002  4.189049e+002  6.235331e+002  8.964821e+002  1.249644e+003  1.567463e+003  1.827659e+003  2.020663e+003  2.139379e+003  2.179442e+003  2.139379e+003  2.020663e+003  1.827659e+003  1.567463e+003  1.249644e+003  8.964821e+002  6.235331e+002  4.189049e+002  2.103355e+002  -0.000000e+000  
-0.000000e+000  2.103351e+002  4.189042e+002  6.235320e+002  8.964808e+002  1.249643e+003  1.567462e+003  1.827658e+003  2.020662e+003  2.139378e+003  2.179441e+003  2.139378e+003  2.020662e+003  1.827658e+003  1.567462e+003  1.249643e+003  8.964808e+002  6.235320e+002  4.189042e+002  2.103351e+002  -0.000000e+000  
-0.000000e+000  2.103343e+002  4.189027e+002  6.235299e+002  8.964782e+002  1.249640e+003  1.567460e+003  1.827655e+003  2.020660e+003  2.139376e+003  2.179439e+003  2.139376e+003  2.020660e+003  1.827655e+003  1.567460e+003  1.249640e+003  8.964782e+002  6.235299e+002  4.189027e+002  2.103343e+002  -0.000000e+000  
-0.000000e+000  2.103328e+002  4.188998e+002  6.235260e+002  8.964733e+002  1.249635e+003  1.567455e+003  1.827652e+003  2.020657e+003  2.139373e+003  2.179437e+003  2.139373e+003  2.020657e+003  1.827652e+003  1.567455e+003  1.249635e+003  8.964733e+002  6.235260e+002  4.188998e+002  2.103328e+002  -0.000000e+000  
-0.000000e+000  2.103293e+002  4.188932e+002  6.235171e+002  8.964627e+002  1.249624e+003  1.567446e+003  1.827644e+003  2.020650e+003  2.139368e+003  2.179432e+003  2.139368e+003  2.020650e+003  1.827644e+003  1.567446e+003  1.249624e+003  8.964627e+002  6.235171e+002  4.188932e+002  2.103293e+002  -0.000000e+000  
-0.000000e+000  2.103211e+002  4.188783e+002  6.234980e+002  8.964415e+002  1.249605e+003  1.567430e+003  1.827632e+003  2.020641e+003  2.139360e+003  2.179424e+003  2.139360e+003  2.020641e+003  1.827632e+003  1.567430e+003  1.249605e+003  8.964415e+002  6.234980e+002  4.188783e+002  2.103211e+002  -0.000000e+000  
-0.000000e+000  2.103029e+002  4.188480e+002  6.234622e+002  8.964063e+002  1.249577e+003  1.567410e+003  1.827617e+003  2.020630e+003  2.139351e+003  2.179416e+003  2.139351e+003  2.020630e+003  1.827617e+003  1.567410e+003  1.249577e+003  8.964063e+002  6.234622e+002  4.188480e+002  2.103029e+002  -0.000000e+000  
-0.000000e+000  2.102620e+002  4.187898e+002  6.234041e+002  8.963601e+002  1.249547e+003  1.567392e+003  1.827605e+003  2.020622e+003  2.139345e+003  2.179410e+003  2.139345e+003  2.020622e+003  1.827605e+003  1.567392e+003  1.249547e+003  8.963601e+002  6.234041e+002  4.187898e+002  2.102620e+002  -0.000000e+000  
-0.000000e+000  2.101818e+002  4.187043e+002  6.233370e+002  8.963187e+002  1.249526e+003  1.567380e+003  1.827598e+003  2.020617e+003  2.139341e+003  2.179407e+003  2.139341e+003  2.020617e+003  1.827598e+003  1.567380e+003  1.249526e+003  8.963187e+002  6.233370e+002  4.187043e+002  2.101818e+002  -0.000000e+000  
-0.000000e+000  2.100094e+002  4.185822e+002  6.232652e+002  8.962839e+002  1.249511e+003  1.567372e+003  1.827594e+003  2.020614e+003  2.139339e+003  2.179405e+003  2.139339e+003  2.020614e+003  1.827594e+003  1.567372e+003  1.249511e+003  8.962839e+002  6.232652e+002  4.185822e+002  2.100094e+002  -0.000000e+000  
-0.000000e+000  2.095141e+002  4.184116e+002  6.231986e+002  8.962596e+002  1.249502e+003  1.567368e+003  1.827591e+003  2.020612e+003  2.139338e+003  2.179404e+003  2.139338e+003  2.020612e+003  1.827591e+003  1.567368e+003  1.249502e+003  8.962596e+002  6.231986e+002  4.184116e+002  2.095141e+002  -0.000000e+000  
-0.000000e+000  -0.000000e+000  -0.000000e+000  -0.000000e+000  -0.000000e+000  -0.000000e+000  -0.000000e+000  -0.000000e+000  -0.000000e+000  -0.000000e+000  -0.000000e+000  -0.000000e+000  -0.000000e+000  -0.000000e+000  -0.000000e+000  -0.000000e+000  -0.000000e+000  -0.000000e+000  -0.000000e+000  -0.000000e+000  -0.000000e+000  

0.000000e+000  0.000000e+000  0.000000e+000  0.000000e+000  0.000000e+000  0.000000e+000  0.000000e+000  0.000000e+000  0.000000e+000  0.000000e+000  0.000000e+000  0.000000e+000  0.000000e+000  0.000000e+000  0.000000e+000  0.000000e+000  0.000000e+000  0.000000e+000  0.000000e+000  0.000000e+000  0.000000e+000  
0.000000e+000  0.000000e+000  0.000000e+000  0.000000e+000  0.000000e+000  0.000000e+000  0.000000e+000  0.000000e+000  0.000000e+000  0.000000e+000  0.000000e+000  0.000000e+000  0.000000e+000  0.000000e+000  0.000000e+000  0.000000e+000  0.000000e+000  0.000000e+000  0.000000e+000  0.000000e+000  0.000000e+000  
0.000000e+000  0.000000e+000  0.000000e+000  0.000000e+000  0.000000e+000  0.000000e+000  0.000000e+000  0.000000e+000  0.000000e+000  0.000000e+000  0.000000e+000  0.000000e+000  0.000000e+000  0.000000e+000  0.000000e+000  0.000000e+000  0.000000e+000  0.000000e+000  0.000000e+000  0.000000e+000  0.000000e+000  
0.000000e+000  0.000000e+000  0.000000e+000  0.000000e+000  0.000000e+000  0.000000e+000  0.000000e+000  0.000000e+000  0.000000e+000  0.000000e+000  0.000000e+000  0.000000e+000  0.000000e+000  0.000000e+000  0.000000e+000  0.000000e+000  0.000000e+000  0.000000e+000  0.000000e+000  0.000000e+000  0.000000e+000  
0.000000e+000  0.000000e+000  0.000000e+000  0.000000e+000  0.000000e+000  0.000000e+000  0.000000e+000  0.000000e+000  0.000000e+000  0.000000e+000  0.000000e+000  0.000000e+000  0.000000e+000  0.000000e+000  0.000000e+000  0.000000e+000  0.000000e+000  0.000000e+000  0.000000e+000  0.000000e+000  0.000000e+000  
0.000000e+000  0.000000e+000  0.000000e+000  0.000000e+000  0.000000e+000  0.000000e+000  0.000000e+000  0.000000e+000  0.000000e+000  0.000000e+000  0.000000e+000  0.000000e+000  0.000000e+000  0.000000e+000  0.000000e+000  0.000000e+000  0.000000e+000  0.000000e+000  0.000000e+000  0.000000e+000  0.000000e+000  
0.000000e+000  0.000000e+000  0.000000e+000  0.000000e+000  0.000000e+000  0.000000e+000  0.000000e+000  0.000000e+000  0.000000e+000  0.000000e+000  0.000000e+000  0.000000e+000  0.000000e+000  0.000000e+000  0.000000e+000  0.000000e+000  0.000000e+000  0.000000e+000  0.000000e+000  0.000000e+000  0.000000e+000  
0.000000e+000  0.000000e+000  0.000000e+000  0.000000e+000  0.000000e+000  0.000000e+000  0.000000e+000  0.000000e+000  0.000000e+000  0.000000e+000  0.000000e+000  0.000000e+000  0.000000e+000  0.000000e+000  0.000000e+000  0.000000e+000  0.000000e+000  0.000000e+000  0.000000e+000  0.000000e+000  0.000000e+000  
0.000000e+000  0.000000e+000  0.000000e+000  0.000000e+000  0.000000e+000  0.000000e+000  0.000000e+000  0.000000e+000  0.000000e+000  0.000000e+000  0.000000e+000  0.000000e+000  0.000000e+000  0.000000e+000  0.000000e+000  0.000000e+000  0.000000e+000  0.000000e+000  0.000000e+000  0.000000e+000  0.000000e+000  
0.000000e+000  0.000000e+000  0.000000e+000  0.000000e+000  0.000000e+000  0.000000e+000  0.000000e+000  0.000000e+000  0.000000e+000  0.000000e+000  0.000000e+000  0.000000e+000  0.000000e+000  0.000000e+000  0.000000e+000  0.000000e+000  0.000000e+000  0.000000e+000  0.000000e+000  0.000000e+000  0.000000e+000  
0.000000e+000  0.000000e+000  0.000000e+000  0.000000e+000  0.000000e+000  0.000000e+000  0.000000e+000  0.000000e+000  0.000000e+000  0.000000e+000  0.000000e+000  0.000000e+000  0.000000e+000  0.000000e+000  0.000000e+000  0.000000e+000  0.000000e+000  0.000000e+000  0.000000e+000  0.000000e+000  0.000000e+000  
0.000000e+000  0.000000e+000  0.000000e+000  0.000000e+000  0.000000e+000  0.000000e+000  0.000000e+000  0.000000e+000  0.000000e+000  0.000000e+000  0.000000e+000  0.000000e+000  0.000000e+000  0.000000e+000  0.000000e+000  0.000000e+000  0.000000e+000  0.000000e+000  0.000000e+000  0.000000e+000  0.000000e+000  

0.000000e+000  0.000000e+000  0.000000e+000  0.000000e+000  0.000000e+000  0.000000e+000  0.000000e+000  0.000000e+000  0.000000e+000  0.000000e+000  0.000000e+000  0.000000e+000  0.000000e+000  0.000000e+000  0.000000e+000  0.000000e+000  0.000000e+000  0.000000e+000  0.000000e+000  0.000000e+000  0.000000e+000  
0.000000e+000  0.000000e+000  0.000000e+000  0.000000e+000  0.000000e+000  0.000000e+000  0.000000e+000  0.000000e+000  0.000000e+000  0.000000e+000  0.000000e+000  0.000000e+000  0.000000e+000  0.000000e+000  0.000000e+000  0.000000e+000  0.000000e+000  0.000000e+000  0.000000e+000  0.000000e+000  0.000000e+000  
0.000000e+000  0.000000e+000  0.000000e+000  0.000000e+000  0.000000e+000  0.000000e+000  0.000000e+000  0.000000e+000  0.000000e+000  0.000000e+000  0.000000e+000  0.000000e+000  0.000000e+000  0.000000e+000  0.000000e+000  0.000000e+000  0.000000e+000  0.000000e+000  0.000000e+000  0.000000e+000  0.000000e+000  
0.000000e+000  0.000000e+000  0.000000e+000  0.000000e+000  0.000000e+000  0.000000e+000  0.000000e+000  0.000000e+000  0.000000e+000  0.000000e+000  0.000000e+000  0.000000e+000  0.000000e+000  0.000000e+000  0.000000e+000  0.000000e+000  0.000000e+000  0.000000e+000  0.000000e+000  0.000000e+000  0.000000e+000  
0.000000e+000  0.000000e+000  0.000000e+000  0.000000e+000  0.000000e+000  0.000000e+000  0.000000e+000  0.000000e+000  0.000000e+000  0.000000e+000  0.000000e+000  0.000000e+000  0.000000e+000  0.000000e+000  0.000000e+000  0.000000e+000  0.000000e+000  0.000000e+000  0.000000e+000  0.000000e+000  0.000000e+000  
0.000000e+000  0.000000e+000  0.000000e+000  0.000000e+000  0.000000e+000  0.000000e+000  0.000000e+000  0.000000e+000  0.000000e+000  0.000000e+000  0.000000e+000  0.000000e+000  0.000000e+000  0.000000e+000  0.000000e+000  0.000000e+000  0.000000e+000  0.000000e+000  0.000000e+000  0.000000e+000  0.000000e+000  
0.000000e+000  0.000000e+000  0.000000e+000  0.000000e+000  0.000000e+000  0.000000e+000  0.000000e+000  0.000000e+000  0.000000e+000  0.000000e+000  0.000000e+000  0.000000e+000  0.000000e+000  0.000000e+000  0.000000e+000  0.000000e+000  0.000000e+000  0.000000e+000  0.000000e+000  0.000000e+000  0.000000e+000  
0.000000e+000  0.000000e+000  0.000000e+000  0.000000e+000  0.000000e+000  0.000000e+000  0.000000e+000  0.000000e+000  0.000000e+000  0.000000e+000  0.000000e+000  0.000000e+000  0.000000e+000  0.000000e+000  0.000000e+000  0.000000e+000  0.000000e+000  0.000000e+000  0.000000e+000  0.000000e+000  0.000000e+000  
0.000000e+000  0.000000e+000  0.000000e+000  0.000000e+000  0.000000e+000  0.000000e+000  0.000000e+000  0.000000e+000  0.000000e+000  0.000000e+000  0.000000e+000  0.000000e+000  0.000000e+000  0.000000e+000  0.000000e+000  0.000000e+000  0.000000e+000  0.000000e+000  0.000000e+000  0.000000e+000  0.000000e+000  
0.000000e+000  0.000000e+000  0.000000e+000  0.000000e+000  0.000000e+000  0.000000e+000  0.000000e+000  0.000000e+000  0.000000e+000  0.000000e+000  0.000000e+000  0.000000e+000  0.000000e+000  0.000000e+000  0.000000e+000  0.000000e+000  0.000000e+000  0.000000e+000  0.000000e+000  0.000000e+000  0.000000e+000  
0.000000e+000  0.000000e+000  0.000000e+000  0.000000e+000  0.000000e+000  0.000000e+000  0.000000e+000  0.000000e+000  0.000000e+000  0.000000e+000  0.000000e+000  0.000000e+000  0.000000e+000  0.000000e+000  0.000000e+000  0.000000e+000  0.000000e+000  0.000000e+000  0.000000e+000  0.000000e+000  0.000000e+000  
0.000000e+000  0.000000e+000  0.000000e+000  0.000000e+000  0.000000e+000  0.000000e+000  0.000000e+000  0.000000e+000  0.000000e+000  0.000000e+000  0.000000e+000  0.000000e+000  0.000000e+000  0.000000e+000  0.000000e+000  0.000000e+000  0.000000e+000  0.000000e+000  0.000000e+000  0.000000e+000  0.000000e+000  

0.000000e+000  0.000000e+000  0.000000e+000  0.000000e+000  0.000000e+000  0.000000e+000  0.000000e+000  0.000000e+000  0.000000e+000  0.000000e+000  0.000000e+000  0.000000e+000  0.000000e+000  0.000000e+000  0.000000e+000  0.000000e+000  0.000000e+000  0.000000e+000  0.000000e+000  0.000000e+000  0.000000e+000  
0.000000e+000  0.000000e+000  0.000000e+000  0.000000e+000  0.000000e+000  0.000000e+000  0.000000e+000  0.000000e+000  0.000000e+000  0.000000e+000  0.000000e+000  0.000000e+000  0.000000e+000  0.000000e+000  0.000000e+000  0.000000e+000  0.000000e+000  0.000000e+000  0.000000e+000  0.000000e+000  0.000000e+000  
0.000000e+000  0.000000e+000  0.000000e+000  0.000000e+000  0.000000e+000  0.000000e+000  0.000000e+000  0.000000e+000  0.000000e+000  0.000000e+000  0.000000e+000  0.000000e+000  0.000000e+000  0.000000e+000  0.000000e+000  0.000000e+000  0.000000e+000  0.000000e+000  0.000000e+000  0.000000e+000  0.000000e+000  
0.000000e+000  0.000000e+000  0.000000e+000  0.000000e+000  0.000000e+000  0.000000e+000  0.000000e+000  0.000000e+000  0.000000e+000  0.000000e+000  0.000000e+000  0.000000e+000  0.000000e+000  0.000000e+000  0.000000e+000  0.000000e+000  0.000000e+000  0.000000e+000  0.000000e+000  0.000000e+000  0.000000e+000  
0.000000e+000  0.000000e+000  0.000000e+000  0.000000e+000  0.000000e+000  0.000000e+000  0.000000e+000  0.000000e+000  0.000000e+000  0.000000e+000  0.000000e+000  0.000000e+000  0.000000e+000  0.000000e+000  0.000000e+000  0.000000e+000  0.000000e+000  0.000000e+000  0.000000e+000  0.000000e+000  0.000000e+000  
0.000000e+000  0.000000e+000  0.000000e+000  0.000000e+000  0.000000e+000  0.000000e+000  0.000000e+000  0.000000e+000  0.000000e+000  0.000000e+000  0.000000e+000  0.000000e+000  0.000000e+000  0.000000e+000  0.000000e+000  0.000000e+000  0.000000e+000  0.000000e+000  0.000000e+000  0.000000e+000  0.000000e+000  
0.000000e+000  0.000000e+000  0.000000e+000  0.000000e+000  0.000000e+000  0.000000e+000  0.000000e+000  0.000000e+000  0.000000e+000  0.000000e+000  0.000000e+000  0.000000e+000  0.000000e+000  0.000000e+000  0.000000e+000  0.000000e+000  0.000000e+000  0.000000e+000  0.000000e+000  0.000000e+000  0.000000e+000  
0.000000e+000  0.000000e+000  0.000000e+000  0.000000e+000  0.000000e+000  0.000000e+000  0.000000e+000  0.000000e+000  0.000000e+000  0.000000e+000  0.000000e+000  0.000000e+000  0.000000e+000  0.000000e+000  0.000000e+000  0.000000e+000  0.000000e+000  0.000000e+000  0.000000e+000  0.000000e+000  0.000000e+000  
0.000000e+000  0.000000e+000  0.000000e+000  0.000000e+000  0.000000e+000  0.000000e+000  0.000000e+000  0.000000e+000  0.000000e+000  0.000000e+000  0.000000e+000  0.000000e+000  0.000000e+000  0.000000e+000  0.000000e+000  0.000000e+000  0.000000e+000  0.000000e+000  0.000000e+000  0.000000e+000  0.000000e+000  
0.000000e+000  0.000000e+000  0.000000e+000  0.000000e+000  0.000000e+000  0.000000e+000  0.000000e+000  0.000000e+000  0.000000e+000  0.000000e+000  0.000000e+000  0.000000e+000  0.000000e+000  0.000000e+000  0.000000e+000  0.000000e+000  0.000000e+000  0.000000e+000  0.000000e+000  0.000000e+000  0.000000e+000  
0.000000e+000  0.000000e+000  0.000000e+000  0.000000e+000  0.000000e+000  0.000000e+000  0.000000e+000  0.000000e+000  0.000000e+000  0.000000e+000  0.000000e+000  0.000000e+000  0.000000e+000  0.000000e+000  0.000000e+000  0.000000e+000  0.000000e+000  0.000000e+000  0.000000e+000  0.000000e+000  0.000000e+000  
0.000000e+000  0.000000e+000  0.000000e+000  0.000000e+000  0.000000e+000  0.000000e+000  0.000000e+000  0.000000e+000  0.000000e+000  0.000000e+000  0.000000e+000  0.000000e+000  0.000000e+000  0.000000e+000  0.000000e+000  0.000000e+000  0.000000e+000  0.000000e+000  0.000000e+000  0.000000e+000  0.000000e+000  

-0.000000e+000  -0.000000e+000  -0.000000e+000  -0.000000e+000  -0.000000e+000  -0.000000e+000  -0.000000e+000  -0.000000e+000  -0.000000e+000  -0.000000e+000  -0.000000e+000  -0.000000e+000  -0.000000e+000  -0.000000e+000  -0.000000e+000  -0.000000e+000  -0.000000e+000  -0.000000e+000  -0.000000e+000  -0.000000e+000  -0.000000e+000  
-0.000000e+000  -4.667499e-007  -9.369152e-007  -1.493873e-006  -2.590078e-006  -4.258583e-006  -4.632239e-006  -4.990582e-006  -5.449347e-006  -5.692284e-006  -5.782010e-006  -5.705566e-006  -5.374131e-006  -5.017681e-006  -4.637922e-006  -4.234723e-006  -2.556805e-006  -1.391585e-006  -1.192316e-006  -3.259226e-007  -0.000000e+000  
-0.000000e+000  -9.964975e-007  -1.731033e-006  -2.906679e-006  -4.981427e-006  -8.956726e-006  -9.077275e-006  -9.986492e-006  -1.083172e-005  -1.139698e-005  -1.161896e-005  -1.136578e-005  -1.082116e-005  -1.001311e-005  -9.106275e-006  -8.915934e-006  -4.981578e-006  -2.935265e-006  -1.679378e-006  -1.065317e-006  -0.000000e+000  
-0.000000e+000  -1.573649e-006  -2.548851e-006  -3.636032e-006  -7.127016e-006  -1.448485e-005  -1.332961e-005  -1.481057e-005  -1.623892e-005  -1.712537e-005  -1.738390e-005  -1.712528e-005  -1.622919e-005  -1.484973e-005  -1.333103e-005  -1.449317e-005  -7.158716e-006  -3.669069e-006  -2.451801e-006  -1.676635e-006  -0.000000e+000  
-0.000000e+000  -1.933332e-006  -4.474919e-006  -6.936654e-006  -9.883014e-006  -1.319639e-005  -2.104330e-005  -2.502002e-005  -2.766205e-005  -2.925274e-005  -2.978386e-005  -2.925752e-005  -2.761882e-005  -2.505553e-005  -2.107768e-005  -1.319422e-005  -9.974512e-006  -6.864415e-006  -4.528485e-006  -1.938942e-006  -0.000000e+000  
-0.000000e+000  -3.711342e-007  -9.416048e-007  -3.304641e-007  9.758399e-007  -3.616824e-006  -1.755224e-006  -1.620316e-006  -1.740097e-006  -1.796278e-006  -1.821034e-006  -1.805099e-006  -1.702691e-006  -1.638343e-006  -1.758059e-006  -3.667437e-006  9.384541e-007  -2.799471e-007  -9.468360e-007  -4.096817e-007  -0.000000e+000  
-0.000000e+000  3.002221e-007  8.565723e-007  2.481997e-007  -9.835062e-007  3.644150e-006  1.787987e-006  1.616426e-006  1.704179e-006  1.795016e-006  1.826443e-006  1.787885e-006  1.714320e-006  1.598686e-006  1.745015e-006  3.608819e-006  -9.978192e-007  2.589192e-007  9.295484e-007  3.899348e-007  -0.000000e+000  
-0.000000e+000  1.908846e-006  4.459898e-006  6.896819e-006  9.929222e-006  1.319726e-005  2.106456e-005  2.507042e-005  2.771275e-005  2.927610e-005  2.982725e-005  2.926926e-005  2.766142e-005  2.502421e-005  2.104315e-005  1.318562e-005  9.891436e-006  6.880262e-006  4.486945e-006  1.941185e-006  -0.000000e+000  
-0.000000e+000  1.633527e-006  2.366528e-006  3.670322e-006  7.159198e-006  1.450176e-005  1.334608e-005  1.484086e-005  1.614893e-005  1.710665e-005  1.748802e-005  1.716553e-005  1.623882e-005  1.479157e-005  1.331572e-005  1.452005e-005  7.147918e-006  3.718334e-006  2.446136e-006  1.649112e-006  -0.000000e+000  
-0.000000e+000  9.232809e-007  1.934633e-006  2.772136e-006  5.010433e-006  8.906259e-006  9.094822e-006  9.951144e-006  1.086390e-005  1.141640e-005  1.160540e-005  1.144372e-005  1.083993e-005  9.943692e-006  9.124731e-006  8.880725e-006  5.054366e-006  2.761048e-006  1.905627e-006  8.703016e-007  -0.000000e+000  
-0.000000e+000  5.026189e-007  9.591058e-007  1.530263e-006  2.541562e-006  4.220386e-006  4.554559e-006  4.993300e-006  5.491540e-006  5.743157e-006  5.771141e-006  5.692393e-006  5.417749e-006  5.073192e-006  4.589805e-006  4.256387e-006  2.499071e-006  1.582953e-006  8.012983e-007  5.576236e-007  -0.000000e+000  
-0.000000e+000  -0.000000e+000  -0.000000e+000  -0.000000e+000  -0.000000e+000  -0.000000e+000  -0.000000e+000  -0.000000e+000  -0.000000e+000  -0.000000e+000  -0.000000e+000  -0.000000e+000  -0.000000e+000  -0.000000e+000  -0.000000e+000  -0.000000e+000  -0.000000e+000  -0.000000e+000  -0.000000e+000  -0.000000e+000  -0.000000e+000  

