Port monitor named: Port3_e1[9].prt

nx        = 66
ny        = 32
nz        = 85

nu        = 21
nv        = 12
iu        = 10
iv        = 11

idir      = 2
dcut      = 0.000000e+000
icut      = 7
type      = 0
frequency = 9.000000e+009

fcutoff   = 6.554860e+009
alpha     = 0.000000e+000
beta      = 1.292172e+002
accuracy  = 1.196173e-011

type          = TE
wave imp.     = 5.499357e+002
wave imp.sig. = 1.055588e-005
line imp.     = 0.000000e+000

ref. port     = 0

0.000000e+000  0.000000e+000  0.000000e+000  0.000000e+000  0.000000e+000  0.000000e+000  0.000000e+000  0.000000e+000  0.000000e+000  0.000000e+000  0.000000e+000  0.000000e+000  0.000000e+000  0.000000e+000  0.000000e+000  0.000000e+000  0.000000e+000  0.000000e+000  0.000000e+000  0.000000e+000  0.000000e+000  
-1.635591e-002  -1.596803e-002  -1.522740e-002  -1.400512e-002  -1.188002e-002  -9.169754e-003  -6.604380e-003  -4.378924e-003  -2.479307e-003  -8.007282e-004  8.007283e-004  2.479307e-003  4.378926e-003  6.604380e-003  9.169754e-003  1.188002e-002  1.400512e-002  1.522740e-002  1.596803e-002  1.635591e-002  0.000000e+000  
-3.294313e-002  -3.213556e-002  -3.059558e-002  -2.806589e-002  -2.370295e-002  -1.820832e-002  -1.306167e-002  -8.634965e-003  -4.879811e-003  -1.574558e-003  1.574557e-003  4.879811e-003  8.634967e-003  1.306167e-002  1.820832e-002  2.370294e-002  2.806589e-002  3.059558e-002  3.213556e-002  3.294313e-002  0.000000e+000  
-5.002227e-002  -4.872674e-002  -4.625667e-002  -4.223511e-002  -3.539670e-002  -2.697077e-002  -1.921601e-002  -1.264136e-002  -7.121466e-003  -2.294363e-003  2.294362e-003  7.121467e-003  1.264136e-002  1.921601e-002  2.697077e-002  3.539670e-002  4.223511e-002  4.625667e-002  4.872675e-002  5.002227e-002  0.000000e+000  
-7.462996e-002  -7.243599e-002  -6.835179e-002  -6.179411e-002  -5.098539e-002  -3.816723e-002  -2.683857e-002  -1.748541e-002  -9.789497e-003  -3.144516e-003  3.144518e-003  9.789498e-003  1.748542e-002  2.683857e-002  3.816723e-002  5.098539e-002  6.179411e-002  6.835179e-002  7.243599e-002  7.462996e-002  0.000000e+000  
-1.134998e-001  -1.092122e-001  -1.014767e-001  -8.960630e-002  -7.127591e-002  -5.149331e-002  -3.516857e-002  -2.245426e-002  -1.241450e-002  -3.963912e-003  3.963912e-003  1.241450e-002  2.245426e-002  3.516857e-002  5.149331e-002  7.127591e-002  8.960630e-002  1.014767e-001  1.092122e-001  1.134998e-001  0.000000e+000  
-1.656847e-001  -1.562417e-001  -1.404126e-001  -1.181981e-001  -8.796707e-002  -5.973516e-002  -3.905576e-002  -2.421936e-002  -1.315746e-002  -4.166891e-003  4.166893e-003  1.315746e-002  2.421936e-002  3.905576e-002  5.973516e-002  8.796706e-002  1.181981e-001  1.404126e-001  1.562417e-001  1.656847e-001  0.000000e+000  
-2.448063e-001  -2.195376e-001  -1.836324e-001  -1.409532e-001  -9.385344e-002  -5.845804e-002  -3.610321e-002  -2.162623e-002  -1.152160e-002  -3.617000e-003  3.617005e-003  1.152160e-002  2.162623e-002  3.610321e-002  5.845804e-002  9.385344e-002  1.409532e-001  1.836324e-001  2.195376e-001  2.448063e-001  0.000000e+000  
-3.519890e-001  -2.836747e-001  -2.107685e-001  -1.427050e-001  -8.434475e-002  -4.865864e-002  -2.880694e-002  -1.685691e-002  -8.870061e-003  -2.769654e-003  2.769657e-003  8.870063e-003  1.685691e-002  2.880694e-002  4.865864e-002  8.434475e-002  1.427050e-001  2.107685e-001  2.836747e-001  3.519890e-001  0.000000e+000  
-5.064785e-001  -3.329674e-001  -2.100379e-001  -1.239990e-001  -6.609832e-002  -3.607921e-002  -2.077841e-002  -1.198878e-002  -6.263501e-003  -1.949824e-003  1.949827e-003  6.263501e-003  1.198878e-002  2.077842e-002  3.607921e-002  6.609831e-002  1.239990e-001  2.100379e-001  3.329674e-001  5.064785e-001  0.000000e+000  
-8.276424e-001  -3.292005e-001  -1.573986e-001  -7.756645e-002  -3.715420e-002  -1.934435e-002  -1.091353e-002  -6.235893e-003  -3.242499e-003  -1.007393e-003  1.007394e-003  3.242499e-003  6.235892e-003  1.091353e-002  1.934435e-002  3.715420e-002  7.756645e-002  1.573986e-001  3.292005e-001  8.276423e-001  0.000000e+000  
0.000000e+000  0.000000e+000  0.000000e+000  0.000000e+000  0.000000e+000  0.000000e+000  0.000000e+000  0.000000e+000  0.000000e+000  0.000000e+000  0.000000e+000  0.000000e+000  0.000000e+000  0.000000e+000  0.000000e+000  0.000000e+000  0.000000e+000  0.000000e+000  0.000000e+000  0.000000e+000  0.000000e+000  

0.000000e+000  2.103355e+002  4.189049e+002  6.235331e+002  8.964821e+002  1.249644e+003  1.567463e+003  1.827659e+003  2.020663e+003  2.139379e+003  2.179442e+003  2.139379e+003  2.020663e+003  1.827659e+003  1.567463e+003  1.249644e+003  8.964821e+002  6.235331e+002  4.189049e+002  2.103355e+002  0.000000e+000  
0.000000e+000  2.103351e+002  4.189042e+002  6.235320e+002  8.964808e+002  1.249643e+003  1.567462e+003  1.827658e+003  2.020662e+003  2.139378e+003  2.179441e+003  2.139378e+003  2.020662e+003  1.827658e+003  1.567462e+003  1.249643e+003  8.964808e+002  6.235320e+002  4.189042e+002  2.103351e+002  0.000000e+000  
0.000000e+000  2.103343e+002  4.189027e+002  6.235299e+002  8.964782e+002  1.249640e+003  1.567460e+003  1.827655e+003  2.020660e+003  2.139376e+003  2.179439e+003  2.139376e+003  2.020660e+003  1.827655e+003  1.567460e+003  1.249640e+003  8.964782e+002  6.235299e+002  4.189027e+002  2.103343e+002  0.000000e+000  
0.000000e+000  2.103328e+002  4.188998e+002  6.235260e+002  8.964733e+002  1.249635e+003  1.567455e+003  1.827652e+003  2.020657e+003  2.139373e+003  2.179437e+003  2.139373e+003  2.020657e+003  1.827652e+003  1.567455e+003  1.249635e+003  8.964733e+002  6.235260e+002  4.188998e+002  2.103328e+002  0.000000e+000  
0.000000e+000  2.103293e+002  4.188932e+002  6.235171e+002  8.964627e+002  1.249624e+003  1.567446e+003  1.827644e+003  2.020650e+003  2.139368e+003  2.179432e+003  2.139368e+003  2.020650e+003  1.827644e+003  1.567446e+003  1.249624e+003  8.964627e+002  6.235171e+002  4.188932e+002  2.103293e+002  0.000000e+000  
0.000000e+000  2.103211e+002  4.188783e+002  6.234980e+002  8.964415e+002  1.249605e+003  1.567430e+003  1.827632e+003  2.020641e+003  2.139360e+003  2.179424e+003  2.139360e+003  2.020641e+003  1.827632e+003  1.567430e+003  1.249605e+003  8.964415e+002  6.234980e+002  4.188783e+002  2.103211e+002  0.000000e+000  
0.000000e+000  2.103029e+002  4.188480e+002  6.234622e+002  8.964063e+002  1.249577e+003  1.567410e+003  1.827617e+003  2.020630e+003  2.139351e+003  2.179416e+003  2.139351e+003  2.020630e+003  1.827617e+003  1.567410e+003  1.249577e+003  8.964063e+002  6.234622e+002  4.188480e+002  2.103029e+002  0.000000e+000  
0.000000e+000  2.102620e+002  4.187898e+002  6.234041e+002  8.963601e+002  1.249547e+003  1.567392e+003  1.827605e+003  2.020622e+003  2.139345e+003  2.179410e+003  2.139345e+003  2.020622e+003  1.827605e+003  1.567392e+003  1.249547e+003  8.963601e+002  6.234041e+002  4.187898e+002  2.102620e+002  0.000000e+000  
0.000000e+000  2.101818e+002  4.187043e+002  6.233370e+002  8.963187e+002  1.249526e+003  1.567380e+003  1.827598e+003  2.020617e+003  2.139341e+003  2.179407e+003  2.139341e+003  2.020617e+003  1.827598e+003  1.567380e+003  1.249526e+003  8.963187e+002  6.233370e+002  4.187043e+002  2.101818e+002  0.000000e+000  
0.000000e+000  2.100094e+002  4.185822e+002  6.232652e+002  8.962839e+002  1.249511e+003  1.567372e+003  1.827594e+003  2.020614e+003  2.139339e+003  2.179405e+003  2.139339e+003  2.020614e+003  1.827594e+003  1.567372e+003  1.249511e+003  8.962839e+002  6.232652e+002  4.185822e+002  2.100094e+002  0.000000e+000  
0.000000e+000  2.095141e+002  4.184116e+002  6.231986e+002  8.962596e+002  1.249502e+003  1.567368e+003  1.827591e+003  2.020612e+003  2.139338e+003  2.179404e+003  2.139338e+003  2.020612e+003  1.827591e+003  1.567368e+003  1.249502e+003  8.962596e+002  6.231986e+002  4.184116e+002  2.095141e+002  0.000000e+000  
0.000000e+000  0.000000e+000  0.000000e+000  0.000000e+000  0.000000e+000  0.000000e+000  0.000000e+000  0.000000e+000  0.000000e+000  0.000000e+000  0.000000e+000  0.000000e+000  0.000000e+000  0.000000e+000  0.000000e+000  0.000000e+000  0.000000e+000  0.000000e+000  0.000000e+000  0.000000e+000  0.000000e+000  

0.000000e+000  0.000000e+000  0.000000e+000  0.000000e+000  0.000000e+000  0.000000e+000  0.000000e+000  0.000000e+000  0.000000e+000  0.000000e+000  0.000000e+000  0.000000e+000  0.000000e+000  0.000000e+000  0.000000e+000  0.000000e+000  0.000000e+000  0.000000e+000  0.000000e+000  0.000000e+000  0.000000e+000  
0.000000e+000  0.000000e+000  0.000000e+000  0.000000e+000  0.000000e+000  0.000000e+000  0.000000e+000  0.000000e+000  0.000000e+000  0.000000e+000  0.000000e+000  0.000000e+000  0.000000e+000  0.000000e+000  0.000000e+000  0.000000e+000  0.000000e+000  0.000000e+000  0.000000e+000  0.000000e+000  0.000000e+000  
0.000000e+000  0.000000e+000  0.000000e+000  0.000000e+000  0.000000e+000  0.000000e+000  0.000000e+000  0.000000e+000  0.000000e+000  0.000000e+000  0.000000e+000  0.000000e+000  0.000000e+000  0.000000e+000  0.000000e+000  0.000000e+000  0.000000e+000  0.000000e+000  0.000000e+000  0.000000e+000  0.000000e+000  
0.000000e+000  0.000000e+000  0.000000e+000  0.000000e+000  0.000000e+000  0.000000e+000  0.000000e+000  0.000000e+000  0.000000e+000  0.000000e+000  0.000000e+000  0.000000e+000  0.000000e+000  0.000000e+000  0.000000e+000  0.000000e+000  0.000000e+000  0.000000e+000  0.000000e+000  0.000000e+000  0.000000e+000  
0.000000e+000  0.000000e+000  0.000000e+000  0.000000e+000  0.000000e+000  0.000000e+000  0.000000e+000  0.000000e+000  0.000000e+000  0.000000e+000  0.000000e+000  0.000000e+000  0.000000e+000  0.000000e+000  0.000000e+000  0.000000e+000  0.000000e+000  0.000000e+000  0.000000e+000  0.000000e+000  0.000000e+000  
0.000000e+000  0.000000e+000  0.000000e+000  0.000000e+000  0.000000e+000  0.000000e+000  0.000000e+000  0.000000e+000  0.000000e+000  0.000000e+000  0.000000e+000  0.000000e+000  0.000000e+000  0.000000e+000  0.000000e+000  0.000000e+000  0.000000e+000  0.000000e+000  0.000000e+000  0.000000e+000  0.000000e+000  
0.000000e+000  0.000000e+000  0.000000e+000  0.000000e+000  0.000000e+000  0.000000e+000  0.000000e+000  0.000000e+000  0.000000e+000  0.000000e+000  0.000000e+000  0.000000e+000  0.000000e+000  0.000000e+000  0.000000e+000  0.000000e+000  0.000000e+000  0.000000e+000  0.000000e+000  0.000000e+000  0.000000e+000  
0.000000e+000  0.000000e+000  0.000000e+000  0.000000e+000  0.000000e+000  0.000000e+000  0.000000e+000  0.000000e+000  0.000000e+000  0.000000e+000  0.000000e+000  0.000000e+000  0.000000e+000  0.000000e+000  0.000000e+000  0.000000e+000  0.000000e+000  0.000000e+000  0.000000e+000  0.000000e+000  0.000000e+000  
0.000000e+000  0.000000e+000  0.000000e+000  0.000000e+000  0.000000e+000  0.000000e+000  0.000000e+000  0.000000e+000  0.000000e+000  0.000000e+000  0.000000e+000  0.000000e+000  0.000000e+000  0.000000e+000  0.000000e+000  0.000000e+000  0.000000e+000  0.000000e+000  0.000000e+000  0.000000e+000  0.000000e+000  
0.000000e+000  0.000000e+000  0.000000e+000  0.000000e+000  0.000000e+000  0.000000e+000  0.000000e+000  0.000000e+000  0.000000e+000  0.000000e+000  0.000000e+000  0.000000e+000  0.000000e+000  0.000000e+000  0.000000e+000  0.000000e+000  0.000000e+000  0.000000e+000  0.000000e+000  0.000000e+000  0.000000e+000  
0.000000e+000  0.000000e+000  0.000000e+000  0.000000e+000  0.000000e+000  0.000000e+000  0.000000e+000  0.000000e+000  0.000000e+000  0.000000e+000  0.000000e+000  0.000000e+000  0.000000e+000  0.000000e+000  0.000000e+000  0.000000e+000  0.000000e+000  0.000000e+000  0.000000e+000  0.000000e+000  0.000000e+000  
0.000000e+000  0.000000e+000  0.000000e+000  0.000000e+000  0.000000e+000  0.000000e+000  0.000000e+000  0.000000e+000  0.000000e+000  0.000000e+000  0.000000e+000  0.000000e+000  0.000000e+000  0.000000e+000  0.000000e+000  0.000000e+000  0.000000e+000  0.000000e+000  0.000000e+000  0.000000e+000  0.000000e+000  

0.000000e+000  0.000000e+000  0.000000e+000  0.000000e+000  0.000000e+000  0.000000e+000  0.000000e+000  0.000000e+000  0.000000e+000  0.000000e+000  0.000000e+000  0.000000e+000  0.000000e+000  0.000000e+000  0.000000e+000  0.000000e+000  0.000000e+000  0.000000e+000  0.000000e+000  0.000000e+000  0.000000e+000  
0.000000e+000  0.000000e+000  0.000000e+000  0.000000e+000  0.000000e+000  0.000000e+000  0.000000e+000  0.000000e+000  0.000000e+000  0.000000e+000  0.000000e+000  0.000000e+000  0.000000e+000  0.000000e+000  0.000000e+000  0.000000e+000  0.000000e+000  0.000000e+000  0.000000e+000  0.000000e+000  0.000000e+000  
0.000000e+000  0.000000e+000  0.000000e+000  0.000000e+000  0.000000e+000  0.000000e+000  0.000000e+000  0.000000e+000  0.000000e+000  0.000000e+000  0.000000e+000  0.000000e+000  0.000000e+000  0.000000e+000  0.000000e+000  0.000000e+000  0.000000e+000  0.000000e+000  0.000000e+000  0.000000e+000  0.000000e+000  
0.000000e+000  0.000000e+000  0.000000e+000  0.000000e+000  0.000000e+000  0.000000e+000  0.000000e+000  0.000000e+000  0.000000e+000  0.000000e+000  0.000000e+000  0.000000e+000  0.000000e+000  0.000000e+000  0.000000e+000  0.000000e+000  0.000000e+000  0.000000e+000  0.000000e+000  0.000000e+000  0.000000e+000  
0.000000e+000  0.000000e+000  0.000000e+000  0.000000e+000  0.000000e+000  0.000000e+000  0.000000e+000  0.000000e+000  0.000000e+000  0.000000e+000  0.000000e+000  0.000000e+000  0.000000e+000  0.000000e+000  0.000000e+000  0.000000e+000  0.000000e+000  0.000000e+000  0.000000e+000  0.000000e+000  0.000000e+000  
0.000000e+000  0.000000e+000  0.000000e+000  0.000000e+000  0.000000e+000  0.000000e+000  0.000000e+000  0.000000e+000  0.000000e+000  0.000000e+000  0.000000e+000  0.000000e+000  0.000000e+000  0.000000e+000  0.000000e+000  0.000000e+000  0.000000e+000  0.000000e+000  0.000000e+000  0.000000e+000  0.000000e+000  
0.000000e+000  0.000000e+000  0.000000e+000  0.000000e+000  0.000000e+000  0.000000e+000  0.000000e+000  0.000000e+000  0.000000e+000  0.000000e+000  0.000000e+000  0.000000e+000  0.000000e+000  0.000000e+000  0.000000e+000  0.000000e+000  0.000000e+000  0.000000e+000  0.000000e+000  0.000000e+000  0.000000e+000  
0.000000e+000  0.000000e+000  0.000000e+000  0.000000e+000  0.000000e+000  0.000000e+000  0.000000e+000  0.000000e+000  0.000000e+000  0.000000e+000  0.000000e+000  0.000000e+000  0.000000e+000  0.000000e+000  0.000000e+000  0.000000e+000  0.000000e+000  0.000000e+000  0.000000e+000  0.000000e+000  0.000000e+000  
0.000000e+000  0.000000e+000  0.000000e+000  0.000000e+000  0.000000e+000  0.000000e+000  0.000000e+000  0.000000e+000  0.000000e+000  0.000000e+000  0.000000e+000  0.000000e+000  0.000000e+000  0.000000e+000  0.000000e+000  0.000000e+000  0.000000e+000  0.000000e+000  0.000000e+000  0.000000e+000  0.000000e+000  
0.000000e+000  0.000000e+000  0.000000e+000  0.000000e+000  0.000000e+000  0.000000e+000  0.000000e+000  0.000000e+000  0.000000e+000  0.000000e+000  0.000000e+000  0.000000e+000  0.000000e+000  0.000000e+000  0.000000e+000  0.000000e+000  0.000000e+000  0.000000e+000  0.000000e+000  0.000000e+000  0.000000e+000  
0.000000e+000  0.000000e+000  0.000000e+000  0.000000e+000  0.000000e+000  0.000000e+000  0.000000e+000  0.000000e+000  0.000000e+000  0.000000e+000  0.000000e+000  0.000000e+000  0.000000e+000  0.000000e+000  0.000000e+000  0.000000e+000  0.000000e+000  0.000000e+000  0.000000e+000  0.000000e+000  0.000000e+000  
0.000000e+000  0.000000e+000  0.000000e+000  0.000000e+000  0.000000e+000  0.000000e+000  0.000000e+000  0.000000e+000  0.000000e+000  0.000000e+000  0.000000e+000  0.000000e+000  0.000000e+000  0.000000e+000  0.000000e+000  0.000000e+000  0.000000e+000  0.000000e+000  0.000000e+000  0.000000e+000  0.000000e+000  

0.000000e+000  0.000000e+000  0.000000e+000  0.000000e+000  0.000000e+000  0.000000e+000  0.000000e+000  0.000000e+000  0.000000e+000  0.000000e+000  0.000000e+000  0.000000e+000  0.000000e+000  0.000000e+000  0.000000e+000  0.000000e+000  0.000000e+000  0.000000e+000  0.000000e+000  0.000000e+000  0.000000e+000  
0.000000e+000  0.000000e+000  0.000000e+000  0.000000e+000  0.000000e+000  0.000000e+000  0.000000e+000  0.000000e+000  0.000000e+000  0.000000e+000  0.000000e+000  0.000000e+000  0.000000e+000  0.000000e+000  0.000000e+000  0.000000e+000  0.000000e+000  0.000000e+000  0.000000e+000  0.000000e+000  0.000000e+000  
0.000000e+000  0.000000e+000  0.000000e+000  0.000000e+000  0.000000e+000  0.000000e+000  0.000000e+000  0.000000e+000  0.000000e+000  0.000000e+000  0.000000e+000  0.000000e+000  0.000000e+000  0.000000e+000  0.000000e+000  0.000000e+000  0.000000e+000  0.000000e+000  0.000000e+000  0.000000e+000  0.000000e+000  
0.000000e+000  0.000000e+000  0.000000e+000  0.000000e+000  0.000000e+000  0.000000e+000  0.000000e+000  0.000000e+000  0.000000e+000  0.000000e+000  0.000000e+000  0.000000e+000  0.000000e+000  0.000000e+000  0.000000e+000  0.000000e+000  0.000000e+000  0.000000e+000  0.000000e+000  0.000000e+000  0.000000e+000  
0.000000e+000  0.000000e+000  0.000000e+000  0.000000e+000  0.000000e+000  0.000000e+000  0.000000e+000  0.000000e+000  0.000000e+000  0.000000e+000  0.000000e+000  0.000000e+000  0.000000e+000  0.000000e+000  0.000000e+000  0.000000e+000  0.000000e+000  0.000000e+000  0.000000e+000  0.000000e+000  0.000000e+000  
0.000000e+000  0.000000e+000  0.000000e+000  0.000000e+000  0.000000e+000  0.000000e+000  0.000000e+000  0.000000e+000  0.000000e+000  0.000000e+000  0.000000e+000  0.000000e+000  0.000000e+000  0.000000e+000  0.000000e+000  0.000000e+000  0.000000e+000  0.000000e+000  0.000000e+000  0.000000e+000  0.000000e+000  
0.000000e+000  0.000000e+000  0.000000e+000  0.000000e+000  0.000000e+000  0.000000e+000  0.000000e+000  0.000000e+000  0.000000e+000  0.000000e+000  0.000000e+000  0.000000e+000  0.000000e+000  0.000000e+000  0.000000e+000  0.000000e+000  0.000000e+000  0.000000e+000  0.000000e+000  0.000000e+000  0.000000e+000  
0.000000e+000  0.000000e+000  0.000000e+000  0.000000e+000  0.000000e+000  0.000000e+000  0.000000e+000  0.000000e+000  0.000000e+000  0.000000e+000  0.000000e+000  0.000000e+000  0.000000e+000  0.000000e+000  0.000000e+000  0.000000e+000  0.000000e+000  0.000000e+000  0.000000e+000  0.000000e+000  0.000000e+000  
0.000000e+000  0.000000e+000  0.000000e+000  0.000000e+000  0.000000e+000  0.000000e+000  0.000000e+000  0.000000e+000  0.000000e+000  0.000000e+000  0.000000e+000  0.000000e+000  0.000000e+000  0.000000e+000  0.000000e+000  0.000000e+000  0.000000e+000  0.000000e+000  0.000000e+000  0.000000e+000  0.000000e+000  
0.000000e+000  0.000000e+000  0.000000e+000  0.000000e+000  0.000000e+000  0.000000e+000  0.000000e+000  0.000000e+000  0.000000e+000  0.000000e+000  0.000000e+000  0.000000e+000  0.000000e+000  0.000000e+000  0.000000e+000  0.000000e+000  0.000000e+000  0.000000e+000  0.000000e+000  0.000000e+000  0.000000e+000  
0.000000e+000  0.000000e+000  0.000000e+000  0.000000e+000  0.000000e+000  0.000000e+000  0.000000e+000  0.000000e+000  0.000000e+000  0.000000e+000  0.000000e+000  0.000000e+000  0.000000e+000  0.000000e+000  0.000000e+000  0.000000e+000  0.000000e+000  0.000000e+000  0.000000e+000  0.000000e+000  0.000000e+000  
0.000000e+000  0.000000e+000  0.000000e+000  0.000000e+000  0.000000e+000  0.000000e+000  0.000000e+000  0.000000e+000  0.000000e+000  0.000000e+000  0.000000e+000  0.000000e+000  0.000000e+000  0.000000e+000  0.000000e+000  0.000000e+000  0.000000e+000  0.000000e+000  0.000000e+000  0.000000e+000  0.000000e+000  

0.000000e+000  0.000000e+000  0.000000e+000  0.000000e+000  0.000000e+000  0.000000e+000  0.000000e+000  0.000000e+000  0.000000e+000  0.000000e+000  0.000000e+000  0.000000e+000  0.000000e+000  0.000000e+000  0.000000e+000  0.000000e+000  0.000000e+000  0.000000e+000  0.000000e+000  0.000000e+000  0.000000e+000  
0.000000e+000  -5.372162e-007  -8.995626e-007  -1.497502e-006  -2.572278e-006  -4.280590e-006  -4.591516e-006  -5.011264e-006  -5.425441e-006  -5.704351e-006  -5.816069e-006  -5.705074e-006  -5.433904e-006  -5.024420e-006  -4.578740e-006  -4.284715e-006  -2.552575e-006  -1.506686e-006  -9.234676e-007  -5.048648e-007  0.000000e+000  
0.000000e+000  -9.333641e-007  -1.838781e-006  -2.820458e-006  -5.003862e-006  -8.929312e-006  -9.092128e-006  -9.959858e-006  -1.084489e-005  -1.139404e-005  -1.162931e-005  -1.142637e-005  -1.083877e-005  -9.971629e-006  -9.107483e-006  -8.922915e-006  -5.010380e-006  -2.842586e-006  -1.824997e-006  -9.953942e-007  0.000000e+000  
0.000000e+000  -1.668134e-006  -2.441763e-006  -3.641182e-006  -7.146363e-006  -1.448305e-005  -1.331874e-005  -1.482659e-005  -1.621573e-005  -1.712133e-005  -1.742523e-005  -1.713088e-005  -1.623283e-005  -1.482928e-005  -1.332534e-005  -1.447558e-005  -7.166685e-006  -3.655796e-006  -2.506392e-006  -1.614190e-006  0.000000e+000  
0.000000e+000  -1.919063e-006  -4.508779e-006  -6.892175e-006  -9.909259e-006  -1.321352e-005  -2.106129e-005  -2.502396e-005  -2.765988e-005  -2.927191e-005  -2.980478e-005  -2.927311e-005  -2.767905e-005  -2.502086e-005  -2.106259e-005  -1.321506e-005  -9.920894e-006  -6.914403e-006  -4.502915e-006  -1.956580e-006  0.000000e+000  
0.000000e+000  -3.518137e-007  -8.746260e-007  -2.948318e-007  9.674890e-007  -3.633012e-006  -1.762299e-006  -1.619490e-006  -1.721021e-006  -1.788784e-006  -1.836860e-006  -1.802931e-006  -1.721391e-006  -1.629317e-006  -1.744240e-006  -3.638537e-006  9.686987e-007  -2.905643e-007  -8.946999e-007  -3.582059e-007  0.000000e+000  
0.000000e+000  3.294368e-007  8.749297e-007  2.808815e-007  -9.602544e-007  3.624513e-006  1.747036e-006  1.622688e-006  1.710707e-006  1.801046e-006  1.838635e-006  1.806986e-006  1.703424e-006  1.629896e-006  1.758696e-006  3.649982e-006  -9.696963e-007  3.134852e-007  8.862264e-007  3.500944e-007  0.000000e+000  
0.000000e+000  1.930555e-006  4.474518e-006  6.893271e-006  9.944095e-006  1.321178e-005  2.105535e-005  2.501836e-005  2.767125e-005  2.926230e-005  2.981095e-005  2.929125e-005  2.768484e-005  2.502349e-005  2.107112e-005  1.320827e-005  9.922762e-006  6.915201e-006  4.497082e-006  1.920664e-006  0.000000e+000  
0.000000e+000  1.632609e-006  2.447527e-006  3.673885e-006  7.119170e-006  1.444325e-005  1.330068e-005  1.481978e-005  1.622198e-005  1.712438e-005  1.742620e-005  1.711920e-005  1.621858e-005  1.482763e-005  1.336537e-005  1.448417e-005  7.143259e-006  3.702295e-006  2.460435e-006  1.629137e-006  0.000000e+000  
0.000000e+000  9.766865e-007  1.881588e-006  2.771116e-006  5.029883e-006  8.916210e-006  9.078544e-006  9.970520e-006  1.082397e-005  1.141223e-005  1.161204e-005  1.142698e-005  1.082344e-005  9.985460e-006  9.091035e-006  8.932120e-006  5.014609e-006  2.803460e-006  1.838501e-006  1.009593e-006  0.000000e+000  
0.000000e+000  5.020755e-007  9.173291e-007  1.561850e-006  2.562182e-006  4.303853e-006  4.602126e-006  5.014532e-006  5.416303e-006  5.704609e-006  5.797012e-006  5.717025e-006  5.438105e-006  5.003901e-006  4.579731e-006  4.280724e-006  2.546618e-006  1.514609e-006  9.554741e-007  4.584542e-007  0.000000e+000  
0.000000e+000  0.000000e+000  0.000000e+000  0.000000e+000  0.000000e+000  0.000000e+000  0.000000e+000  0.000000e+000  0.000000e+000  0.000000e+000  0.000000e+000  0.000000e+000  0.000000e+000  0.000000e+000  0.000000e+000  0.000000e+000  0.000000e+000  0.000000e+000  0.000000e+000  0.000000e+000  0.000000e+000  

