Port monitor named: Port1_h1[9].prt

nx        = 66
ny        = 32
nz        = 85

nu        = 12
nv        = 21
iu        = 11
iv        = 33

idir      = 0
dcut      = 5.000000e-002
icut      = 60
type      = 1
frequency = 9.000000e+009

fcutoff   = 6.554860e+009
alpha     = 0.000000e+000
beta      = 1.292172e+002
accuracy  = 1.384989e-011

type          = TE
wave imp.     = 5.499357e+002
wave imp.sig. = 8.377920e-006
line imp.     = 0.000000e+000

ref. port     = 0

0.000000e+000  2.975601e-005  5.993235e-005  9.100606e-005  1.357272e-004  2.064149e-004  3.012529e-004  4.451347e-004  6.400095e-004  9.209485e-004  1.504968e-003  0.000000e+000  
0.000000e+000  2.904780e-005  5.846163e-005  8.864044e-005  1.317408e-004  1.986151e-004  2.840849e-004  3.991817e-004  5.157959e-004  6.054429e-004  5.986010e-004  0.000000e+000  
0.000000e+000  2.770614e-005  5.565601e-005  8.413052e-005  1.243252e-004  1.845367e-004  2.553139e-004  3.338818e-004  3.832441e-004  3.819070e-004  2.862001e-004  0.000000e+000  
0.000000e+000  2.548442e-005  5.107672e-005  7.687148e-005  1.124459e-004  1.629575e-004  2.149127e-004  2.562289e-004  2.594225e-004  2.254390e-004  1.410271e-004  0.000000e+000  
0.000000e+000  2.162342e-005  4.314394e-005  6.443402e-005  9.276796e-005  1.296596e-004  1.599073e-004  1.706066e-004  1.533034e-004  1.201502e-004  6.754067e-005  0.000000e+000  
0.000000e+000  1.668929e-005  3.313835e-005  4.908180e-005  6.951565e-005  9.360764e-005  1.086499e-004  1.061872e-004  8.844258e-005  6.557778e-005  3.516095e-005  0.000000e+000  
0.000000e+000  1.202348e-005  2.378032e-005  3.498724e-005  4.886728e-005  6.395674e-005  7.101214e-005  6.558590e-005  5.233703e-005  3.775423e-005  1.983080e-005  0.000000e+000  
0.000000e+000  7.974021e-006  1.572468e-005  2.302196e-005  3.183912e-005  4.084007e-005  4.403089e-005  3.928088e-005  3.061760e-005  2.177733e-005  1.132792e-005  0.000000e+000  
0.000000e+000  4.515324e-006  8.887627e-006  1.297124e-005  1.782827e-005  2.258086e-005  2.391948e-005  2.092430e-005  1.610795e-005  1.137534e-005  5.889164e-006  0.000000e+000  
0.000000e+000  1.458229e-006  2.867993e-006  4.179304e-006  5.726731e-006  7.210157e-006  7.574572e-006  6.568295e-006  5.028923e-006  3.540752e-006  1.829395e-006  0.000000e+000  
0.000000e+000  -1.458406e-006  -2.867989e-006  -4.179318e-006  -5.726864e-006  -7.210061e-006  -7.574808e-006  -6.568221e-006  -5.028863e-006  -3.540661e-006  -1.829703e-006  0.000000e+000  
0.000000e+000  -4.514918e-006  -8.887688e-006  -1.297186e-005  -1.782774e-005  -2.258093e-005  -2.391927e-005  -2.092423e-005  -1.610802e-005  -1.137543e-005  -5.888795e-006  0.000000e+000  
0.000000e+000  -7.974367e-006  -1.572471e-005  -2.302141e-005  -3.183964e-005  -4.084004e-005  -4.403074e-005  -3.928101e-005  -3.061777e-005  -2.177727e-005  -1.132829e-005  0.000000e+000  
0.000000e+000  -1.202360e-005  -2.378038e-005  -3.498757e-005  -4.886748e-005  -6.395680e-005  -7.101220e-005  -6.558560e-005  -5.233686e-005  -3.775438e-005  -1.983041e-005  0.000000e+000  
0.000000e+000  -1.668917e-005  -3.313801e-005  -4.908149e-005  -6.951537e-005  -9.360763e-005  -1.086500e-004  -1.061876e-004  -8.844252e-005  -6.557771e-005  -3.516122e-005  0.000000e+000  
0.000000e+000  -2.162294e-005  -4.314407e-005  -6.443339e-005  -9.276785e-005  -1.296593e-004  -1.599071e-004  -1.706064e-004  -1.533039e-004  -1.201506e-004  -6.754062e-005  0.000000e+000  
0.000000e+000  -2.548550e-005  -5.107579e-005  -7.687269e-005  -1.124461e-004  -1.629578e-004  -2.149134e-004  -2.562289e-004  -2.594221e-004  -2.254379e-004  -1.410270e-004  0.000000e+000  
0.000000e+000  -2.770528e-005  -5.565934e-005  -8.412924e-005  -1.243249e-004  -1.845376e-004  -2.553128e-004  -3.338819e-004  -3.832441e-004  -3.819094e-004  -2.861976e-004  0.000000e+000  
0.000000e+000  -2.904873e-005  -5.845923e-005  -8.864194e-005  -1.317409e-004  -1.986153e-004  -2.840840e-004  -3.991820e-004  -5.157971e-004  -6.054394e-004  -5.986054e-004  0.000000e+000  
0.000000e+000  -2.975515e-005  -5.993293e-005  -9.100527e-005  -1.357273e-004  -2.064143e-004  -3.012541e-004  -4.451343e-004  -6.400080e-004  -9.209502e-004  -1.504966e-003  0.000000e+000  
0.000000e+000  0.000000e+000  0.000000e+000  0.000000e+000  0.000000e+000  0.000000e+000  0.000000e+000  0.000000e+000  0.000000e+000  0.000000e+000  0.000000e+000  0.000000e+000  

0.000000e+000  0.000000e+000  0.000000e+000  0.000000e+000  0.000000e+000  0.000000e+000  0.000000e+000  0.000000e+000  0.000000e+000  0.000000e+000  0.000000e+000  0.000000e+000  
3.824729e-001  3.824722e-001  3.824708e-001  3.824680e-001  3.824615e-001  3.824466e-001  3.824136e-001  3.823392e-001  3.821934e-001  3.818799e-001  3.809793e-001  0.000000e+000  
7.617343e-001  7.617330e-001  7.617302e-001  7.617249e-001  7.617129e-001  7.616859e-001  7.616308e-001  7.615250e-001  7.613694e-001  7.611475e-001  7.608372e-001  0.000000e+000  
1.133829e+000  1.133827e+000  1.133823e+000  1.133816e+000  1.133800e+000  1.133765e+000  1.133700e+000  1.133594e+000  1.133472e+000  1.133342e+000  1.133221e+000  0.000000e+000  
1.630158e+000  1.630156e+000  1.630151e+000  1.630142e+000  1.630123e+000  1.630084e+000  1.630020e+000  1.629936e+000  1.629861e+000  1.629798e+000  1.629753e+000  0.000000e+000  
2.272346e+000  2.272343e+000  2.272338e+000  2.272329e+000  2.272309e+000  2.272274e+000  2.272224e+000  2.272170e+000  2.272131e+000  2.272103e+000  2.272087e+000  0.000000e+000  
2.850267e+000  2.850264e+000  2.850260e+000  2.850251e+000  2.850234e+000  2.850206e+000  2.850169e+000  2.850136e+000  2.850114e+000  2.850100e+000  2.850093e+000  0.000000e+000  
3.323404e+000  3.323402e+000  3.323398e+000  3.323391e+000  3.323377e+000  3.323355e+000  3.323329e+000  3.323307e+000  3.323294e+000  3.323286e+000  3.323282e+000  0.000000e+000  
3.674362e+000  3.674360e+000  3.674356e+000  3.674351e+000  3.674339e+000  3.674321e+000  3.674302e+000  3.674287e+000  3.674278e+000  3.674273e+000  3.674270e+000  0.000000e+000  
3.890234e+000  3.890233e+000  3.890230e+000  3.890225e+000  3.890215e+000  3.890200e+000  3.890184e+000  3.890172e+000  3.890166e+000  3.890162e+000  3.890160e+000  0.000000e+000  
3.963085e+000  3.963083e+000  3.963080e+000  3.963076e+000  3.963066e+000  3.963052e+000  3.963037e+000  3.963027e+000  3.963021e+000  3.963017e+000  3.963015e+000  0.000000e+000  
3.890234e+000  3.890233e+000  3.890230e+000  3.890225e+000  3.890215e+000  3.890200e+000  3.890184e+000  3.890172e+000  3.890166e+000  3.890162e+000  3.890160e+000  0.000000e+000  
3.674362e+000  3.674360e+000  3.674356e+000  3.674351e+000  3.674339e+000  3.674321e+000  3.674302e+000  3.674287e+000  3.674278e+000  3.674273e+000  3.674270e+000  0.000000e+000  
3.323404e+000  3.323402e+000  3.323398e+000  3.323391e+000  3.323377e+000  3.323355e+000  3.323329e+000  3.323307e+000  3.323294e+000  3.323286e+000  3.323282e+000  0.000000e+000  
2.850267e+000  2.850264e+000  2.850260e+000  2.850251e+000  2.850234e+000  2.850206e+000  2.850169e+000  2.850136e+000  2.850114e+000  2.850100e+000  2.850093e+000  0.000000e+000  
2.272346e+000  2.272343e+000  2.272338e+000  2.272329e+000  2.272309e+000  2.272274e+000  2.272224e+000  2.272170e+000  2.272131e+000  2.272103e+000  2.272087e+000  0.000000e+000  
1.630158e+000  1.630156e+000  1.630151e+000  1.630142e+000  1.630123e+000  1.630084e+000  1.630020e+000  1.629936e+000  1.629861e+000  1.629798e+000  1.629753e+000  0.000000e+000  
1.133829e+000  1.133827e+000  1.133823e+000  1.133816e+000  1.133800e+000  1.133765e+000  1.133700e+000  1.133594e+000  1.133472e+000  1.133342e+000  1.133221e+000  0.000000e+000  
7.617343e-001  7.617330e-001  7.617302e-001  7.617249e-001  7.617129e-001  7.616859e-001  7.616308e-001  7.615250e-001  7.613695e-001  7.611475e-001  7.608372e-001  0.000000e+000  
3.824729e-001  3.824722e-001  3.824708e-001  3.824680e-001  3.824615e-001  3.824466e-001  3.824136e-001  3.823392e-001  3.821934e-001  3.818799e-001  3.809793e-001  0.000000e+000  
0.000000e+000  0.000000e+000  0.000000e+000  0.000000e+000  0.000000e+000  0.000000e+000  0.000000e+000  0.000000e+000  0.000000e+000  0.000000e+000  0.000000e+000  0.000000e+000  

0.000000e+000  0.000000e+000  0.000000e+000  0.000000e+000  0.000000e+000  0.000000e+000  0.000000e+000  0.000000e+000  0.000000e+000  0.000000e+000  0.000000e+000  0.000000e+000  
0.000000e+000  0.000000e+000  0.000000e+000  0.000000e+000  0.000000e+000  0.000000e+000  0.000000e+000  0.000000e+000  0.000000e+000  0.000000e+000  0.000000e+000  0.000000e+000  
0.000000e+000  0.000000e+000  0.000000e+000  0.000000e+000  0.000000e+000  0.000000e+000  0.000000e+000  0.000000e+000  0.000000e+000  0.000000e+000  0.000000e+000  0.000000e+000  
0.000000e+000  0.000000e+000  0.000000e+000  0.000000e+000  0.000000e+000  0.000000e+000  0.000000e+000  0.000000e+000  0.000000e+000  0.000000e+000  0.000000e+000  0.000000e+000  
0.000000e+000  0.000000e+000  0.000000e+000  0.000000e+000  0.000000e+000  0.000000e+000  0.000000e+000  0.000000e+000  0.000000e+000  0.000000e+000  0.000000e+000  0.000000e+000  
0.000000e+000  0.000000e+000  0.000000e+000  0.000000e+000  0.000000e+000  0.000000e+000  0.000000e+000  0.000000e+000  0.000000e+000  0.000000e+000  0.000000e+000  0.000000e+000  
0.000000e+000  0.000000e+000  0.000000e+000  0.000000e+000  0.000000e+000  0.000000e+000  0.000000e+000  0.000000e+000  0.000000e+000  0.000000e+000  0.000000e+000  0.000000e+000  
0.000000e+000  0.000000e+000  0.000000e+000  0.000000e+000  0.000000e+000  0.000000e+000  0.000000e+000  0.000000e+000  0.000000e+000  0.000000e+000  0.000000e+000  0.000000e+000  
0.000000e+000  0.000000e+000  0.000000e+000  0.000000e+000  0.000000e+000  0.000000e+000  0.000000e+000  0.000000e+000  0.000000e+000  0.000000e+000  0.000000e+000  0.000000e+000  
0.000000e+000  0.000000e+000  0.000000e+000  0.000000e+000  0.000000e+000  0.000000e+000  0.000000e+000  0.000000e+000  0.000000e+000  0.000000e+000  0.000000e+000  0.000000e+000  
0.000000e+000  0.000000e+000  0.000000e+000  0.000000e+000  0.000000e+000  0.000000e+000  0.000000e+000  0.000000e+000  0.000000e+000  0.000000e+000  0.000000e+000  0.000000e+000  
0.000000e+000  0.000000e+000  0.000000e+000  0.000000e+000  0.000000e+000  0.000000e+000  0.000000e+000  0.000000e+000  0.000000e+000  0.000000e+000  0.000000e+000  0.000000e+000  
0.000000e+000  0.000000e+000  0.000000e+000  0.000000e+000  0.000000e+000  0.000000e+000  0.000000e+000  0.000000e+000  0.000000e+000  0.000000e+000  0.000000e+000  0.000000e+000  
0.000000e+000  0.000000e+000  0.000000e+000  0.000000e+000  0.000000e+000  0.000000e+000  0.000000e+000  0.000000e+000  0.000000e+000  0.000000e+000  0.000000e+000  0.000000e+000  
0.000000e+000  0.000000e+000  0.000000e+000  0.000000e+000  0.000000e+000  0.000000e+000  0.000000e+000  0.000000e+000  0.000000e+000  0.000000e+000  0.000000e+000  0.000000e+000  
0.000000e+000  0.000000e+000  0.000000e+000  0.000000e+000  0.000000e+000  0.000000e+000  0.000000e+000  0.000000e+000  0.000000e+000  0.000000e+000  0.000000e+000  0.000000e+000  
0.000000e+000  0.000000e+000  0.000000e+000  0.000000e+000  0.000000e+000  0.000000e+000  0.000000e+000  0.000000e+000  0.000000e+000  0.000000e+000  0.000000e+000  0.000000e+000  
0.000000e+000  0.000000e+000  0.000000e+000  0.000000e+000  0.000000e+000  0.000000e+000  0.000000e+000  0.000000e+000  0.000000e+000  0.000000e+000  0.000000e+000  0.000000e+000  
0.000000e+000  0.000000e+000  0.000000e+000  0.000000e+000  0.000000e+000  0.000000e+000  0.000000e+000  0.000000e+000  0.000000e+000  0.000000e+000  0.000000e+000  0.000000e+000  
0.000000e+000  0.000000e+000  0.000000e+000  0.000000e+000  0.000000e+000  0.000000e+000  0.000000e+000  0.000000e+000  0.000000e+000  0.000000e+000  0.000000e+000  0.000000e+000  
0.000000e+000  0.000000e+000  0.000000e+000  0.000000e+000  0.000000e+000  0.000000e+000  0.000000e+000  0.000000e+000  0.000000e+000  0.000000e+000  0.000000e+000  0.000000e+000  

0.000000e+000  0.000000e+000  0.000000e+000  0.000000e+000  0.000000e+000  0.000000e+000  0.000000e+000  0.000000e+000  0.000000e+000  0.000000e+000  0.000000e+000  0.000000e+000  
0.000000e+000  0.000000e+000  0.000000e+000  0.000000e+000  0.000000e+000  0.000000e+000  0.000000e+000  0.000000e+000  0.000000e+000  0.000000e+000  0.000000e+000  0.000000e+000  
0.000000e+000  0.000000e+000  0.000000e+000  0.000000e+000  0.000000e+000  0.000000e+000  0.000000e+000  0.000000e+000  0.000000e+000  0.000000e+000  0.000000e+000  0.000000e+000  
0.000000e+000  0.000000e+000  0.000000e+000  0.000000e+000  0.000000e+000  0.000000e+000  0.000000e+000  0.000000e+000  0.000000e+000  0.000000e+000  0.000000e+000  0.000000e+000  
0.000000e+000  0.000000e+000  0.000000e+000  0.000000e+000  0.000000e+000  0.000000e+000  0.000000e+000  0.000000e+000  0.000000e+000  0.000000e+000  0.000000e+000  0.000000e+000  
0.000000e+000  0.000000e+000  0.000000e+000  0.000000e+000  0.000000e+000  0.000000e+000  0.000000e+000  0.000000e+000  0.000000e+000  0.000000e+000  0.000000e+000  0.000000e+000  
0.000000e+000  0.000000e+000  0.000000e+000  0.000000e+000  0.000000e+000  0.000000e+000  0.000000e+000  0.000000e+000  0.000000e+000  0.000000e+000  0.000000e+000  0.000000e+000  
0.000000e+000  0.000000e+000  0.000000e+000  0.000000e+000  0.000000e+000  0.000000e+000  0.000000e+000  0.000000e+000  0.000000e+000  0.000000e+000  0.000000e+000  0.000000e+000  
0.000000e+000  0.000000e+000  0.000000e+000  0.000000e+000  0.000000e+000  0.000000e+000  0.000000e+000  0.000000e+000  0.000000e+000  0.000000e+000  0.000000e+000  0.000000e+000  
0.000000e+000  0.000000e+000  0.000000e+000  0.000000e+000  0.000000e+000  0.000000e+000  0.000000e+000  0.000000e+000  0.000000e+000  0.000000e+000  0.000000e+000  0.000000e+000  
0.000000e+000  0.000000e+000  0.000000e+000  0.000000e+000  0.000000e+000  0.000000e+000  0.000000e+000  0.000000e+000  0.000000e+000  0.000000e+000  0.000000e+000  0.000000e+000  
0.000000e+000  0.000000e+000  0.000000e+000  0.000000e+000  0.000000e+000  0.000000e+000  0.000000e+000  0.000000e+000  0.000000e+000  0.000000e+000  0.000000e+000  0.000000e+000  
0.000000e+000  0.000000e+000  0.000000e+000  0.000000e+000  0.000000e+000  0.000000e+000  0.000000e+000  0.000000e+000  0.000000e+000  0.000000e+000  0.000000e+000  0.000000e+000  
0.000000e+000  0.000000e+000  0.000000e+000  0.000000e+000  0.000000e+000  0.000000e+000  0.000000e+000  0.000000e+000  0.000000e+000  0.000000e+000  0.000000e+000  0.000000e+000  
0.000000e+000  0.000000e+000  0.000000e+000  0.000000e+000  0.000000e+000  0.000000e+000  0.000000e+000  0.000000e+000  0.000000e+000  0.000000e+000  0.000000e+000  0.000000e+000  
0.000000e+000  0.000000e+000  0.000000e+000  0.000000e+000  0.000000e+000  0.000000e+000  0.000000e+000  0.000000e+000  0.000000e+000  0.000000e+000  0.000000e+000  0.000000e+000  
0.000000e+000  0.000000e+000  0.000000e+000  0.000000e+000  0.000000e+000  0.000000e+000  0.000000e+000  0.000000e+000  0.000000e+000  0.000000e+000  0.000000e+000  0.000000e+000  
0.000000e+000  0.000000e+000  0.000000e+000  0.000000e+000  0.000000e+000  0.000000e+000  0.000000e+000  0.000000e+000  0.000000e+000  0.000000e+000  0.000000e+000  0.000000e+000  
0.000000e+000  0.000000e+000  0.000000e+000  0.000000e+000  0.000000e+000  0.000000e+000  0.000000e+000  0.000000e+000  0.000000e+000  0.000000e+000  0.000000e+000  0.000000e+000  
0.000000e+000  0.000000e+000  0.000000e+000  0.000000e+000  0.000000e+000  0.000000e+000  0.000000e+000  0.000000e+000  0.000000e+000  0.000000e+000  0.000000e+000  0.000000e+000  
0.000000e+000  0.000000e+000  0.000000e+000  0.000000e+000  0.000000e+000  0.000000e+000  0.000000e+000  0.000000e+000  0.000000e+000  0.000000e+000  0.000000e+000  0.000000e+000  

0.000000e+000  0.000000e+000  0.000000e+000  0.000000e+000  0.000000e+000  0.000000e+000  0.000000e+000  0.000000e+000  0.000000e+000  0.000000e+000  0.000000e+000  0.000000e+000  
0.000000e+000  0.000000e+000  0.000000e+000  0.000000e+000  0.000000e+000  0.000000e+000  0.000000e+000  0.000000e+000  0.000000e+000  0.000000e+000  0.000000e+000  0.000000e+000  
0.000000e+000  0.000000e+000  0.000000e+000  0.000000e+000  0.000000e+000  0.000000e+000  0.000000e+000  0.000000e+000  0.000000e+000  0.000000e+000  0.000000e+000  0.000000e+000  
0.000000e+000  0.000000e+000  0.000000e+000  0.000000e+000  0.000000e+000  0.000000e+000  0.000000e+000  0.000000e+000  0.000000e+000  0.000000e+000  0.000000e+000  0.000000e+000  
0.000000e+000  0.000000e+000  0.000000e+000  0.000000e+000  0.000000e+000  0.000000e+000  0.000000e+000  0.000000e+000  0.000000e+000  0.000000e+000  0.000000e+000  0.000000e+000  
0.000000e+000  0.000000e+000  0.000000e+000  0.000000e+000  0.000000e+000  0.000000e+000  0.000000e+000  0.000000e+000  0.000000e+000  0.000000e+000  0.000000e+000  0.000000e+000  
0.000000e+000  0.000000e+000  0.000000e+000  0.000000e+000  0.000000e+000  0.000000e+000  0.000000e+000  0.000000e+000  0.000000e+000  0.000000e+000  0.000000e+000  0.000000e+000  
0.000000e+000  0.000000e+000  0.000000e+000  0.000000e+000  0.000000e+000  0.000000e+000  0.000000e+000  0.000000e+000  0.000000e+000  0.000000e+000  0.000000e+000  0.000000e+000  
0.000000e+000  0.000000e+000  0.000000e+000  0.000000e+000  0.000000e+000  0.000000e+000  0.000000e+000  0.000000e+000  0.000000e+000  0.000000e+000  0.000000e+000  0.000000e+000  
0.000000e+000  0.000000e+000  0.000000e+000  0.000000e+000  0.000000e+000  0.000000e+000  0.000000e+000  0.000000e+000  0.000000e+000  0.000000e+000  0.000000e+000  0.000000e+000  
0.000000e+000  0.000000e+000  0.000000e+000  0.000000e+000  0.000000e+000  0.000000e+000  0.000000e+000  0.000000e+000  0.000000e+000  0.000000e+000  0.000000e+000  0.000000e+000  
0.000000e+000  0.000000e+000  0.000000e+000  0.000000e+000  0.000000e+000  0.000000e+000  0.000000e+000  0.000000e+000  0.000000e+000  0.000000e+000  0.000000e+000  0.000000e+000  
0.000000e+000  0.000000e+000  0.000000e+000  0.000000e+000  0.000000e+000  0.000000e+000  0.000000e+000  0.000000e+000  0.000000e+000  0.000000e+000  0.000000e+000  0.000000e+000  
0.000000e+000  0.000000e+000  0.000000e+000  0.000000e+000  0.000000e+000  0.000000e+000  0.000000e+000  0.000000e+000  0.000000e+000  0.000000e+000  0.000000e+000  0.000000e+000  
0.000000e+000  0.000000e+000  0.000000e+000  0.000000e+000  0.000000e+000  0.000000e+000  0.000000e+000  0.000000e+000  0.000000e+000  0.000000e+000  0.000000e+000  0.000000e+000  
0.000000e+000  0.000000e+000  0.000000e+000  0.000000e+000  0.000000e+000  0.000000e+000  0.000000e+000  0.000000e+000  0.000000e+000  0.000000e+000  0.000000e+000  0.000000e+000  
0.000000e+000  0.000000e+000  0.000000e+000  0.000000e+000  0.000000e+000  0.000000e+000  0.000000e+000  0.000000e+000  0.000000e+000  0.000000e+000  0.000000e+000  0.000000e+000  
0.000000e+000  0.000000e+000  0.000000e+000  0.000000e+000  0.000000e+000  0.000000e+000  0.000000e+000  0.000000e+000  0.000000e+000  0.000000e+000  0.000000e+000  0.000000e+000  
0.000000e+000  0.000000e+000  0.000000e+000  0.000000e+000  0.000000e+000  0.000000e+000  0.000000e+000  0.000000e+000  0.000000e+000  0.000000e+000  0.000000e+000  0.000000e+000  
0.000000e+000  0.000000e+000  0.000000e+000  0.000000e+000  0.000000e+000  0.000000e+000  0.000000e+000  0.000000e+000  0.000000e+000  0.000000e+000  0.000000e+000  0.000000e+000  
0.000000e+000  0.000000e+000  0.000000e+000  0.000000e+000  0.000000e+000  0.000000e+000  0.000000e+000  0.000000e+000  0.000000e+000  0.000000e+000  0.000000e+000  0.000000e+000  

4.195946e+000  4.195943e+000  4.195937e+000  4.195926e+000  4.195903e+000  4.195862e+000  4.195803e+000  4.195728e+000  4.195651e+000  4.195556e+000  4.195402e+000  0.000000e+000  
4.156523e+000  4.156520e+000  4.156515e+000  4.156504e+000  4.156482e+000  4.156443e+000  4.156386e+000  4.156320e+000  4.156257e+000  4.156195e+000  4.156134e+000  0.000000e+000  
4.077970e+000  4.077967e+000  4.077962e+000  4.077951e+000  4.077931e+000  4.077894e+000  4.077844e+000  4.077788e+000  4.077742e+000  4.077702e+000  4.077673e+000  0.000000e+000  
3.938770e+000  3.938767e+000  3.938762e+000  3.938753e+000  3.938734e+000  3.938702e+000  3.938659e+000  3.938616e+000  3.938585e+000  3.938562e+000  3.938548e+000  0.000000e+000  
3.661106e+000  3.661104e+000  3.661100e+000  3.661092e+000  3.661076e+000  3.661051e+000  3.661019e+000  3.660991e+000  3.660972e+000  3.660960e+000  3.660953e+000  0.000000e+000  
3.204275e+000  3.204273e+000  3.204270e+000  3.204264e+000  3.204252e+000  3.204234e+000  3.204212e+000  3.204195e+000  3.204184e+000  3.204177e+000  3.204173e+000  0.000000e+000  
2.623286e+000  2.623285e+000  2.623282e+000  2.623278e+000  2.623270e+000  2.623257e+000  2.623243e+000  2.623232e+000  2.623226e+000  2.623222e+000  2.623220e+000  0.000000e+000  
1.945854e+000  1.945853e+000  1.945851e+000  1.945849e+000  1.945843e+000  1.945835e+000  1.945827e+000  1.945820e+000  1.945816e+000  1.945814e+000  1.945813e+000  0.000000e+000  
1.196884e+000  1.196883e+000  1.196883e+000  1.196881e+000  1.196878e+000  1.196874e+000  1.196869e+000  1.196865e+000  1.196863e+000  1.196862e+000  1.196862e+000  0.000000e+000  
4.039112e-001  4.039110e-001  4.039107e-001  4.039102e-001  4.039093e-001  4.039078e-001  4.039063e-001  4.039052e-001  4.039046e-001  4.039043e-001  4.039041e-001  0.000000e+000  
-4.039112e-001  -4.039110e-001  -4.039107e-001  -4.039102e-001  -4.039093e-001  -4.039078e-001  -4.039063e-001  -4.039052e-001  -4.039046e-001  -4.039043e-001  -4.039041e-001  0.000000e+000  
-1.196884e+000  -1.196883e+000  -1.196883e+000  -1.196881e+000  -1.196878e+000  -1.196874e+000  -1.196869e+000  -1.196865e+000  -1.196863e+000  -1.196862e+000  -1.196862e+000  0.000000e+000  
-1.945854e+000  -1.945853e+000  -1.945851e+000  -1.945849e+000  -1.945843e+000  -1.945835e+000  -1.945827e+000  -1.945820e+000  -1.945816e+000  -1.945814e+000  -1.945813e+000  0.000000e+000  
-2.623286e+000  -2.623285e+000  -2.623282e+000  -2.623278e+000  -2.623270e+000  -2.623257e+000  -2.623243e+000  -2.623232e+000  -2.623226e+000  -2.623222e+000  -2.623220e+000  0.000000e+000  
-3.204275e+000  -3.204273e+000  -3.204270e+000  -3.204264e+000  -3.204252e+000  -3.204234e+000  -3.204212e+000  -3.204195e+000  -3.204184e+000  -3.204177e+000  -3.204173e+000  0.000000e+000  
-3.661106e+000  -3.661104e+000  -3.661100e+000  -3.661092e+000  -3.661076e+000  -3.661051e+000  -3.661019e+000  -3.660991e+000  -3.660972e+000  -3.660960e+000  -3.660953e+000  0.000000e+000  
-3.938770e+000  -3.938767e+000  -3.938762e+000  -3.938753e+000  -3.938734e+000  -3.938702e+000  -3.938659e+000  -3.938616e+000  -3.938585e+000  -3.938562e+000  -3.938548e+000  0.000000e+000  
-4.077970e+000  -4.077967e+000  -4.077962e+000  -4.077951e+000  -4.077931e+000  -4.077894e+000  -4.077844e+000  -4.077788e+000  -4.077742e+000  -4.077702e+000  -4.077673e+000  0.000000e+000  
-4.156523e+000  -4.156520e+000  -4.156515e+000  -4.156504e+000  -4.156482e+000  -4.156443e+000  -4.156386e+000  -4.156320e+000  -4.156257e+000  -4.156195e+000  -4.156134e+000  0.000000e+000  
-4.195946e+000  -4.195943e+000  -4.195937e+000  -4.195926e+000  -4.195903e+000  -4.195862e+000  -4.195803e+000  -4.195728e+000  -4.195651e+000  -4.195556e+000  -4.195402e+000  0.000000e+000  
0.000000e+000  0.000000e+000  0.000000e+000  0.000000e+000  0.000000e+000  0.000000e+000  0.000000e+000  0.000000e+000  0.000000e+000  0.000000e+000  0.000000e+000  0.000000e+000  

