Port monitor named: Port2_h1[9].prt

nx        = 66
ny        = 32
nz        = 85

nu        = 21
nv        = 12
iu        = 10
iv        = 11

idir      = 2
dcut      = 9.000000e-002
icut      = 79
type      = 1
frequency = 9.000000e+009

fcutoff   = 6.554860e+009
alpha     = 0.000000e+000
beta      = 1.292172e+002
accuracy  = 2.544430e-011

type          = TE
wave imp.     = 5.499357e+002
wave imp.sig. = 1.055570e-005
line imp.     = 0.000000e+000

ref. port     = 0

-0.000000e+000  -3.824729e-001  -7.617343e-001  -1.133829e+000  -1.630158e+000  -2.272346e+000  -2.850267e+000  -3.323404e+000  -3.674362e+000  -3.890234e+000  -3.963085e+000  -3.890234e+000  -3.674362e+000  -3.323404e+000  -2.850267e+000  -2.272346e+000  -1.630158e+000  -1.133829e+000  -7.617343e-001  -3.824729e-001  -0.000000e+000  
-0.000000e+000  -3.824722e-001  -7.617330e-001  -1.133827e+000  -1.630156e+000  -2.272343e+000  -2.850264e+000  -3.323402e+000  -3.674360e+000  -3.890233e+000  -3.963083e+000  -3.890233e+000  -3.674360e+000  -3.323402e+000  -2.850264e+000  -2.272343e+000  -1.630156e+000  -1.133827e+000  -7.617330e-001  -3.824722e-001  -0.000000e+000  
-0.000000e+000  -3.824708e-001  -7.617302e-001  -1.133823e+000  -1.630151e+000  -2.272338e+000  -2.850260e+000  -3.323398e+000  -3.674356e+000  -3.890230e+000  -3.963080e+000  -3.890230e+000  -3.674356e+000  -3.323398e+000  -2.850260e+000  -2.272338e+000  -1.630151e+000  -1.133823e+000  -7.617302e-001  -3.824708e-001  -0.000000e+000  
-0.000000e+000  -3.824680e-001  -7.617250e-001  -1.133816e+000  -1.630142e+000  -2.272329e+000  -2.850251e+000  -3.323391e+000  -3.674350e+000  -3.890225e+000  -3.963075e+000  -3.890225e+000  -3.674350e+000  -3.323391e+000  -2.850251e+000  -2.272329e+000  -1.630142e+000  -1.133816e+000  -7.617249e-001  -3.824680e-001  -0.000000e+000  
-0.000000e+000  -3.824615e-001  -7.617129e-001  -1.133800e+000  -1.630123e+000  -2.272309e+000  -2.850234e+000  -3.323377e+000  -3.674339e+000  -3.890215e+000  -3.963066e+000  -3.890215e+000  -3.674339e+000  -3.323377e+000  -2.850234e+000  -2.272309e+000  -1.630123e+000  -1.133800e+000  -7.617129e-001  -3.824615e-001  -0.000000e+000  
-0.000000e+000  -3.824466e-001  -7.616859e-001  -1.133765e+000  -1.630084e+000  -2.272274e+000  -2.850206e+000  -3.323355e+000  -3.674321e+000  -3.890200e+000  -3.963052e+000  -3.890200e+000  -3.674321e+000  -3.323355e+000  -2.850206e+000  -2.272274e+000  -1.630084e+000  -1.133765e+000  -7.616859e-001  -3.824466e-001  -0.000000e+000  
-0.000000e+000  -3.824136e-001  -7.616307e-001  -1.133700e+000  -1.630020e+000  -2.272223e+000  -2.850169e+000  -3.323329e+000  -3.674302e+000  -3.890184e+000  -3.963037e+000  -3.890184e+000  -3.674302e+000  -3.323329e+000  -2.850169e+000  -2.272224e+000  -1.630020e+000  -1.133700e+000  -7.616307e-001  -3.824136e-001  -0.000000e+000  
-0.000000e+000  -3.823391e-001  -7.615250e-001  -1.133594e+000  -1.629936e+000  -2.272170e+000  -2.850136e+000  -3.323307e+000  -3.674287e+000  -3.890172e+000  -3.963027e+000  -3.890172e+000  -3.674287e+000  -3.323307e+000  -2.850136e+000  -2.272170e+000  -1.629936e+000  -1.133594e+000  -7.615250e-001  -3.823391e-001  -0.000000e+000  
-0.000000e+000  -3.821934e-001  -7.613694e-001  -1.133472e+000  -1.629861e+000  -2.272131e+000  -2.850114e+000  -3.323294e+000  -3.674278e+000  -3.890165e+000  -3.963021e+000  -3.890165e+000  -3.674278e+000  -3.323294e+000  -2.850114e+000  -2.272131e+000  -1.629861e+000  -1.133472e+000  -7.613694e-001  -3.821934e-001  -0.000000e+000  
-0.000000e+000  -3.818799e-001  -7.611474e-001  -1.133342e+000  -1.629797e+000  -2.272103e+000  -2.850100e+000  -3.323286e+000  -3.674273e+000  -3.890162e+000  -3.963017e+000  -3.890162e+000  -3.674273e+000  -3.323286e+000  -2.850100e+000  -2.272103e+000  -1.629797e+000  -1.133342e+000  -7.611474e-001  -3.818799e-001  -0.000000e+000  
-0.000000e+000  -3.809793e-001  -7.608372e-001  -1.133221e+000  -1.629753e+000  -2.272087e+000  -2.850093e+000  -3.323282e+000  -3.674270e+000  -3.890160e+000  -3.963015e+000  -3.890160e+000  -3.674270e+000  -3.323282e+000  -2.850093e+000  -2.272087e+000  -1.629753e+000  -1.133221e+000  -7.608372e-001  -3.809793e-001  -0.000000e+000  
-0.000000e+000  -0.000000e+000  -0.000000e+000  -0.000000e+000  -0.000000e+000  -0.000000e+000  -0.000000e+000  -0.000000e+000  -0.000000e+000  -0.000000e+000  -0.000000e+000  -0.000000e+000  -0.000000e+000  -0.000000e+000  -0.000000e+000  -0.000000e+000  -0.000000e+000  -0.000000e+000  -0.000000e+000  -0.000000e+000  -0.000000e+000  

-0.000000e+000  -0.000000e+000  -0.000000e+000  -0.000000e+000  -0.000000e+000  -0.000000e+000  -0.000000e+000  -0.000000e+000  -0.000000e+000  -0.000000e+000  -0.000000e+000  -0.000000e+000  -0.000000e+000  -0.000000e+000  -0.000000e+000  -0.000000e+000  -0.000000e+000  -0.000000e+000  -0.000000e+000  -0.000000e+000  -0.000000e+000  
-2.975081e-005  -2.904554e-005  -2.770051e-005  -2.548264e-005  -2.161985e-005  -1.667799e-005  -1.201297e-005  -7.967238e-006  -4.510805e-006  -1.456947e-006  1.456801e-006  4.511698e-006  7.966202e-006  1.201319e-005  1.667829e-005  2.161996e-005  2.548365e-005  2.769338e-005  2.905345e-005  2.974799e-005  -0.000000e+000  
-5.992348e-005  -5.844975e-005  -5.565826e-005  -5.106479e-005  -4.314251e-005  -3.311111e-005  -2.376042e-005  -1.571029e-005  -8.879120e-006  -2.865406e-006  2.865709e-006  8.878907e-006  1.570991e-005  2.376040e-005  3.311183e-005  4.314209e-005  5.106439e-005  5.565987e-005  5.844735e-005  5.992487e-005  -0.000000e+000  
-9.099159e-005  -8.862387e-005  -8.413452e-005  -7.685046e-005  -6.444142e-005  -4.903185e-005  -3.495721e-005  -2.300138e-005  -1.295857e-005  -4.174664e-006  4.174653e-006  1.295866e-005  2.300088e-005  3.495760e-005  4.903178e-005  6.444118e-005  7.685045e-005  8.413712e-005  8.861990e-005  9.099367e-005  -0.000000e+000  
-1.357453e-004  -1.317678e-004  -1.243396e-004  -1.124086e-004  -9.274588e-005  -6.948218e-005  -4.884320e-005  -3.182201e-005  -1.781720e-005  -5.723334e-006  5.723269e-006  1.781768e-005  3.182121e-005  4.884321e-005  6.948255e-005  9.274492e-005  1.124110e-004  1.243371e-004  1.317688e-004  1.357454e-004  -0.000000e+000  
-2.063948e-004  -1.986023e-004  -1.845125e-004  -1.629207e-004  -1.296553e-004  -9.361638e-005  -6.394898e-005  -4.083192e-005  -2.257502e-005  -7.208208e-006  7.208107e-006  2.257548e-005  4.083134e-005  6.394912e-005  9.361589e-005  1.296555e-004  1.629220e-004  1.845114e-004  1.986016e-004  2.063956e-004  -0.000000e+000  
-3.012741e-004  -2.840979e-004  -2.553377e-004  -2.149486e-004  -1.599108e-004  -1.086408e-004  -7.102050e-005  -4.403946e-005  -2.392454e-005  -7.576735e-006  7.576662e-006  2.392471e-005  4.403917e-005  7.102025e-005  1.086409e-004  1.599111e-004  2.149489e-004  2.553389e-004  2.840982e-004  3.012723e-004  -0.000000e+000  
-4.451163e-004  -3.991551e-004  -3.338675e-004  -2.562647e-004  -1.706287e-004  -1.062204e-004  -6.560949e-005  -3.929838e-005  -2.093505e-005  -6.571578e-006  6.571512e-006  2.093460e-005  3.929843e-005  6.560975e-005  1.062205e-004  1.706284e-004  2.562650e-004  3.338684e-004  3.991553e-004  4.451157e-004  -0.000000e+000  
-6.400221e-004  -5.158179e-004  -3.832342e-004  -2.594436e-004  -1.532959e-004  -8.849224e-005  -5.236730e-005  -3.063932e-005  -1.611961e-005  -5.032476e-006  5.033076e-006  1.611993e-005  3.063792e-005  5.236749e-005  8.849274e-005  1.532956e-004  2.594444e-004  3.832348e-004  5.158166e-004  6.400218e-004  -0.000000e+000  
-9.209592e-004  -6.054459e-004  -3.819150e-004  -2.254468e-004  -1.201524e-004  -6.560432e-005  -3.777472e-005  -2.179113e-005  -1.138394e-005  -3.543646e-006  3.543921e-006  1.138343e-005  2.179129e-005  3.777509e-005  6.560376e-005  1.201531e-004  2.254460e-004  3.819147e-004  6.054454e-004  9.209603e-004  -0.000000e+000  
-1.504970e-003  -5.986072e-004  -2.862014e-004  -1.410318e-004  -6.754358e-005  -3.517229e-005  -1.984069e-005  -1.133429e-005  -5.893606e-006  -1.831558e-006  1.831041e-006  5.893371e-006  1.133584e-005  1.984023e-005  3.517229e-005  6.754276e-005  1.410332e-004  2.861972e-004  5.986115e-004  1.504969e-003  -0.000000e+000  
-0.000000e+000  -0.000000e+000  -0.000000e+000  -0.000000e+000  -0.000000e+000  -0.000000e+000  -0.000000e+000  -0.000000e+000  -0.000000e+000  -0.000000e+000  -0.000000e+000  -0.000000e+000  -0.000000e+000  -0.000000e+000  -0.000000e+000  -0.000000e+000  -0.000000e+000  -0.000000e+000  -0.000000e+000  -0.000000e+000  -0.000000e+000  

0.000000e+000  0.000000e+000  0.000000e+000  0.000000e+000  0.000000e+000  0.000000e+000  0.000000e+000  0.000000e+000  0.000000e+000  0.000000e+000  0.000000e+000  0.000000e+000  0.000000e+000  0.000000e+000  0.000000e+000  0.000000e+000  0.000000e+000  0.000000e+000  0.000000e+000  0.000000e+000  0.000000e+000  
0.000000e+000  0.000000e+000  0.000000e+000  0.000000e+000  0.000000e+000  0.000000e+000  0.000000e+000  0.000000e+000  0.000000e+000  0.000000e+000  0.000000e+000  0.000000e+000  0.000000e+000  0.000000e+000  0.000000e+000  0.000000e+000  0.000000e+000  0.000000e+000  0.000000e+000  0.000000e+000  0.000000e+000  
0.000000e+000  0.000000e+000  0.000000e+000  0.000000e+000  0.000000e+000  0.000000e+000  0.000000e+000  0.000000e+000  0.000000e+000  0.000000e+000  0.000000e+000  0.000000e+000  0.000000e+000  0.000000e+000  0.000000e+000  0.000000e+000  0.000000e+000  0.000000e+000  0.000000e+000  0.000000e+000  0.000000e+000  
0.000000e+000  0.000000e+000  0.000000e+000  0.000000e+000  0.000000e+000  0.000000e+000  0.000000e+000  0.000000e+000  0.000000e+000  0.000000e+000  0.000000e+000  0.000000e+000  0.000000e+000  0.000000e+000  0.000000e+000  0.000000e+000  0.000000e+000  0.000000e+000  0.000000e+000  0.000000e+000  0.000000e+000  
0.000000e+000  0.000000e+000  0.000000e+000  0.000000e+000  0.000000e+000  0.000000e+000  0.000000e+000  0.000000e+000  0.000000e+000  0.000000e+000  0.000000e+000  0.000000e+000  0.000000e+000  0.000000e+000  0.000000e+000  0.000000e+000  0.000000e+000  0.000000e+000  0.000000e+000  0.000000e+000  0.000000e+000  
0.000000e+000  0.000000e+000  0.000000e+000  0.000000e+000  0.000000e+000  0.000000e+000  0.000000e+000  0.000000e+000  0.000000e+000  0.000000e+000  0.000000e+000  0.000000e+000  0.000000e+000  0.000000e+000  0.000000e+000  0.000000e+000  0.000000e+000  0.000000e+000  0.000000e+000  0.000000e+000  0.000000e+000  
0.000000e+000  0.000000e+000  0.000000e+000  0.000000e+000  0.000000e+000  0.000000e+000  0.000000e+000  0.000000e+000  0.000000e+000  0.000000e+000  0.000000e+000  0.000000e+000  0.000000e+000  0.000000e+000  0.000000e+000  0.000000e+000  0.000000e+000  0.000000e+000  0.000000e+000  0.000000e+000  0.000000e+000  
0.000000e+000  0.000000e+000  0.000000e+000  0.000000e+000  0.000000e+000  0.000000e+000  0.000000e+000  0.000000e+000  0.000000e+000  0.000000e+000  0.000000e+000  0.000000e+000  0.000000e+000  0.000000e+000  0.000000e+000  0.000000e+000  0.000000e+000  0.000000e+000  0.000000e+000  0.000000e+000  0.000000e+000  
0.000000e+000  0.000000e+000  0.000000e+000  0.000000e+000  0.000000e+000  0.000000e+000  0.000000e+000  0.000000e+000  0.000000e+000  0.000000e+000  0.000000e+000  0.000000e+000  0.000000e+000  0.000000e+000  0.000000e+000  0.000000e+000  0.000000e+000  0.000000e+000  0.000000e+000  0.000000e+000  0.000000e+000  
0.000000e+000  0.000000e+000  0.000000e+000  0.000000e+000  0.000000e+000  0.000000e+000  0.000000e+000  0.000000e+000  0.000000e+000  0.000000e+000  0.000000e+000  0.000000e+000  0.000000e+000  0.000000e+000  0.000000e+000  0.000000e+000  0.000000e+000  0.000000e+000  0.000000e+000  0.000000e+000  0.000000e+000  
0.000000e+000  0.000000e+000  0.000000e+000  0.000000e+000  0.000000e+000  0.000000e+000  0.000000e+000  0.000000e+000  0.000000e+000  0.000000e+000  0.000000e+000  0.000000e+000  0.000000e+000  0.000000e+000  0.000000e+000  0.000000e+000  0.000000e+000  0.000000e+000  0.000000e+000  0.000000e+000  0.000000e+000  
0.000000e+000  0.000000e+000  0.000000e+000  0.000000e+000  0.000000e+000  0.000000e+000  0.000000e+000  0.000000e+000  0.000000e+000  0.000000e+000  0.000000e+000  0.000000e+000  0.000000e+000  0.000000e+000  0.000000e+000  0.000000e+000  0.000000e+000  0.000000e+000  0.000000e+000  0.000000e+000  0.000000e+000  

0.000000e+000  0.000000e+000  0.000000e+000  0.000000e+000  0.000000e+000  0.000000e+000  0.000000e+000  0.000000e+000  0.000000e+000  0.000000e+000  0.000000e+000  0.000000e+000  0.000000e+000  0.000000e+000  0.000000e+000  0.000000e+000  0.000000e+000  0.000000e+000  0.000000e+000  0.000000e+000  0.000000e+000  
0.000000e+000  0.000000e+000  0.000000e+000  0.000000e+000  0.000000e+000  0.000000e+000  0.000000e+000  0.000000e+000  0.000000e+000  0.000000e+000  0.000000e+000  0.000000e+000  0.000000e+000  0.000000e+000  0.000000e+000  0.000000e+000  0.000000e+000  0.000000e+000  0.000000e+000  0.000000e+000  0.000000e+000  
0.000000e+000  0.000000e+000  0.000000e+000  0.000000e+000  0.000000e+000  0.000000e+000  0.000000e+000  0.000000e+000  0.000000e+000  0.000000e+000  0.000000e+000  0.000000e+000  0.000000e+000  0.000000e+000  0.000000e+000  0.000000e+000  0.000000e+000  0.000000e+000  0.000000e+000  0.000000e+000  0.000000e+000  
0.000000e+000  0.000000e+000  0.000000e+000  0.000000e+000  0.000000e+000  0.000000e+000  0.000000e+000  0.000000e+000  0.000000e+000  0.000000e+000  0.000000e+000  0.000000e+000  0.000000e+000  0.000000e+000  0.000000e+000  0.000000e+000  0.000000e+000  0.000000e+000  0.000000e+000  0.000000e+000  0.000000e+000  
0.000000e+000  0.000000e+000  0.000000e+000  0.000000e+000  0.000000e+000  0.000000e+000  0.000000e+000  0.000000e+000  0.000000e+000  0.000000e+000  0.000000e+000  0.000000e+000  0.000000e+000  0.000000e+000  0.000000e+000  0.000000e+000  0.000000e+000  0.000000e+000  0.000000e+000  0.000000e+000  0.000000e+000  
0.000000e+000  0.000000e+000  0.000000e+000  0.000000e+000  0.000000e+000  0.000000e+000  0.000000e+000  0.000000e+000  0.000000e+000  0.000000e+000  0.000000e+000  0.000000e+000  0.000000e+000  0.000000e+000  0.000000e+000  0.000000e+000  0.000000e+000  0.000000e+000  0.000000e+000  0.000000e+000  0.000000e+000  
0.000000e+000  0.000000e+000  0.000000e+000  0.000000e+000  0.000000e+000  0.000000e+000  0.000000e+000  0.000000e+000  0.000000e+000  0.000000e+000  0.000000e+000  0.000000e+000  0.000000e+000  0.000000e+000  0.000000e+000  0.000000e+000  0.000000e+000  0.000000e+000  0.000000e+000  0.000000e+000  0.000000e+000  
0.000000e+000  0.000000e+000  0.000000e+000  0.000000e+000  0.000000e+000  0.000000e+000  0.000000e+000  0.000000e+000  0.000000e+000  0.000000e+000  0.000000e+000  0.000000e+000  0.000000e+000  0.000000e+000  0.000000e+000  0.000000e+000  0.000000e+000  0.000000e+000  0.000000e+000  0.000000e+000  0.000000e+000  
0.000000e+000  0.000000e+000  0.000000e+000  0.000000e+000  0.000000e+000  0.000000e+000  0.000000e+000  0.000000e+000  0.000000e+000  0.000000e+000  0.000000e+000  0.000000e+000  0.000000e+000  0.000000e+000  0.000000e+000  0.000000e+000  0.000000e+000  0.000000e+000  0.000000e+000  0.000000e+000  0.000000e+000  
0.000000e+000  0.000000e+000  0.000000e+000  0.000000e+000  0.000000e+000  0.000000e+000  0.000000e+000  0.000000e+000  0.000000e+000  0.000000e+000  0.000000e+000  0.000000e+000  0.000000e+000  0.000000e+000  0.000000e+000  0.000000e+000  0.000000e+000  0.000000e+000  0.000000e+000  0.000000e+000  0.000000e+000  
0.000000e+000  0.000000e+000  0.000000e+000  0.000000e+000  0.000000e+000  0.000000e+000  0.000000e+000  0.000000e+000  0.000000e+000  0.000000e+000  0.000000e+000  0.000000e+000  0.000000e+000  0.000000e+000  0.000000e+000  0.000000e+000  0.000000e+000  0.000000e+000  0.000000e+000  0.000000e+000  0.000000e+000  
0.000000e+000  0.000000e+000  0.000000e+000  0.000000e+000  0.000000e+000  0.000000e+000  0.000000e+000  0.000000e+000  0.000000e+000  0.000000e+000  0.000000e+000  0.000000e+000  0.000000e+000  0.000000e+000  0.000000e+000  0.000000e+000  0.000000e+000  0.000000e+000  0.000000e+000  0.000000e+000  0.000000e+000  

0.000000e+000  0.000000e+000  0.000000e+000  0.000000e+000  0.000000e+000  0.000000e+000  0.000000e+000  0.000000e+000  0.000000e+000  0.000000e+000  0.000000e+000  0.000000e+000  0.000000e+000  0.000000e+000  0.000000e+000  0.000000e+000  0.000000e+000  0.000000e+000  0.000000e+000  0.000000e+000  0.000000e+000  
0.000000e+000  0.000000e+000  0.000000e+000  0.000000e+000  0.000000e+000  0.000000e+000  0.000000e+000  0.000000e+000  0.000000e+000  0.000000e+000  0.000000e+000  0.000000e+000  0.000000e+000  0.000000e+000  0.000000e+000  0.000000e+000  0.000000e+000  0.000000e+000  0.000000e+000  0.000000e+000  0.000000e+000  
0.000000e+000  0.000000e+000  0.000000e+000  0.000000e+000  0.000000e+000  0.000000e+000  0.000000e+000  0.000000e+000  0.000000e+000  0.000000e+000  0.000000e+000  0.000000e+000  0.000000e+000  0.000000e+000  0.000000e+000  0.000000e+000  0.000000e+000  0.000000e+000  0.000000e+000  0.000000e+000  0.000000e+000  
0.000000e+000  0.000000e+000  0.000000e+000  0.000000e+000  0.000000e+000  0.000000e+000  0.000000e+000  0.000000e+000  0.000000e+000  0.000000e+000  0.000000e+000  0.000000e+000  0.000000e+000  0.000000e+000  0.000000e+000  0.000000e+000  0.000000e+000  0.000000e+000  0.000000e+000  0.000000e+000  0.000000e+000  
0.000000e+000  0.000000e+000  0.000000e+000  0.000000e+000  0.000000e+000  0.000000e+000  0.000000e+000  0.000000e+000  0.000000e+000  0.000000e+000  0.000000e+000  0.000000e+000  0.000000e+000  0.000000e+000  0.000000e+000  0.000000e+000  0.000000e+000  0.000000e+000  0.000000e+000  0.000000e+000  0.000000e+000  
0.000000e+000  0.000000e+000  0.000000e+000  0.000000e+000  0.000000e+000  0.000000e+000  0.000000e+000  0.000000e+000  0.000000e+000  0.000000e+000  0.000000e+000  0.000000e+000  0.000000e+000  0.000000e+000  0.000000e+000  0.000000e+000  0.000000e+000  0.000000e+000  0.000000e+000  0.000000e+000  0.000000e+000  
0.000000e+000  0.000000e+000  0.000000e+000  0.000000e+000  0.000000e+000  0.000000e+000  0.000000e+000  0.000000e+000  0.000000e+000  0.000000e+000  0.000000e+000  0.000000e+000  0.000000e+000  0.000000e+000  0.000000e+000  0.000000e+000  0.000000e+000  0.000000e+000  0.000000e+000  0.000000e+000  0.000000e+000  
0.000000e+000  0.000000e+000  0.000000e+000  0.000000e+000  0.000000e+000  0.000000e+000  0.000000e+000  0.000000e+000  0.000000e+000  0.000000e+000  0.000000e+000  0.000000e+000  0.000000e+000  0.000000e+000  0.000000e+000  0.000000e+000  0.000000e+000  0.000000e+000  0.000000e+000  0.000000e+000  0.000000e+000  
0.000000e+000  0.000000e+000  0.000000e+000  0.000000e+000  0.000000e+000  0.000000e+000  0.000000e+000  0.000000e+000  0.000000e+000  0.000000e+000  0.000000e+000  0.000000e+000  0.000000e+000  0.000000e+000  0.000000e+000  0.000000e+000  0.000000e+000  0.000000e+000  0.000000e+000  0.000000e+000  0.000000e+000  
0.000000e+000  0.000000e+000  0.000000e+000  0.000000e+000  0.000000e+000  0.000000e+000  0.000000e+000  0.000000e+000  0.000000e+000  0.000000e+000  0.000000e+000  0.000000e+000  0.000000e+000  0.000000e+000  0.000000e+000  0.000000e+000  0.000000e+000  0.000000e+000  0.000000e+000  0.000000e+000  0.000000e+000  
0.000000e+000  0.000000e+000  0.000000e+000  0.000000e+000  0.000000e+000  0.000000e+000  0.000000e+000  0.000000e+000  0.000000e+000  0.000000e+000  0.000000e+000  0.000000e+000  0.000000e+000  0.000000e+000  0.000000e+000  0.000000e+000  0.000000e+000  0.000000e+000  0.000000e+000  0.000000e+000  0.000000e+000  
0.000000e+000  0.000000e+000  0.000000e+000  0.000000e+000  0.000000e+000  0.000000e+000  0.000000e+000  0.000000e+000  0.000000e+000  0.000000e+000  0.000000e+000  0.000000e+000  0.000000e+000  0.000000e+000  0.000000e+000  0.000000e+000  0.000000e+000  0.000000e+000  0.000000e+000  0.000000e+000  0.000000e+000  

-4.195946e+000  -4.156523e+000  -4.077970e+000  -3.938770e+000  -3.661106e+000  -3.204275e+000  -2.623286e+000  -1.945854e+000  -1.196884e+000  -4.039112e-001  4.039112e-001  1.196884e+000  1.945854e+000  2.623286e+000  3.204275e+000  3.661106e+000  3.938770e+000  4.077970e+000  4.156523e+000  4.195946e+000  -0.000000e+000  
-4.195943e+000  -4.156521e+000  -4.077967e+000  -3.938767e+000  -3.661104e+000  -3.204273e+000  -2.623285e+000  -1.945853e+000  -1.196883e+000  -4.039110e-001  4.039110e-001  1.196883e+000  1.945853e+000  2.623285e+000  3.204273e+000  3.661104e+000  3.938767e+000  4.077967e+000  4.156521e+000  4.195943e+000  -0.000000e+000  
-4.195937e+000  -4.156515e+000  -4.077962e+000  -3.938762e+000  -3.661100e+000  -3.204270e+000  -2.623282e+000  -1.945851e+000  -1.196883e+000  -4.039107e-001  4.039107e-001  1.196883e+000  1.945851e+000  2.623282e+000  3.204270e+000  3.661100e+000  3.938762e+000  4.077962e+000  4.156515e+000  4.195937e+000  -0.000000e+000  
-4.195926e+000  -4.156504e+000  -4.077952e+000  -3.938753e+000  -3.661092e+000  -3.204264e+000  -2.623278e+000  -1.945849e+000  -1.196881e+000  -4.039102e-001  4.039102e-001  1.196881e+000  1.945849e+000  2.623278e+000  3.204264e+000  3.661092e+000  3.938753e+000  4.077952e+000  4.156504e+000  4.195926e+000  -0.000000e+000  
-4.195903e+000  -4.156482e+000  -4.077931e+000  -3.938734e+000  -3.661077e+000  -3.204252e+000  -2.623270e+000  -1.945843e+000  -1.196878e+000  -4.039093e-001  4.039093e-001  1.196878e+000  1.945843e+000  2.623270e+000  3.204252e+000  3.661077e+000  3.938734e+000  4.077931e+000  4.156482e+000  4.195903e+000  -0.000000e+000  
-4.195862e+000  -4.156443e+000  -4.077894e+000  -3.938702e+000  -3.661051e+000  -3.204234e+000  -2.623257e+000  -1.945835e+000  -1.196874e+000  -4.039078e-001  4.039078e-001  1.196874e+000  1.945835e+000  2.623257e+000  3.204234e+000  3.661051e+000  3.938702e+000  4.077894e+000  4.156443e+000  4.195862e+000  -0.000000e+000  
-4.195803e+000  -4.156386e+000  -4.077844e+000  -3.938659e+000  -3.661019e+000  -3.204212e+000  -2.623243e+000  -1.945827e+000  -1.196869e+000  -4.039063e-001  4.039063e-001  1.196869e+000  1.945827e+000  2.623243e+000  3.204212e+000  3.661019e+000  3.938659e+000  4.077844e+000  4.156386e+000  4.195803e+000  -0.000000e+000  
-4.195728e+000  -4.156320e+000  -4.077788e+000  -3.938616e+000  -3.660991e+000  -3.204195e+000  -2.623232e+000  -1.945820e+000  -1.196865e+000  -4.039052e-001  4.039052e-001  1.196865e+000  1.945820e+000  2.623232e+000  3.204195e+000  3.660991e+000  3.938616e+000  4.077788e+000  4.156320e+000  4.195728e+000  -0.000000e+000  
-4.195651e+000  -4.156257e+000  -4.077742e+000  -3.938585e+000  -3.660972e+000  -3.204184e+000  -2.623226e+000  -1.945816e+000  -1.196863e+000  -4.039046e-001  4.039046e-001  1.196863e+000  1.945816e+000  2.623226e+000  3.204184e+000  3.660972e+000  3.938585e+000  4.077742e+000  4.156257e+000  4.195651e+000  -0.000000e+000  
-4.195556e+000  -4.156195e+000  -4.077702e+000  -3.938562e+000  -3.660960e+000  -3.204177e+000  -2.623222e+000  -1.945814e+000  -1.196862e+000  -4.039043e-001  4.039043e-001  1.196862e+000  1.945814e+000  2.623222e+000  3.204177e+000  3.660960e+000  3.938562e+000  4.077702e+000  4.156195e+000  4.195556e+000  -0.000000e+000  
-4.195402e+000  -4.156134e+000  -4.077673e+000  -3.938548e+000  -3.660953e+000  -3.204174e+000  -2.623220e+000  -1.945813e+000  -1.196862e+000  -4.039041e-001  4.039041e-001  1.196862e+000  1.945813e+000  2.623220e+000  3.204174e+000  3.660953e+000  3.938548e+000  4.077673e+000  4.156134e+000  4.195402e+000  -0.000000e+000  
-0.000000e+000  -0.000000e+000  -0.000000e+000  -0.000000e+000  -0.000000e+000  -0.000000e+000  -0.000000e+000  -0.000000e+000  -0.000000e+000  -0.000000e+000  -0.000000e+000  -0.000000e+000  -0.000000e+000  -0.000000e+000  -0.000000e+000  -0.000000e+000  -0.000000e+000  -0.000000e+000  -0.000000e+000  -0.000000e+000  -0.000000e+000  

