This is LuaHBTeX, Version 1.18.0 (TeX Live 2025/dev/Debian)  (format=lualatex 2025.8.3)  5 AUG 2025 10:48
 restricted system commands enabled.
**lab1-ans.tex
(./lab1-ans.tex
LaTeX2e <2024-11-01> patch level 2
L3 programming layer <2025-01-18>
[\directlua]:1: module 'luaotfload-main' not found:
	no field package.preload['luaotfload-main']
	[kpse lua searcher] file not found: 'luaotfload-main'
Error in luaotfload: reverting to OT1
Inserting `tracingstacklevels' in `input_level_string'.
(/usr/share/texlive/texmf-dist/tex/latex/base/article.cls
Document Class: article 2024/06/29 v1.4n Standard LaTeX document class
(/usr/share/texlive/texmf-dist/tex/latex/base/size10.clo
File: size10.clo 2024/06/29 v1.4n Standard LaTeX file (size option)
LaTeX Font Info:    Trying to load font information for OT1+lmr on input line 5
4.

(/usr/share/texmf/tex/latex/lm/ot1lmr.fd
File: ot1lmr.fd 2015/05/01 v1.6.1 Font defs for Latin Modern
))
\c@part=\count194
\c@section=\count195
\c@subsection=\count196
\c@subsubsection=\count197
\c@paragraph=\count198
\c@subparagraph=\count199
\c@figure=\count266
\c@table=\count267
\abovecaptionskip=\skip49
\belowcaptionskip=\skip50
\bibindent=\dimen140
)
! Undefined control sequence.
l.6 \includepackage
                 {listings}
? 
! Emergency stop.
l.6 
  
End of file on the terminal!



Here is how much of LuaTeX's memory you used:
 271 strings out of 475512
 100000,552014 words of node,token memory allocated 341 words of node memory still in use:
   2 hlist, 1 rule, 1 dir, 48 glue_spec, 1 write nodes
   avail lists: 2:12,3:2,4:1,5:1,7:2,9:3
 23380 multiletter control sequences out of 65536+600000
 15 fonts using 633019 bytes
 42i,0n,39p,172b,84s stack positions out of 10000i,1000n,20000p,200000b,200000s
!  ==> Fatal error occurred, no output PDF file produced!
